Archive member included to satisfy reference by file (symbol)

C:\Program Files (x86)\Cypress\PSoC Creator\4.4\PSoC Creator\psoc\content\CyComponentLibrary\CyComponentLibrary.cylib\CapSense_v3_0\Library\CapSense_Library_GCC_M4.a(CapSense_SmartSense_LL.o)
                              .\CortexM4\ARM_GCC_541\Debug\CapSense_Sensing.o (SmartSense_TunePrescalers)
C:\Program Files (x86)\Cypress\PSoC Creator\4.4\PSoC Creator\psoc\content\CyComponentLibrary\CyComponentLibrary.cylib\CapSense_v3_0\Library\CapSense_Library_GCC_M4.a(CapSense_SmartSense_SL.o)
                              .\CortexM4\ARM_GCC_541\Debug\CapSense_Processing.o (SmartSense_UpdateThresholds)
c:/program files (x86)/cypress/psoc creator/4.4/psoc creator/import/gnu/arm/5.4.1/bin/../lib/gcc/arm-none-eabi/5.4.1/../../../../arm-none-eabi/lib/armv7e-m/softfp\libm.a(lib_a-s_floor.o)
                              .\CortexM4\ARM_GCC_541\Debug\cy_sysclk.o (floor)
c:/program files (x86)/cypress/psoc creator/4.4/psoc creator/import/gnu/arm/5.4.1/bin/../lib/gcc/arm-none-eabi/5.4.1/../../../../arm-none-eabi/lib/armv7e-m/softfp\libm.a(lib_a-s_round.o)
                              .\CortexM4\ARM_GCC_541\Debug\Traitement.o (round)
c:/program files (x86)/cypress/psoc creator/4.4/psoc creator/import/gnu/arm/5.4.1/bin/../lib/gcc/arm-none-eabi/5.4.1/../../../../arm-none-eabi/lib/armv7e-m/softfp\libm.a(lib_a-sf_ceil.o)
                              .\CortexM4\ARM_GCC_541\Debug\cy_sysclk.o (ceilf)
c:/program files (x86)/cypress/psoc creator/4.4/psoc creator/import/gnu/arm/5.4.1/bin/../lib/gcc/arm-none-eabi/5.4.1/../../../../arm-none-eabi/lib/armv7e-m/softfp\libm.a(lib_a-w_log.o)
                              .\CortexM4\ARM_GCC_541\Debug\cy_sysclk.o (log)
c:/program files (x86)/cypress/psoc creator/4.4/psoc creator/import/gnu/arm/5.4.1/bin/../lib/gcc/arm-none-eabi/5.4.1/../../../../arm-none-eabi/lib/armv7e-m/softfp\libm.a(lib_a-w_pow.o)
                              .\CortexM4\ARM_GCC_541\Debug\Communication.o (pow)
c:/program files (x86)/cypress/psoc creator/4.4/psoc creator/import/gnu/arm/5.4.1/bin/../lib/gcc/arm-none-eabi/5.4.1/../../../../arm-none-eabi/lib/armv7e-m/softfp\libm.a(lib_a-w_sqrt.o)
                              .\CortexM4\ARM_GCC_541\Debug\Communication.o (sqrt)
c:/program files (x86)/cypress/psoc creator/4.4/psoc creator/import/gnu/arm/5.4.1/bin/../lib/gcc/arm-none-eabi/5.4.1/../../../../arm-none-eabi/lib/armv7e-m/softfp\libm.a(lib_a-e_log.o)
                              c:/program files (x86)/cypress/psoc creator/4.4/psoc creator/import/gnu/arm/5.4.1/bin/../lib/gcc/arm-none-eabi/5.4.1/../../../../arm-none-eabi/lib/armv7e-m/softfp\libm.a(lib_a-w_log.o) (__ieee754_log)
c:/program files (x86)/cypress/psoc creator/4.4/psoc creator/import/gnu/arm/5.4.1/bin/../lib/gcc/arm-none-eabi/5.4.1/../../../../arm-none-eabi/lib/armv7e-m/softfp\libm.a(lib_a-e_pow.o)
                              c:/program files (x86)/cypress/psoc creator/4.4/psoc creator/import/gnu/arm/5.4.1/bin/../lib/gcc/arm-none-eabi/5.4.1/../../../../arm-none-eabi/lib/armv7e-m/softfp\libm.a(lib_a-w_pow.o) (__ieee754_pow)
c:/program files (x86)/cypress/psoc creator/4.4/psoc creator/import/gnu/arm/5.4.1/bin/../lib/gcc/arm-none-eabi/5.4.1/../../../../arm-none-eabi/lib/armv7e-m/softfp\libm.a(lib_a-e_sqrt.o)
                              c:/program files (x86)/cypress/psoc creator/4.4/psoc creator/import/gnu/arm/5.4.1/bin/../lib/gcc/arm-none-eabi/5.4.1/../../../../arm-none-eabi/lib/armv7e-m/softfp\libm.a(lib_a-w_sqrt.o) (__ieee754_sqrt)
c:/program files (x86)/cypress/psoc creator/4.4/psoc creator/import/gnu/arm/5.4.1/bin/../lib/gcc/arm-none-eabi/5.4.1/../../../../arm-none-eabi/lib/armv7e-m/softfp\libm.a(lib_a-s_fabs.o)
                              c:/program files (x86)/cypress/psoc creator/4.4/psoc creator/import/gnu/arm/5.4.1/bin/../lib/gcc/arm-none-eabi/5.4.1/../../../../arm-none-eabi/lib/armv7e-m/softfp\libm.a(lib_a-e_pow.o) (fabs)
c:/program files (x86)/cypress/psoc creator/4.4/psoc creator/import/gnu/arm/5.4.1/bin/../lib/gcc/arm-none-eabi/5.4.1/../../../../arm-none-eabi/lib/armv7e-m/softfp\libm.a(lib_a-s_finite.o)
                              c:/program files (x86)/cypress/psoc creator/4.4/psoc creator/import/gnu/arm/5.4.1/bin/../lib/gcc/arm-none-eabi/5.4.1/../../../../arm-none-eabi/lib/armv7e-m/softfp\libm.a(lib_a-w_pow.o) (finite)
c:/program files (x86)/cypress/psoc creator/4.4/psoc creator/import/gnu/arm/5.4.1/bin/../lib/gcc/arm-none-eabi/5.4.1/../../../../arm-none-eabi/lib/armv7e-m/softfp\libm.a(lib_a-s_lib_ver.o)
                              c:/program files (x86)/cypress/psoc creator/4.4/psoc creator/import/gnu/arm/5.4.1/bin/../lib/gcc/arm-none-eabi/5.4.1/../../../../arm-none-eabi/lib/armv7e-m/softfp\libm.a(lib_a-w_log.o) (__fdlib_version)
c:/program files (x86)/cypress/psoc creator/4.4/psoc creator/import/gnu/arm/5.4.1/bin/../lib/gcc/arm-none-eabi/5.4.1/../../../../arm-none-eabi/lib/armv7e-m/softfp\libm.a(lib_a-s_matherr.o)
[...]
Memory Configuration

Name             Origin             Length             Attributes
ram              0x08024000         0x00023800         xrw
flash            0x10080000         0x00080000         xr
em_eeprom        0x14000000         0x00008000         xr
sflash_user_data 0x16000800         0x00000800         xr
sflash_nar       0x16001a00         0x00000200         xr
sflash_public_key 0x16005a00         0x00000c00         xr
sflash_toc_2     0x16007c00         0x00000200         xr
sflash_rtoc_2    0x16007e00         0x00000200         xr
xip              0x18000000         0x08000000         xr
efuse            0x90700000         0x00100000         r
*default*        0x00000000         0xffffffff

Linker script and memory map

LOAD c:/program files (x86)/cypress/psoc creator/4.4/psoc creator/import/gnu/arm/5.4.1/bin/../lib/gcc/arm-none-eabi/5.4.1/armv7e-m/softfp/crti.o
LOAD c:/program files (x86)/cypress/psoc creator/4.4/psoc creator/import/gnu/arm/5.4.1/bin/../lib/gcc/arm-none-eabi/5.4.1/armv7e-m/softfp/crtbegin.o
LOAD c:/program files (x86)/cypress/psoc creator/4.4/psoc creator/import/gnu/arm/5.4.1/bin/../lib/gcc/arm-none-eabi/5.4.1/../../../../arm-none-eabi/lib/armv7e-m/softfp/crt0.o
START GROUP
LOAD Generated_Source\PSoC6\pdl\middleware\emWin\libs\GCC\libemWin_osnts_gcc.a
LOAD .\CortexM4\ARM_GCC_541\Debug\startup_psoc6_01_cm4.o
LOAD .\CortexM4\ARM_GCC_541\Debug\main_cm4.o
LOAD .\CortexM4\ARM_GCC_541\Debug\system_psoc6_cm4.o
LOAD .\CortexM4\ARM_GCC_541\Debug\Communication.o
LOAD .\CortexM4\ARM_GCC_541\Debug\Interface.o
LOAD .\CortexM4\ARM_GCC_541\Debug\Traitement.o
LOAD .\CortexM4\ARM_GCC_541\Debug\bmi160.o
LOAD .\CortexM4\ARM_GCC_541\Debug\pervasive_eink_hardware_driver.o
LOAD .\CortexM4\ARM_GCC_541\Debug\cy_eink_library.o
LOAD .\CortexM4\ARM_GCC_541\Debug\cy_eink_psoc_interface.o
LOAD .\CortexM4\ARM_GCC_541\Debug\Cypress Logo Full Color_PNG_1bpp.o
LOAD .\CortexM4\ARM_GCC_541\Debug\LCDConf.o
LOAD .\CortexM4\ARM_GCC_541\Debug\GUI_X_RTOS.o
LOAD .\CortexM4\ARM_GCC_541\Debug\GUIConf.o
LOAD .\CortexM4\ARM_GCC_541\Debug\stdio_user.o
LOAD .\CortexM4\ARM_GCC_541\Debug\cyfitter_sysint_cfg.o
LOAD .\CortexM4\ARM_GCC_541\Debug\cymetadata.o
LOAD .\CortexM4\ARM_GCC_541\Debug\CY_EINK_SPIM.o
LOAD .\CortexM4\ARM_GCC_541\Debug\CY_EINK_Timer.o
LOAD .\CortexM4\ARM_GCC_541\Debug\cy_efuse.o
LOAD .\CortexM4\ARM_GCC_541\Debug\cy_flash.o
LOAD .\CortexM4\ARM_GCC_541\Debug\cy_gpio.o
LOAD .\CortexM4\ARM_GCC_541\Debug\cy_ipc_drv.o
LOAD .\CortexM4\ARM_GCC_541\Debug\cy_ipc_sema.o
LOAD .\CortexM4\ARM_GCC_541\Debug\cy_ipc_pipe.o
LOAD .\CortexM4\ARM_GCC_541\Debug\cy_lvd.o
LOAD .\CortexM4\ARM_GCC_541\Debug\cy_profile.o
LOAD .\CortexM4\ARM_GCC_541\Debug\cy_prot.o
LOAD .\CortexM4\ARM_GCC_541\Debug\cy_scb_common.o
LOAD .\CortexM4\ARM_GCC_541\Debug\cy_scb_i2c.o
LOAD .\CortexM4\ARM_GCC_541\Debug\cy_scb_ezi2c.o
LOAD .\CortexM4\ARM_GCC_541\Debug\cy_scb_spi.o
LOAD .\CortexM4\ARM_GCC_541\Debug\cy_scb_uart.o
LOAD .\CortexM4\ARM_GCC_541\Debug\cy_sysanalog.o
LOAD .\CortexM4\ARM_GCC_541\Debug\cy_sysclk.o
LOAD .\CortexM4\ARM_GCC_541\Debug\cy_sysint.o
LOAD .\CortexM4\ARM_GCC_541\Debug\cy_syslib.o
LOAD .\CortexM4\ARM_GCC_541\Debug\cy_syslib_gcc.o
LOAD .\CortexM4\ARM_GCC_541\Debug\cy_syspm.o
LOAD .\CortexM4\ARM_GCC_541\Debug\cy_systick.o
LOAD .\CortexM4\ARM_GCC_541\Debug\cy_tcpwm_counter.o
LOAD .\CortexM4\ARM_GCC_541\Debug\cy_tcpwm_pwm.o
LOAD .\CortexM4\ARM_GCC_541\Debug\cy_tcpwm_quaddec.o
LOAD .\CortexM4\ARM_GCC_541\Debug\cy_trigmux.o
LOAD .\CortexM4\ARM_GCC_541\Debug\cy_wdt.o
LOAD .\CortexM4\ARM_GCC_541\Debug\cy_device.o
LOAD .\CortexM4\ARM_GCC_541\Debug\cy_ble_clk.o
LOAD .\CortexM4\ARM_GCC_541\Debug\croutine.o
LOAD .\CortexM4\ARM_GCC_541\Debug\event_groups.o
LOAD .\CortexM4\ARM_GCC_541\Debug\list.o
LOAD .\CortexM4\ARM_GCC_541\Debug\queue.o
LOAD .\CortexM4\ARM_GCC_541\Debug\tasks.o
LOAD .\CortexM4\ARM_GCC_541\Debug\timers.o
LOAD .\CortexM4\ARM_GCC_541\Debug\stream_buffer.o
LOAD .\CortexM4\ARM_GCC_541\Debug\port.o
LOAD .\CortexM4\ARM_GCC_541\Debug\heap_4.o
LOAD .\CortexM4\ARM_GCC_541\Debug\retarget.o
LOAD .\CortexM4\ARM_GCC_541\Debug\PWM.o
LOAD .\CortexM4\ARM_GCC_541\Debug\I2C_1.o
LOAD .\CortexM4\ARM_GCC_541\Debug\UART_1.o
LOAD .\CortexM4\ARM_GCC_541\Debug\I2C_2.o
LOAD .\CortexM4\ARM_GCC_541\Debug\CapSense_Control.o
LOAD .\CortexM4\ARM_GCC_541\Debug\CapSense_Processing.o
LOAD .\CortexM4\ARM_GCC_541\Debug\CapSense_Structure.o
LOAD .\CortexM4\ARM_GCC_541\Debug\CapSense_Tuner.o
LOAD .\CortexM4\ARM_GCC_541\Debug\CapSense_Filter.o
LOAD .\CortexM4\ARM_GCC_541\Debug\CapSense_Sensing.o
LOAD .\CortexM4\ARM_GCC_541\Debug\CapSense_INT.o
LOAD .\CortexM4\ARM_GCC_541\Debug\CapSense_SensingCSD_LL.o
LOAD .\CortexM4\ARM_GCC_541\Debug\CapSense_SensingCSX_LL.o
LOAD .\CortexM4\ARM_GCC_541\Debug\CapSense_Centroid_LL.o
LOAD C:\Program Files (x86)\Cypress\PSoC Creator\4.4\PSoC Creator\psoc\content\CyComponentLibrary\CyComponentLibrary.cylib\CapSense_v3_0\Library\CapSense_Library_GCC_M4.a
LOAD c:/program files (x86)/cypress/psoc creator/4.4/psoc creator/import/gnu/arm/5.4.1/bin/../lib/gcc/arm-none-eabi/5.4.1/../../../../arm-none-eabi/lib/armv7e-m/softfp\libm.a
LOAD .\CMSIS\Lib\GCC\libarm_cortexM4l_math.a
END GROUP
START GROUP
LOAD c:/program files (x86)/cypress/psoc creator/4.4/psoc creator/import/gnu/arm/5.4.1/bin/../lib/gcc/arm-none-eabi/5.4.1/armv7e-m/softfp\libgcc.a
LOAD c:/program files (x86)/cypress/psoc creator/4.4/psoc creator/import/gnu/arm/5.4.1/bin/../lib/gcc/arm-none-eabi/5.4.1/../../../../arm-none-eabi/lib/armv7e-m/softfp\libg_nano.a
LOAD c:/program files (x86)/cypress/psoc creator/4.4/psoc creator/import/gnu/arm/5.4.1/bin/../lib/gcc/arm-none-eabi/5.4.1/../../../../arm-none-eabi/lib/armv7e-m/softfp\libc_nano.a
END GROUP
START GROUP
LOAD c:/program files (x86)/cypress/psoc creator/4.4/psoc creator/import/gnu/arm/5.4.1/bin/../lib/gcc/arm-none-eabi/5.4.1/armv7e-m/softfp\libgcc.a
LOAD c:/program files (x86)/cypress/psoc creator/4.4/psoc creator/import/gnu/arm/5.4.1/bin/../lib/gcc/arm-none-eabi/5.4.1/../../../../arm-none-eabi/lib/armv7e-m/softfp\libc_nano.a
END GROUP
LOAD c:/program files (x86)/cypress/psoc creator/4.4/psoc creator/import/gnu/arm/5.4.1/bin/../lib/gcc/arm-none-eabi/5.4.1/armv7e-m/softfp/crtend.o
LOAD c:/program files (x86)/cypress/psoc creator/4.4/psoc creator/import/gnu/arm/5.4.1/bin/../lib/gcc/arm-none-eabi/5.4.1/armv7e-m/softfp/crtn.o
START GROUP
LOAD c:/program files (x86)/cypress/psoc creator/4.4/psoc creator/import/gnu/arm/5.4.1/bin/../lib/gcc/arm-none-eabi/5.4.1/armv7e-m/softfp\libgcc.a
LOAD c:/program files (x86)/cypress/psoc creator/4.4/psoc creator/import/gnu/arm/5.4.1/bin/../lib/gcc/arm-none-eabi/5.4.1/../../../../arm-none-eabi/lib/armv7e-m/softfp\libc.a
LOAD c:/program files (x86)/cypress/psoc creator/4.4/psoc creator/import/gnu/arm/5.4.1/bin/../lib/gcc/arm-none-eabi/5.4.1/../../../../arm-none-eabi/lib/armv7e-m/softfp\libnosys.a
END GROUP
START GROUP
LOAD c:/program files (x86)/cypress/psoc creator/4.4/psoc creator/import/gnu/arm/5.4.1/bin/../lib/gcc/arm-none-eabi/5.4.1/armv7e-m/softfp\libgcc.a
LOAD c:/program files (x86)/cypress/psoc creator/4.4/psoc creator/import/gnu/arm/5.4.1/bin/../lib/gcc/arm-none-eabi/5.4.1/../../../../arm-none-eabi/lib/armv7e-m/softfp\libc.a
LOAD c:/program files (x86)/cypress/psoc creator/4.4/psoc creator/import/gnu/arm/5.4.1/bin/../lib/gcc/arm-none-eabi/5.4.1/../../../../arm-none-eabi/lib/armv7e-m/softfp\libm.a
LOAD c:/program files (x86)/cypress/psoc creator/4.4/psoc creator/import/gnu/arm/5.4.1/bin/../lib/gcc/arm-none-eabi/5.4.1/../../../../arm-none-eabi/lib/armv7e-m/softfp\libnosys.a
END GROUP

.text           0x10080000    0x1a338
                0x10080000                . = ALIGN (0x4)
                0x10080000                __Vectors = .
 *(.vectors)
 .vectors       0x10080000      0x28c .\CortexM4\ARM_GCC_541\Debug\startup_psoc6_01_cm4.o
                0x1008028c                . = ALIGN (0x4)
                0x1008028c                __Vectors_End = .
                0x0000028c                __Vectors_Size = (__Vectors_End - __Vectors)
                0x1008028c                __end__ = .
                0x1008028c                . = ALIGN (0x4)
 *(.text*)
 .text          0x1008028c       0x5c c:/program files (x86)/cypress/psoc creator/4.4/psoc creator/import/gnu/arm/5.4.1/bin/../lib/gcc/arm-none-eabi/5.4.1/armv7e-m/softfp/crtbegin.o
 .text          0x100802e8       0x84 .\CortexM4\ARM_GCC_541\Debug\startup_psoc6_01_cm4.o
                0x100802e8                Cy_OnResetUser
                0x100802ea                Reset_Handler
                0x1008034c                cpuss_interrupts_ipc_6_IRQHandler
                0x1008034c                DebugMon_Handler
                0x1008034c                tcpwm_1_interrupts_11_IRQHandler
                0x1008034c                cpuss_interrupts_ipc_0_IRQHandler
                0x1008034c                tcpwm_1_interrupts_15_IRQHandler
                0x1008034c                ioss_interrupts_gpio_13_IRQHandler
                0x1008034c                tcpwm_1_interrupts_13_IRQHandler
                0x1008034c                cpuss_interrupts_dw1_8_IRQHandler
                0x1008034c                tcpwm_0_interrupts_0_IRQHandler
                0x1008034c                cpuss_interrupt_fm_IRQHandler
                0x1008034c                cpuss_interrupts_ipc_7_IRQHandler
                0x1008034c                tcpwm_1_interrupts_14_IRQHandler
                0x1008034c                cpuss_interrupts_dw0_5_IRQHandler
                0x1008034c                tcpwm_1_interrupts_9_IRQHandler
                0x1008034c                cpuss_interrupts_cm0_cti_1_IRQHandler
                0x1008034c                tcpwm_1_interrupts_22_IRQHandler
                0x1008034c                cpuss_interrupts_dw0_4_IRQHandler
                0x1008034c                NMI_Handler
                0x1008034c                cpuss_interrupts_dw1_12_IRQHandler
                0x1008034c                tcpwm_1_interrupts_12_IRQHandler
                0x1008034c                smif_interrupt_IRQHandler
                0x1008034c                tcpwm_1_interrupts_2_IRQHandler
                0x1008034c                cpuss_interrupts_ipc_13_IRQHandler
                0x1008034c                udb_interrupts_11_IRQHandler
                0x1008034c                tcpwm_1_interrupts_18_IRQHandler
                0x1008034c                cpuss_interrupts_dw0_11_IRQHandler
                0x1008034c                tcpwm_0_interrupts_2_IRQHandler
                0x1008034c                cpuss_interrupts_dw0_13_IRQHandler
                0x1008034c                udb_interrupts_2_IRQHandler
                0x1008034c                cpuss_interrupts_dw1_7_IRQHandler
                0x1008034c                ioss_interrupts_gpio_1_IRQHandler
                0x1008034c                ioss_interrupts_gpio_7_IRQHandler
                0x1008034c                scb_5_interrupt_IRQHandler
                0x1008034c                udb_interrupts_6_IRQHandler
                0x1008034c                cpuss_interrupts_fault_1_IRQHandler
                0x1008034c                cpuss_interrupts_ipc_4_IRQHandler
                0x1008034c                cpuss_interrupts_ipc_5_IRQHandler
                0x1008034c                cpuss_interrupts_dw1_10_IRQHandler
                0x1008034c                udb_interrupts_0_IRQHandler
                0x1008034c                tcpwm_1_interrupts_6_IRQHandler
                0x1008034c                scb_4_interrupt_IRQHandler
                0x1008034c                pass_interrupt_dacs_IRQHandler
                0x1008034c                ioss_interrupts_gpio_2_IRQHandler
                0x1008034c                cpuss_interrupts_dw1_9_IRQHandler
                0x1008034c                cpuss_interrupts_dw1_13_IRQHandler
                0x1008034c                scb_2_interrupt_IRQHandler
                0x1008034c                cpuss_interrupts_cm0_cti_0_IRQHandler
                0x1008034c                udb_interrupts_5_IRQHandler
                0x1008034c                srss_interrupt_IRQHandler
                0x1008034c                udb_interrupts_12_IRQHandler
                0x1008034c                scb_0_interrupt_IRQHandler
                0x1008034c                csd_interrupt_IRQHandler
                0x1008034c                udb_interrupts_1_IRQHandler
                0x1008034c                profile_interrupt_IRQHandler
                0x1008034c                tcpwm_1_interrupts_1_IRQHandler
                0x1008034c                cpuss_interrupts_ipc_12_IRQHandler
                0x1008034c                tcpwm_1_interrupts_3_IRQHandler
                0x1008034c                tcpwm_0_interrupts_7_IRQHandler
                0x1008034c                cpuss_interrupts_dw1_1_IRQHandler
                0x1008034c                cpuss_interrupts_dw1_0_IRQHandler
                0x1008034c                cpuss_interrupts_dw0_9_IRQHandler
                0x1008034c                lpcomp_interrupt_IRQHandler
                0x1008034c                tcpwm_1_interrupts_23_IRQHandler
                0x1008034c                udb_interrupts_4_IRQHandler
                0x1008034c                tcpwm_1_interrupts_20_IRQHandler
                0x1008034c                ioss_interrupt_gpio_IRQHandler
                0x1008034c                tcpwm_0_interrupts_1_IRQHandler
                0x1008034c                ioss_interrupts_gpio_8_IRQHandler
                0x1008034c                tcpwm_0_interrupts_6_IRQHandler
                0x1008034c                scb_7_interrupt_IRQHandler
                0x1008034c                tcpwm_1_interrupts_7_IRQHandler
                0x1008034c                cpuss_interrupts_ipc_11_IRQHandler
                0x1008034c                udb_interrupts_13_IRQHandler
                0x1008034c                cpuss_interrupts_dw0_15_IRQHandler
                0x1008034c                udb_interrupts_7_IRQHandler
                0x1008034c                cpuss_interrupts_dw1_6_IRQHandler
                0x1008034c                cpuss_interrupt_crypto_IRQHandler
                0x1008034c                scb_1_interrupt_IRQHandler
                0x1008034c                Default_Handler
                0x1008034c                usb_interrupt_hi_IRQHandler
                0x1008034c                tcpwm_1_interrupts_0_IRQHandler
                0x1008034c                udb_interrupts_9_IRQHandler
                0x1008034c                audioss_interrupt_pdm_IRQHandler
                0x1008034c                srss_interrupt_mcwdt_0_IRQHandler
                0x1008034c                scb_3_interrupt_IRQHandler
                0x1008034c                pass_interrupt_ctbs_IRQHandler
                0x1008034c                udb_interrupts_8_IRQHandler
                0x1008034c                ioss_interrupts_gpio_3_IRQHandler
                0x1008034c                scb_6_interrupt_IRQHandler
                0x1008034c                cpuss_interrupts_cm4_cti_0_IRQHandler
                0x1008034c                cpuss_interrupts_dw1_3_IRQHandler
                0x1008034c                pass_interrupt_sar_IRQHandler
                0x1008034c                ioss_interrupts_gpio_0_IRQHandler
                0x1008034c                ioss_interrupts_gpio_14_IRQHandler
                0x1008034c                tcpwm_0_interrupts_4_IRQHandler
                0x1008034c                udb_interrupts_3_IRQHandler
                0x1008034c                tcpwm_0_interrupts_5_IRQHandler
                0x1008034c                cpuss_interrupts_ipc_15_IRQHandler
                0x1008034c                cpuss_interrupts_cm4_cti_1_IRQHandler
                0x1008034c                scb_8_interrupt_IRQHandler
                0x1008034c                srss_interrupt_mcwdt_1_IRQHandler
                0x1008034c                cpuss_interrupts_dw1_2_IRQHandler
                0x1008034c                cpuss_interrupts_dw1_5_IRQHandler
                0x1008034c                cpuss_interrupts_ipc_1_IRQHandler
                0x1008034c                cpuss_interrupts_dw0_0_IRQHandler
                0x1008034c                ioss_interrupts_gpio_12_IRQHandler
                0x1008034c                cpuss_interrupts_ipc_3_IRQHandler
                0x1008034c                tcpwm_1_interrupts_17_IRQHandler
                0x1008034c                srss_interrupt_backup_IRQHandler
                0x1008034c                bless_interrupt_IRQHandler
                0x1008034c                cpuss_interrupts_ipc_10_IRQHandler
                0x1008034c                cpuss_interrupts_ipc_9_IRQHandler
                0x1008034c                cpuss_interrupts_dw0_14_IRQHandler
                0x1008034c                tcpwm_1_interrupts_4_IRQHandler
                0x1008034c                tcpwm_0_interrupts_3_IRQHandler
                0x1008034c                cpuss_interrupts_dw1_15_IRQHandler
                0x1008034c                ioss_interrupts_gpio_10_IRQHandler
                0x1008034c                udb_interrupts_10_IRQHandler
                0x1008034c                cpuss_interrupts_dw0_8_IRQHandler
                0x1008034c                ioss_interrupts_gpio_11_IRQHandler
                0x1008034c                cpuss_interrupts_ipc_14_IRQHandler
                0x1008034c                ioss_interrupts_gpio_5_IRQHandler
                0x1008034c                ioss_interrupts_gpio_4_IRQHandler
                0x1008034c                tcpwm_1_interrupts_8_IRQHandler
                0x1008034c                cpuss_interrupts_dw1_14_IRQHandler
                0x1008034c                usb_interrupt_med_IRQHandler
                0x1008034c                cpuss_interrupts_dw0_2_IRQHandler
                0x1008034c                tcpwm_1_interrupts_10_IRQHandler
                0x1008034c                cpuss_interrupts_fault_0_IRQHandler
                0x1008034c                cpuss_interrupts_dw0_12_IRQHandler
                0x1008034c                ioss_interrupts_gpio_6_IRQHandler
                0x1008034c                tcpwm_1_interrupts_21_IRQHandler
                0x1008034c                tcpwm_1_interrupts_16_IRQHandler
                0x1008034c                cpuss_interrupts_dw1_4_IRQHandler
                0x1008034c                udb_interrupts_15_IRQHandler
                0x1008034c                cpuss_interrupts_dw1_11_IRQHandler
                0x1008034c                cpuss_interrupts_dw0_6_IRQHandler
                0x1008034c                ioss_interrupt_vdd_IRQHandler
                0x1008034c                cpuss_interrupts_dw0_7_IRQHandler
                0x1008034c                audioss_interrupt_i2s_IRQHandler
                0x1008034c                tcpwm_1_interrupts_5_IRQHandler
                0x1008034c                cpuss_interrupts_ipc_2_IRQHandler
                0x1008034c                cpuss_interrupts_dw0_10_IRQHandler
                0x1008034c                tcpwm_1_interrupts_19_IRQHandler
                0x1008034c                cpuss_interrupts_dw0_1_IRQHandler
                0x1008034c                ioss_interrupts_gpio_9_IRQHandler
                0x1008034c                usb_interrupt_lo_IRQHandler
                0x1008034c                cpuss_interrupts_ipc_8_IRQHandler
                0x1008034c                udb_interrupts_14_IRQHandler
                0x1008034c                cpuss_interrupts_dw0_3_IRQHandler
                0x10080350                UsageFault_Handler
                0x10080350                HardFault_Handler
                0x10080350                MemManage_Handler
                0x10080350                BusFault_Handler
 .text.main     0x1008036c      0x1c4 .\CortexM4\ARM_GCC_541\Debug\main_cm4.o
                0x1008036c                main
 .text.Cy_SysIpcPipeIsrCm4
                0x10080530        0xc .\CortexM4\ARM_GCC_541\Debug\system_psoc6_cm4.o
                0x10080530                Cy_SysIpcPipeIsrCm4
 .text.Cy_SystemInit
                0x1008053c        0x4 .\CortexM4\ARM_GCC_541\Debug\system_psoc6_cm4.o
                0x1008053c                Cy_SystemInit
 .text.SystemCoreClockUpdate
                0x10080540      0x190 .\CortexM4\ARM_GCC_541\Debug\system_psoc6_cm4.o
                0x10080540                SystemCoreClockUpdate
 .text.SystemInit
                0x100806d0       0x48 .\CortexM4\ARM_GCC_541\Debug\system_psoc6_cm4.o
                0x100806d0                SystemInit
 .text.Cy_SystemInitFpuEnable
                0x10080718       0x28 .\CortexM4\ARM_GCC_541\Debug\system_psoc6_cm4.o
                0x10080718                Cy_SystemInitFpuEnable
 .text.BMI160BurstWrite
                0x10080740       0x5c .\CortexM4\ARM_GCC_541\Debug\Communication.o
                0x10080740                BMI160BurstWrite
 .text.BMI160BurstRead
                0x1008079c       0x84 .\CortexM4\ARM_GCC_541\Debug\Communication.o
                0x1008079c                BMI160BurstRead
 .text.MAX30102Read
                0x10080820       0x60 .\CortexM4\ARM_GCC_541\Debug\Communication.o
                0x10080820                MAX30102Read
 .text.MAX30102Write
                0x10080880       0x48 .\CortexM4\ARM_GCC_541\Debug\Communication.o
                0x10080880                MAX30102Write
 .text.MAX30102ReadMultipleBytes
                0x100808c8       0x80 .\CortexM4\ARM_GCC_541\Debug\Communication.o
                0x100808c8                MAX30102ReadMultipleBytes
 .text.MAX30102ReadFIFO32bits
                0x10080948       0x5c .\CortexM4\ARM_GCC_541\Debug\Communication.o
                0x10080948                MAX30102ReadFIFO32bits
 .text.MAX30102Config
                0x100809a4       0x64 .\CortexM4\ARM_GCC_541\Debug\Communication.o
                0x100809a4                MAX30102Config
 .text.MAX30102Reset
                0x10080a08        0xc .\CortexM4\ARM_GCC_541\Debug\Communication.o
                0x10080a08                MAX30102Reset
 .text.MAX30102Task
                0x10080a14       0x50 .\CortexM4\ARM_GCC_541\Debug\Communication.o
                0x10080a14                MAX30102Task
 .text.bmi160Init
                0x10080a64       0x4c .\CortexM4\ARM_GCC_541\Debug\Communication.o
                0x10080a64                bmi160Init
 .text.motionTask
                0x10080ab0       0x98 .\CortexM4\ARM_GCC_541\Debug\Communication.o
                0x10080ab0                motionTask
 .text.interfaceSetup
                0x10080b48       0x88 .\CortexM4\ARM_GCC_541\Debug\Interface.o
                0x10080b48                interfaceSetup
 .text.UpdateDisplay
                0x10080bd0       0x2c .\CortexM4\ARM_GCC_541\Debug\Interface.o
                0x10080bd0                UpdateDisplay
 .text.isr_bouton
                0x10080bfc       0x48 .\CortexM4\ARM_GCC_541\Debug\Interface.o
                0x10080bfc                isr_bouton
 .text.DesactiverAlarme_task
                0x10080c44       0x4c .\CortexM4\ARM_GCC_541\Debug\Interface.o
                0x10080c44                DesactiverAlarme_task
 .text.ActiverAlarme_task
                0x10080c90      0x114 .\CortexM4\ARM_GCC_541\Debug\Interface.o
                0x10080c90                ActiverAlarme_task
 .text.updateParameters
                0x10080da4       0xc4 .\CortexM4\ARM_GCC_541\Debug\Interface.o
                0x10080da4                updateParameters
 .text.CreationVecteurEspacer
                0x10080e68       0x6c .\CortexM4\ARM_GCC_541\Debug\Interface.o
                0x10080e68                CreationVecteurEspacer
 .text.drawGraph
                0x10080ed4       0x98 .\CortexM4\ARM_GCC_541\Debug\Interface.o
                0x10080ed4                drawGraph
 *fill*         0x10080f6c        0x4 
 .text.CapSense_task
                0x10080f70      0x1e4 .\CortexM4\ARM_GCC_541\Debug\Interface.o
                0x10080f70                CapSense_task
 .text.Affichage_task
                0x10081154     0x117c .\CortexM4\ARM_GCC_541\Debug\Interface.o
                0x10081154                Affichage_task
 .text.FilterLP
                0x100822d0       0x58 .\CortexM4\ARM_GCC_541\Debug\Traitement.o
                0x100822d0                FilterLP
 .text.FilterHP
                0x10082328       0x58 .\CortexM4\ARM_GCC_541\Debug\Traitement.o
                0x10082328                FilterHP
 .text.CalculSpO2
                0x10082380      0x120 .\CortexM4\ARM_GCC_541\Debug\Traitement.o
                0x10082380                CalculSpO2
 .text.CalculBPM
                0x100824a0       0x9c .\CortexM4\ARM_GCC_541\Debug\Traitement.o
                0x100824a0                CalculBPM
 .text.traitement_task
                0x1008253c       0x88 .\CortexM4\ARM_GCC_541\Debug\Traitement.o
                0x1008253c                traitement_task
 .text.null_ptr_check
                0x100825c4       0x2c .\CortexM4\ARM_GCC_541\Debug\bmi160.o
 .text.default_param_settg
                0x100825f0       0x28 .\CortexM4\ARM_GCC_541\Debug\bmi160.o
 .text.process_accel_odr
                0x10082618       0x28 .\CortexM4\ARM_GCC_541\Debug\bmi160.o
 .text.process_accel_bw
                0x10082640       0x24 .\CortexM4\ARM_GCC_541\Debug\bmi160.o
 .text.process_accel_range
                0x10082664       0x28 .\CortexM4\ARM_GCC_541\Debug\bmi160.o
 .text.process_gyro_odr
                0x1008268c       0x28 .\CortexM4\ARM_GCC_541\Debug\bmi160.o
 .text.process_gyro_bw
                0x100826b4       0x20 .\CortexM4\ARM_GCC_541\Debug\bmi160.o
 .text.process_gyro_range
                0x100826d4       0x28 .\CortexM4\ARM_GCC_541\Debug\bmi160.o
 .text.bmi160_get_regs
                0x100826fc       0x40 .\CortexM4\ARM_GCC_541\Debug\bmi160.o
                0x100826fc                bmi160_get_regs
 .text.check_accel_config
                0x1008273c       0x3c .\CortexM4\ARM_GCC_541\Debug\bmi160.o
 .text.check_gyro_config
                0x10082778       0x3c .\CortexM4\ARM_GCC_541\Debug\bmi160.o
 .text.check_invalid_settg
                0x100827b4       0x4c .\CortexM4\ARM_GCC_541\Debug\bmi160.o
 .text.get_accel_data
                0x10082800       0x80 .\CortexM4\ARM_GCC_541\Debug\bmi160.o
 .text.get_gyro_data
                0x10082880       0xc4 .\CortexM4\ARM_GCC_541\Debug\bmi160.o
 .text.get_accel_gyro_data
                0x10082944       0xb8 .\CortexM4\ARM_GCC_541\Debug\bmi160.o
 .text.bmi160_set_regs
                0x100829fc       0x84 .\CortexM4\ARM_GCC_541\Debug\bmi160.o
                0x100829fc                bmi160_set_regs
 .text.set_accel_conf
                0x10082a80       0x54 .\CortexM4\ARM_GCC_541\Debug\bmi160.o
 .text.set_gyro_conf
                0x10082ad4       0x54 .\CortexM4\ARM_GCC_541\Debug\bmi160.o
 .text.process_under_sampling
                0x10082b28       0x70 .\CortexM4\ARM_GCC_541\Debug\bmi160.o
 .text.set_accel_pwr
                0x10082b98       0x5c .\CortexM4\ARM_GCC_541\Debug\bmi160.o
 .text.set_gyro_pwr
                0x10082bf4       0x5c .\CortexM4\ARM_GCC_541\Debug\bmi160.o
 .text.bmi160_soft_reset
                0x10082c50       0x5c .\CortexM4\ARM_GCC_541\Debug\bmi160.o
                0x10082c50                bmi160_soft_reset
 .text.bmi160_init
                0x10082cac       0x5c .\CortexM4\ARM_GCC_541\Debug\bmi160.o
                0x10082cac                bmi160_init
 .text.bmi160_set_power_mode
                0x10082d08       0x30 .\CortexM4\ARM_GCC_541\Debug\bmi160.o
                0x10082d08                bmi160_set_power_mode
 .text.bmi160_set_sens_conf
                0x10082d38       0x44 .\CortexM4\ARM_GCC_541\Debug\bmi160.o
                0x10082d38                bmi160_set_sens_conf
 .text.bmi160_get_sensor_data
                0x10082d7c       0x68 .\CortexM4\ARM_GCC_541\Debug\bmi160.o
                0x10082d7c                bmi160_get_sensor_data
 .text.Pv_EINK_SendData
                0x10082de4       0x38 .\CortexM4\ARM_GCC_541\Debug\pervasive_eink_hardware_driver.o
                0x10082de4                Pv_EINK_SendData
 .text.Pv_EINK_SendByte
                0x10082e1c       0x18 .\CortexM4\ARM_GCC_541\Debug\pervasive_eink_hardware_driver.o
                0x10082e1c                Pv_EINK_SendByte
 .text.Pv_EINK_ReadByte
                0x10082e34       0x30 .\CortexM4\ARM_GCC_541\Debug\pervasive_eink_hardware_driver.o
                0x10082e34                Pv_EINK_ReadByte
 .text.Pv_EINK_Init
                0x10082e64       0x34 .\CortexM4\ARM_GCC_541\Debug\pervasive_eink_hardware_driver.o
                0x10082e64                Pv_EINK_Init
 .text.Pv_EINK_InitDriver
                0x10082e98      0x118 .\CortexM4\ARM_GCC_541\Debug\pervasive_eink_hardware_driver.o
                0x10082e98                Pv_EINK_InitDriver
 .text.Pv_EINK_SetTempFactor
                0x10082fb0       0x58 .\CortexM4\ARM_GCC_541\Debug\pervasive_eink_hardware_driver.o
                0x10082fb0                Pv_EINK_SetTempFactor
 .text.Pv_EINK_FullStageHandler
                0x10083008      0x424 .\CortexM4\ARM_GCC_541\Debug\pervasive_eink_hardware_driver.o
                0x10083008                Pv_EINK_FullStageHandler
 .text.Pv_EINK_PartialStageHandler
                0x1008342c      0x228 .\CortexM4\ARM_GCC_541\Debug\pervasive_eink_hardware_driver.o
                0x1008342c                Pv_EINK_PartialStageHandler
 .text.Pv_EINK_NothingFrame
                0x10083654       0x5c .\CortexM4\ARM_GCC_541\Debug\pervasive_eink_hardware_driver.o
                0x10083654                Pv_EINK_NothingFrame
 .text.Pv_EINK_DummyLine
                0x100836b0       0x34 .\CortexM4\ARM_GCC_541\Debug\pervasive_eink_hardware_driver.o
                0x100836b0                Pv_EINK_DummyLine
 .text.Pv_EINK_HardwarePowerOn
                0x100836e4       0x44 .\CortexM4\ARM_GCC_541\Debug\pervasive_eink_hardware_driver.o
                0x100836e4                Pv_EINK_HardwarePowerOn
 .text.Pv_EINK_HardwarePowerOff
                0x10083728       0xa8 .\CortexM4\ARM_GCC_541\Debug\pervasive_eink_hardware_driver.o
                0x10083728                Pv_EINK_HardwarePowerOff
 .text.Cy_EINK_Start
                0x100837d0       0x10 .\CortexM4\ARM_GCC_541\Debug\cy_eink_library.o
                0x100837d0                Cy_EINK_Start
 .text.Cy_EINK_Power
                0x100837e0       0x18 .\CortexM4\ARM_GCC_541\Debug\cy_eink_library.o
                0x100837e0                Cy_EINK_Power
 .text.Cy_EINK_ShowFrame
                0x100837f8       0x54 .\CortexM4\ARM_GCC_541\Debug\cy_eink_library.o
                0x100837f8                Cy_EINK_ShowFrame
 .text.Cy_EINK_TimerInit
                0x1008384c       0x14 .\CortexM4\ARM_GCC_541\Debug\cy_eink_psoc_interface.o
                0x1008384c                Cy_EINK_TimerInit
 .text.Cy_EINK_GetTimeTick
                0x10083860        0xc .\CortexM4\ARM_GCC_541\Debug\cy_eink_psoc_interface.o
                0x10083860                Cy_EINK_GetTimeTick
 .text.Cy_EINK_TimerStop
                0x1008386c        0xc .\CortexM4\ARM_GCC_541\Debug\cy_eink_psoc_interface.o
                0x1008386c                Cy_EINK_TimerStop
 .text.Cy_EINK_InitSPI
                0x10083878       0x30 .\CortexM4\ARM_GCC_541\Debug\cy_eink_psoc_interface.o
                0x10083878                Cy_EINK_InitSPI
 .text.Cy_EINK_AttachSPI
                0x100838a8       0x1c .\CortexM4\ARM_GCC_541\Debug\cy_eink_psoc_interface.o
                0x100838a8                Cy_EINK_AttachSPI
 .text.Cy_EINK_DetachSPI
                0x100838c4       0x14 .\CortexM4\ARM_GCC_541\Debug\cy_eink_psoc_interface.o
                0x100838c4                Cy_EINK_DetachSPI
 .text.Cy_EINK_WriteSPI
                0x100838d8       0x60 .\CortexM4\ARM_GCC_541\Debug\cy_eink_psoc_interface.o
                0x100838d8                Cy_EINK_WriteSPI
 .text.Cy_EINK_ReadSPI
                0x10083938       0x68 .\CortexM4\ARM_GCC_541\Debug\cy_eink_psoc_interface.o
                0x10083938                Cy_EINK_ReadSPI
 .text.Cy_EINK_WriteSPIBuffer
                0x100839a0       0x84 .\CortexM4\ARM_GCC_541\Debug\cy_eink_psoc_interface.o
                0x100839a0                Cy_EINK_WriteSPIBuffer
 .text.Cy_EINK_IsBusy
                0x10083a24       0x18 .\CortexM4\ARM_GCC_541\Debug\cy_eink_psoc_interface.o
                0x10083a24                Cy_EINK_IsBusy
 .text.LCD_X_Config
                0x10083a3c       0x70 .\CortexM4\ARM_GCC_541\Debug\LCDConf.o
                0x10083a3c                LCD_X_Config
 .text.LCD_X_DisplayDriver
                0x10083aac       0x10 .\CortexM4\ARM_GCC_541\Debug\LCDConf.o
                0x10083aac                LCD_X_DisplayDriver
 .text.LCD_GetDisplayBuffer
                0x10083abc        0x8 .\CortexM4\ARM_GCC_541\Debug\LCDConf.o
                0x10083abc                LCD_GetDisplayBuffer
 .text.GUI_X_InitOS
                0x10083ac4       0x14 .\CortexM4\ARM_GCC_541\Debug\GUI_X_RTOS.o
                0x10083ac4                GUI_X_InitOS
 .text.GUI_X_Unlock
                0x10083ad8       0x18 .\CortexM4\ARM_GCC_541\Debug\GUI_X_RTOS.o
                0x10083ad8                GUI_X_Unlock
 .text.GUI_X_Lock
                0x10083af0       0x14 .\CortexM4\ARM_GCC_541\Debug\GUI_X_RTOS.o
                0x10083af0                GUI_X_Lock
 .text.GUI_X_GetTaskId
                0x10083b04        0x8 .\CortexM4\ARM_GCC_541\Debug\GUI_X_RTOS.o
                0x10083b04                GUI_X_GetTaskId
 .text.GUI_X_Init
                0x10083b0c        0x4 .\CortexM4\ARM_GCC_541\Debug\GUI_X_RTOS.o
                0x10083b0c                GUI_X_Init
 .text.GUI_X_Config
                0x10083b10       0x1c .\CortexM4\ARM_GCC_541\Debug\GUIConf.o
                0x10083b10                GUI_X_Config
 .text.STDIO_PutChar
                0x10083b2c       0x18 .\CortexM4\ARM_GCC_541\Debug\stdio_user.o
                0x10083b2c                STDIO_PutChar
 .text.STDIO_GetChar
                0x10083b44       0x1c .\CortexM4\ARM_GCC_541\Debug\stdio_user.o
                0x10083b44                STDIO_GetChar
 .text.CY_EINK_Timer_Start
                0x10083b60       0x30 .\CortexM4\ARM_GCC_541\Debug\CY_EINK_Timer.o
                0x10083b60                CY_EINK_Timer_Start
 .text.Cy_Flash_ProcessOpcode
                0x10083b90       0xac .\CortexM4\ARM_GCC_541\Debug\cy_flash.o
 .text.Cy_Flash_OperationStatus
                0x10083c3c       0x5c .\CortexM4\ARM_GCC_541\Debug\cy_flash.o
 .text.Cy_Flash_InitExt
                0x10083c98       0x80 .\CortexM4\ARM_GCC_541\Debug\cy_flash.o
                0x10083c98                Cy_Flash_InitExt
 .text.Cy_Flash_Init
                0x10083d18       0x10 .\CortexM4\ARM_GCC_541\Debug\cy_flash.o
                0x10083d18                Cy_Flash_Init
 .text.Cy_GPIO_Pin_FastInit
                0x10083d28       0xf8 .\CortexM4\ARM_GCC_541\Debug\cy_gpio.o
                0x10083d28                Cy_GPIO_Pin_FastInit
 .text.Cy_IPC_Drv_LockRelease
                0x10083e20       0x3c .\CortexM4\ARM_GCC_541\Debug\cy_ipc_drv.o
                0x10083e20                Cy_IPC_Drv_LockRelease
 .text.Cy_IPC_Drv_SendMsgWord
                0x10083e5c       0x3c .\CortexM4\ARM_GCC_541\Debug\cy_ipc_drv.o
                0x10083e5c                Cy_IPC_Drv_SendMsgWord
 .text.Cy_IPC_Drv_ReadMsgWord
                0x10083e98       0x38 .\CortexM4\ARM_GCC_541\Debug\cy_ipc_drv.o
                0x10083e98                Cy_IPC_Drv_ReadMsgWord
 .text.Cy_IPC_Sema_InitExt
                0x10083ed0       0xac .\CortexM4\ARM_GCC_541\Debug\cy_ipc_sema.o
                0x10083ed0                Cy_IPC_Sema_InitExt
 .text.Cy_IPC_Sema_Init
                0x10083f7c       0x64 .\CortexM4\ARM_GCC_541\Debug\cy_ipc_sema.o
                0x10083f7c                Cy_IPC_Sema_Init
 .text.Cy_IPC_Sema_Clear
                0x10083fe0       0x88 .\CortexM4\ARM_GCC_541\Debug\cy_ipc_sema.o
                0x10083fe0                Cy_IPC_Sema_Clear
 .text.Cy_IPC_Sema_Status
                0x10084068       0x40 .\CortexM4\ARM_GCC_541\Debug\cy_ipc_sema.o
                0x10084068                Cy_IPC_Sema_Status
 .text.Cy_IPC_Pipe_Config
                0x100840a8       0x10 .\CortexM4\ARM_GCC_541\Debug\cy_ipc_pipe.o
                0x100840a8                Cy_IPC_Pipe_Config
 .text.Cy_IPC_Pipe_EndpointInit
                0x100840b8       0xd0 .\CortexM4\ARM_GCC_541\Debug\cy_ipc_pipe.o
                0x100840b8                Cy_IPC_Pipe_EndpointInit
 .text.Cy_IPC_Pipe_Init
                0x10084188       0xb4 .\CortexM4\ARM_GCC_541\Debug\cy_ipc_pipe.o
                0x10084188                Cy_IPC_Pipe_Init
 .text.Cy_IPC_Pipe_SendMessage
                0x1008423c       0xa4 .\CortexM4\ARM_GCC_541\Debug\cy_ipc_pipe.o
                0x1008423c                Cy_IPC_Pipe_SendMessage
 .text.Cy_IPC_Pipe_RegisterCallback
                0x100842e0       0x50 .\CortexM4\ARM_GCC_541\Debug\cy_ipc_pipe.o
                0x100842e0                Cy_IPC_Pipe_RegisterCallback
 .text.Cy_IPC_Pipe_ExecCallback
                0x10084330       0xbc .\CortexM4\ARM_GCC_541\Debug\cy_ipc_pipe.o
                0x10084330                Cy_IPC_Pipe_ExecCallback
 .text.Cy_IPC_Pipe_ExecuteCallback
                0x100843ec       0x2c .\CortexM4\ARM_GCC_541\Debug\cy_ipc_pipe.o
                0x100843ec                Cy_IPC_Pipe_ExecuteCallback
 .text.Cy_SCB_ReadArrayNoCheck
                0x10084418       0x38 .\CortexM4\ARM_GCC_541\Debug\cy_scb_common.o
                0x10084418                Cy_SCB_ReadArrayNoCheck
 .text.Cy_SCB_ReadArray
                0x10084450       0x1c .\CortexM4\ARM_GCC_541\Debug\cy_scb_common.o
                0x10084450                Cy_SCB_ReadArray
 .text.Cy_SCB_Write
                0x1008446c       0x28 .\CortexM4\ARM_GCC_541\Debug\cy_scb_common.o
                0x1008446c                Cy_SCB_Write
 .text.Cy_SCB_WriteArrayNoCheck
                0x10084494       0x38 .\CortexM4\ARM_GCC_541\Debug\cy_scb_common.o
                0x10084494                Cy_SCB_WriteArrayNoCheck
 .text.Cy_SCB_WriteArray
                0x100844cc       0x2c .\CortexM4\ARM_GCC_541\Debug\cy_scb_common.o
                0x100844cc                Cy_SCB_WriteArray
 .text.Cy_SCB_WriteArrayBlocking
                0x100844f8       0x30 .\CortexM4\ARM_GCC_541\Debug\cy_scb_common.o
                0x100844f8                Cy_SCB_WriteArrayBlocking
 .text.Cy_SCB_WriteDefaultArrayNoCheck
                0x10084528       0x10 .\CortexM4\ARM_GCC_541\Debug\cy_scb_common.o
                0x10084528                Cy_SCB_WriteDefaultArrayNoCheck
 .text.Cy_SCB_WriteDefaultArray
                0x10084538       0x2c .\CortexM4\ARM_GCC_541\Debug\cy_scb_common.o
                0x10084538                Cy_SCB_WriteDefaultArray
 .text.SlaveHandleStop
                0x10084564       0xec .\CortexM4\ARM_GCC_541\Debug\cy_scb_i2c.o
 .text.MasterHandleEvents
                0x10084650       0x74 .\CortexM4\ARM_GCC_541\Debug\cy_scb_i2c.o
 .text.MasterHandleStop
                0x100846c4       0x2c .\CortexM4\ARM_GCC_541\Debug\cy_scb_i2c.o
 .text.MasterHandleComplete
                0x100846f0       0xf4 .\CortexM4\ARM_GCC_541\Debug\cy_scb_i2c.o
 .text.HandleStatus
                0x100847e4       0xf0 .\CortexM4\ARM_GCC_541\Debug\cy_scb_i2c.o
 .text.WaitOneUnit
                0x100848d4       0x24 .\CortexM4\ARM_GCC_541\Debug\cy_scb_i2c.o
 .text.SlaveHandleDataTransmit
                0x100848f8       0xe8 .\CortexM4\ARM_GCC_541\Debug\cy_scb_i2c.o
 .text.MasterHandleDataTransmit
                0x100849e0       0xb8 .\CortexM4\ARM_GCC_541\Debug\cy_scb_i2c.o
 .text.SlaveHandleAddress
                0x10084a98      0x158 .\CortexM4\ARM_GCC_541\Debug\cy_scb_i2c.o
 .text.MasterHandleDataReceive
                0x10084bf0       0xf0 .\CortexM4\ARM_GCC_541\Debug\cy_scb_i2c.o
 .text.SlaveHandleDataReceive
                0x10084ce0       0xbc .\CortexM4\ARM_GCC_541\Debug\cy_scb_i2c.o
 .text.Cy_SCB_I2C_Init
                0x10084d9c      0x18c .\CortexM4\ARM_GCC_541\Debug\cy_scb_i2c.o
                0x10084d9c                Cy_SCB_I2C_Init
 .text.Cy_SCB_I2C_GetDataRate
                0x10084f28       0x90 .\CortexM4\ARM_GCC_541\Debug\cy_scb_i2c.o
                0x10084f28                Cy_SCB_I2C_GetDataRate
 .text.Cy_SCB_I2C_SetDataRate
                0x10084fb8      0x1d0 .\CortexM4\ARM_GCC_541\Debug\cy_scb_i2c.o
                0x10084fb8                Cy_SCB_I2C_SetDataRate
 .text.Cy_SCB_I2C_MasterSendStart
                0x10085188       0xf0 .\CortexM4\ARM_GCC_541\Debug\cy_scb_i2c.o
                0x10085188                Cy_SCB_I2C_MasterSendStart
 .text.Cy_SCB_I2C_MasterSendReStart
                0x10085278       0xd4 .\CortexM4\ARM_GCC_541\Debug\cy_scb_i2c.o
                0x10085278                Cy_SCB_I2C_MasterSendReStart
 .text.Cy_SCB_I2C_MasterSendStop
                0x1008534c       0x64 .\CortexM4\ARM_GCC_541\Debug\cy_scb_i2c.o
                0x1008534c                Cy_SCB_I2C_MasterSendStop
 .text.Cy_SCB_I2C_MasterReadByte
                0x100853b0       0xb4 .\CortexM4\ARM_GCC_541\Debug\cy_scb_i2c.o
                0x100853b0                Cy_SCB_I2C_MasterReadByte
 .text.Cy_SCB_I2C_MasterWriteByte
                0x10085464       0x68 .\CortexM4\ARM_GCC_541\Debug\cy_scb_i2c.o
                0x10085464                Cy_SCB_I2C_MasterWriteByte
 .text.Cy_SCB_I2C_SlaveInterrupt
                0x100854cc       0xe4 .\CortexM4\ARM_GCC_541\Debug\cy_scb_i2c.o
                0x100854cc                Cy_SCB_I2C_SlaveInterrupt
 .text.Cy_SCB_I2C_MasterInterrupt
                0x100855b0       0x8c .\CortexM4\ARM_GCC_541\Debug\cy_scb_i2c.o
                0x100855b0                Cy_SCB_I2C_MasterInterrupt
 .text.Cy_SCB_I2C_Interrupt
                0x1008563c       0x18 .\CortexM4\ARM_GCC_541\Debug\cy_scb_i2c.o
                0x1008563c                Cy_SCB_I2C_Interrupt
 .text.Cy_SCB_SPI_Init
                0x10085654      0x268 .\CortexM4\ARM_GCC_541\Debug\cy_scb_spi.o
                0x10085654                Cy_SCB_SPI_Init
 .text.Cy_SCB_SPI_Disable
                0x100858bc       0x24 .\CortexM4\ARM_GCC_541\Debug\cy_scb_spi.o
                0x100858bc                Cy_SCB_SPI_Disable
 .text.Cy_SysInt_SetVector
                0x100858e0       0x48 .\CortexM4\ARM_GCC_541\Debug\cy_sysint.o
                0x100858e0                Cy_SysInt_SetVector
 .text.Cy_SysInt_Init
                0x10085928       0x74 .\CortexM4\ARM_GCC_541\Debug\cy_sysint.o
                0x10085928                Cy_SysInt_Init
 .text.Cy_SysLib_Delay
                0x1008599c       0x30 .\CortexM4\ARM_GCC_541\Debug\cy_syslib.o
                0x1008599c                Cy_SysLib_Delay
 .text.Cy_SysLib_DelayUs
                0x100859cc       0x14 .\CortexM4\ARM_GCC_541\Debug\cy_syslib.o
                0x100859cc                Cy_SysLib_DelayUs
 .text.Cy_SysLib_Halt
                0x100859e0        0x4 .\CortexM4\ARM_GCC_541\Debug\cy_syslib.o
                0x100859e0                Cy_SysLib_Halt
 .text.Cy_SysLib_AssertFailed
                0x100859e4       0x1c .\CortexM4\ARM_GCC_541\Debug\cy_syslib.o
                0x100859e4                Cy_SysLib_AssertFailed
 .text.Cy_SysLib_ProcessingFault
                0x10085a00        0x4 .\CortexM4\ARM_GCC_541\Debug\cy_syslib.o
                0x10085a00                Cy_SysLib_ProcessingFault
 .text.Cy_SysLib_FaultHandler
                0x10085a04       0xa4 .\CortexM4\ARM_GCC_541\Debug\cy_syslib.o
                0x10085a04                Cy_SysLib_FaultHandler
 .text          0x10085aa8       0x20 .\CortexM4\ARM_GCC_541\Debug\cy_syslib_gcc.o
                0x10085aa8                Cy_SysLib_DelayCycles
                0x10085aba                Cy_SysLib_EnterCriticalSection
                0x10085ac2                Cy_SysLib_ExitCriticalSection
 .text.Cy_TCPWM_Counter_Init
                0x10085ac8      0x110 .\CortexM4\ARM_GCC_541\Debug\cy_tcpwm_counter.o
                0x10085ac8                Cy_TCPWM_Counter_Init
 .text.Cy_TCPWM_PWM_Init
                0x10085bd8      0x16c .\CortexM4\ARM_GCC_541\Debug\cy_tcpwm_pwm.o
                0x10085bd8                Cy_TCPWM_PWM_Init
 .text.Cy_PDL_Init
                0x10085d44        0xc .\CortexM4\ARM_GCC_541\Debug\cy_device.o
                0x10085d44                Cy_PDL_Init
 .text.vListInitialise
                0x10085d50       0x18 .\CortexM4\ARM_GCC_541\Debug\list.o
                0x10085d50                vListInitialise
 .text.vListInitialiseItem
                0x10085d68        0x8 .\CortexM4\ARM_GCC_541\Debug\list.o
                0x10085d68                vListInitialiseItem
 .text.vListInsertEnd
                0x10085d70       0x18 .\CortexM4\ARM_GCC_541\Debug\list.o
                0x10085d70                vListInsertEnd
 .text.vListInsert
                0x10085d88       0x34 .\CortexM4\ARM_GCC_541\Debug\list.o
                0x10085d88                vListInsert
 .text.uxListRemove
                0x10085dbc       0x28 .\CortexM4\ARM_GCC_541\Debug\list.o
                0x10085dbc                uxListRemove
 .text.prvGetDisinheritPriorityAfterTimeout
                0x10085de4       0x14 .\CortexM4\ARM_GCC_541\Debug\queue.o
 .text.prvIsQueueFull
                0x10085df8       0x20 .\CortexM4\ARM_GCC_541\Debug\queue.o
 .text.prvIsQueueEmpty
                0x10085e18       0x1c .\CortexM4\ARM_GCC_541\Debug\queue.o
 .text.prvCopyDataToQueue
                0x10085e34       0x78 .\CortexM4\ARM_GCC_541\Debug\queue.o
 .text.prvCopyDataFromQueue
                0x10085eac       0x24 .\CortexM4\ARM_GCC_541\Debug\queue.o
 .text.prvUnlockQueue
                0x10085ed0       0x68 .\CortexM4\ARM_GCC_541\Debug\queue.o
 .text.xQueueGenericReset
                0x10085f38       0x80 .\CortexM4\ARM_GCC_541\Debug\queue.o
                0x10085f38                xQueueGenericReset
 .text.prvInitialiseNewQueue
                0x10085fb8       0x1c .\CortexM4\ARM_GCC_541\Debug\queue.o
 .text.xQueueGenericCreate
                0x10085fd4       0x4c .\CortexM4\ARM_GCC_541\Debug\queue.o
                0x10085fd4                xQueueGenericCreate
 .text.xQueueGenericSend
                0x10086020      0x190 .\CortexM4\ARM_GCC_541\Debug\queue.o
                0x10086020                xQueueGenericSend
 .text.prvInitialiseMutex
                0x100861b0       0x18 .\CortexM4\ARM_GCC_541\Debug\queue.o
 .text.xQueueCreateMutex
                0x100861c8       0x18 .\CortexM4\ARM_GCC_541\Debug\queue.o
                0x100861c8                xQueueCreateMutex
 .text.xQueueGenericSendFromISR
                0x100861e0       0xe4 .\CortexM4\ARM_GCC_541\Debug\queue.o
                0x100861e0                xQueueGenericSendFromISR
 .text.xQueueGiveFromISR
                0x100862c4       0xbc .\CortexM4\ARM_GCC_541\Debug\queue.o
                0x100862c4                xQueueGiveFromISR
 .text.xQueueReceive
                0x10086380      0x158 .\CortexM4\ARM_GCC_541\Debug\queue.o
                0x10086380                xQueueReceive
 .text.xQueueSemaphoreTake
                0x100864d8      0x190 .\CortexM4\ARM_GCC_541\Debug\queue.o
                0x100864d8                xQueueSemaphoreTake
 .text.vQueueAddToRegistry
                0x10086668       0x28 .\CortexM4\ARM_GCC_541\Debug\queue.o
                0x10086668                vQueueAddToRegistry
 .text.vQueueWaitForMessageRestricted
                0x10086690       0x4c .\CortexM4\ARM_GCC_541\Debug\queue.o
                0x10086690                vQueueWaitForMessageRestricted
 .text.prvResetNextTaskUnblockTime
                0x100866dc       0x2c .\CortexM4\ARM_GCC_541\Debug\tasks.o
 .text.prvDeleteTCB
                0x10086708       0x14 .\CortexM4\ARM_GCC_541\Debug\tasks.o
 .text.prvInitialiseNewTask
                0x1008671c       0xac .\CortexM4\ARM_GCC_541\Debug\tasks.o
 .text.prvInitialiseTaskLists
                0x100867c8       0x58 .\CortexM4\ARM_GCC_541\Debug\tasks.o
 .text.prvAddNewTaskToReadyList
                0x10086820       0xac .\CortexM4\ARM_GCC_541\Debug\tasks.o
 .text.prvCheckTasksWaitingTermination
                0x100868cc       0x44 .\CortexM4\ARM_GCC_541\Debug\tasks.o
 .text.prvIdleTask
                0x10086910       0x28 .\CortexM4\ARM_GCC_541\Debug\tasks.o
 .text.prvAddCurrentTaskToDelayedList
                0x10086938       0x68 .\CortexM4\ARM_GCC_541\Debug\tasks.o
 .text.xTaskCreate
                0x100869a0       0x64 .\CortexM4\ARM_GCC_541\Debug\tasks.o
                0x100869a0                xTaskCreate
 .text.vTaskStartScheduler
                0x10086a04       0x7c .\CortexM4\ARM_GCC_541\Debug\tasks.o
                0x10086a04                vTaskStartScheduler
 .text.vTaskSuspendAll
                0x10086a80       0x14 .\CortexM4\ARM_GCC_541\Debug\tasks.o
                0x10086a80                vTaskSuspendAll
 .text.xTaskGetTickCount
                0x10086a94        0xc .\CortexM4\ARM_GCC_541\Debug\tasks.o
                0x10086a94                xTaskGetTickCount
 .text.xTaskIncrementTick
                0x10086aa0       0xfc .\CortexM4\ARM_GCC_541\Debug\tasks.o
                0x10086aa0                xTaskIncrementTick
 .text.xTaskResumeAll
                0x10086b9c       0xf0 .\CortexM4\ARM_GCC_541\Debug\tasks.o
                0x10086b9c                xTaskResumeAll
 .text.vTaskDelay
                0x10086c8c       0x50 .\CortexM4\ARM_GCC_541\Debug\tasks.o
                0x10086c8c                vTaskDelay
 .text.vTaskSwitchContext
                0x10086cdc       0xc8 .\CortexM4\ARM_GCC_541\Debug\tasks.o
                0x10086cdc                vTaskSwitchContext
 .text.vTaskPlaceOnEventList
                0x10086da4       0x34 .\CortexM4\ARM_GCC_541\Debug\tasks.o
                0x10086da4                vTaskPlaceOnEventList
 .text.vTaskPlaceOnEventListRestricted
                0x10086dd8       0x3c .\CortexM4\ARM_GCC_541\Debug\tasks.o
                0x10086dd8                vTaskPlaceOnEventListRestricted
 .text.xTaskRemoveFromEventList
                0x10086e14       0x88 .\CortexM4\ARM_GCC_541\Debug\tasks.o
                0x10086e14                xTaskRemoveFromEventList
 .text.vTaskInternalSetTimeOutState
                0x10086e9c       0x14 .\CortexM4\ARM_GCC_541\Debug\tasks.o
                0x10086e9c                vTaskInternalSetTimeOutState
 .text.xTaskCheckForTimeOut
                0x10086eb0       0x80 .\CortexM4\ARM_GCC_541\Debug\tasks.o
                0x10086eb0                xTaskCheckForTimeOut
 .text.vTaskMissedYield
                0x10086f30       0x10 .\CortexM4\ARM_GCC_541\Debug\tasks.o
                0x10086f30                vTaskMissedYield
 .text.xTaskGetCurrentTaskHandle
                0x10086f40        0xc .\CortexM4\ARM_GCC_541\Debug\tasks.o
                0x10086f40                xTaskGetCurrentTaskHandle
 .text.xTaskGetSchedulerState
                0x10086f4c       0x20 .\CortexM4\ARM_GCC_541\Debug\tasks.o
                0x10086f4c                xTaskGetSchedulerState
 .text.xTaskPriorityInherit
                0x10086f6c       0xa8 .\CortexM4\ARM_GCC_541\Debug\tasks.o
                0x10086f6c                xTaskPriorityInherit
 .text.xTaskPriorityDisinherit
                0x10087014       0x94 .\CortexM4\ARM_GCC_541\Debug\tasks.o
                0x10087014                xTaskPriorityDisinherit
 .text.vTaskPriorityDisinheritAfterTimeout
                0x100870a8       0xac .\CortexM4\ARM_GCC_541\Debug\tasks.o
                0x100870a8                vTaskPriorityDisinheritAfterTimeout
 .text.pvTaskIncrementMutexHeldCount
                0x10087154       0x20 .\CortexM4\ARM_GCC_541\Debug\tasks.o
                0x10087154                pvTaskIncrementMutexHeldCount
 .text.prvGetNextExpireTime
                0x10087174       0x20 .\CortexM4\ARM_GCC_541\Debug\timers.o
 .text.prvInsertTimerInActiveList
                0x10087194       0x44 .\CortexM4\ARM_GCC_541\Debug\timers.o
 .text.prvCheckForValidListAndQueue
                0x100871d8       0x48 .\CortexM4\ARM_GCC_541\Debug\timers.o
 .text.xTimerCreateTimerTask
                0x10087220       0x50 .\CortexM4\ARM_GCC_541\Debug\timers.o
                0x10087220                xTimerCreateTimerTask
 .text.xTimerGenericCommand
                0x10087270       0x6c .\CortexM4\ARM_GCC_541\Debug\timers.o
                0x10087270                xTimerGenericCommand
 .text.prvSwitchTimerLists
                0x100872dc       0x74 .\CortexM4\ARM_GCC_541\Debug\timers.o
 .text.prvSampleTimeNow
                0x10087350       0x2c .\CortexM4\ARM_GCC_541\Debug\timers.o
 .text.prvProcessExpiredTimer
                0x1008737c       0x5c .\CortexM4\ARM_GCC_541\Debug\timers.o
 .text.prvProcessTimerOrBlockTask
                0x100873d8       0x70 .\CortexM4\ARM_GCC_541\Debug\timers.o
 .text.prvProcessReceivedCommands
                0x10087448       0xbc .\CortexM4\ARM_GCC_541\Debug\timers.o
 .text.prvTimerTask
                0x10087504       0x18 .\CortexM4\ARM_GCC_541\Debug\timers.o
 .text.prvTaskExitError
                0x1008751c       0x40 .\CortexM4\ARM_GCC_541\Debug\port.o
 .text.prvPortStartFirstTask
                0x1008755c       0x28 .\CortexM4\ARM_GCC_541\Debug\port.o
 .text.vPortEnableVFP
                0x10087584       0x14 .\CortexM4\ARM_GCC_541\Debug\port.o
 .text.pxPortInitialiseStack
                0x10087598       0x2c .\CortexM4\ARM_GCC_541\Debug\port.o
                0x10087598                pxPortInitialiseStack
 *fill*         0x100875c4        0xc 
 .text.SVC_Handler
                0x100875d0       0x24 .\CortexM4\ARM_GCC_541\Debug\port.o
                0x100875d0                SVC_Handler
 .text.vPortEnterCritical
                0x100875f4       0x44 .\CortexM4\ARM_GCC_541\Debug\port.o
                0x100875f4                vPortEnterCritical
 .text.vPortExitCritical
                0x10087638       0x2c .\CortexM4\ARM_GCC_541\Debug\port.o
                0x10087638                vPortExitCritical
 *fill*         0x10087664        0xc 
 .text.PendSV_Handler
                0x10087670       0x64 .\CortexM4\ARM_GCC_541\Debug\port.o
                0x10087670                PendSV_Handler
 .text.SysTick_Handler
                0x100876d4       0x2c .\CortexM4\ARM_GCC_541\Debug\port.o
                0x100876d4                SysTick_Handler
 .text.vPortSetupTimerInterrupt
                0x10087700       0x38 .\CortexM4\ARM_GCC_541\Debug\port.o
                0x10087700                vPortSetupTimerInterrupt
 .text.xPortStartScheduler
                0x10087738       0xc4 .\CortexM4\ARM_GCC_541\Debug\port.o
                0x10087738                xPortStartScheduler
 .text.vPortValidateInterruptPriority
                0x100877fc       0x58 .\CortexM4\ARM_GCC_541\Debug\port.o
                0x100877fc                vPortValidateInterruptPriority
 .text.vApplicationStackOverflowHook
                0x10087854       0x24 .\CortexM4\ARM_GCC_541\Debug\port.o
                0x10087854                vApplicationStackOverflowHook
 .text.prvHeapInit
                0x10087878       0x58 .\CortexM4\ARM_GCC_541\Debug\heap_4.o
 .text.prvInsertBlockIntoFreeList
                0x100878d0       0x58 .\CortexM4\ARM_GCC_541\Debug\heap_4.o
 .text.pvPortMalloc
                0x10087928      0x10c .\CortexM4\ARM_GCC_541\Debug\heap_4.o
                0x10087928                pvPortMalloc
 .text.vPortFree
                0x10087a34       0x78 .\CortexM4\ARM_GCC_541\Debug\heap_4.o
                0x10087a34                vPortFree
 .text._write   0x10087aac       0x24 .\CortexM4\ARM_GCC_541\Debug\retarget.o
                0x10087aac                _write
 .text._read    0x10087ad0       0x2c .\CortexM4\ARM_GCC_541\Debug\retarget.o
                0x10087ad0                _read
 .text.PWM_Start
                0x10087afc       0x30 .\CortexM4\ARM_GCC_541\Debug\PWM.o
                0x10087afc                PWM_Start
 .text.I2C_1_Interrupt
                0x10087b2c       0x14 .\CortexM4\ARM_GCC_541\Debug\I2C_1.o
 .text.I2C_1_Start
                0x10087b40       0x78 .\CortexM4\ARM_GCC_541\Debug\I2C_1.o
                0x10087b40                I2C_1_Start
 .text.I2C_2_Interrupt
                0x10087bb8       0x14 .\CortexM4\ARM_GCC_541\Debug\I2C_2.o
 .text.I2C_2_Start
                0x10087bcc       0x78 .\CortexM4\ARM_GCC_541\Debug\I2C_2.o
                0x10087bcc                I2C_2_Start
 .text.CapSense_Initialize
                0x10087c44       0x24 .\CortexM4\ARM_GCC_541\Debug\CapSense_Control.o
                0x10087c44                CapSense_Initialize
 .text.CapSense_Start
                0x10087c68       0x34 .\CortexM4\ARM_GCC_541\Debug\CapSense_Control.o
                0x10087c68                CapSense_Start
 .text.CapSense_ProcessAllWidgets
                0x10087c9c       0x74 .\CortexM4\ARM_GCC_541\Debug\CapSense_Control.o
                0x10087c9c                CapSense_ProcessAllWidgets
 .text.CapSense_DpInitialize
                0x10087d10       0x84 .\CortexM4\ARM_GCC_541\Debug\CapSense_Processing.o
                0x10087d10                CapSense_DpInitialize
 .text.CapSense_DpUpdateThresholds
                0x10087d94       0x34 .\CortexM4\ARM_GCC_541\Debug\CapSense_Processing.o
                0x10087d94                CapSense_DpUpdateThresholds
 .text.CapSense_DpUpdateDifferences
                0x10087dc8       0x18 .\CortexM4\ARM_GCC_541\Debug\CapSense_Processing.o
                0x10087dc8                CapSense_DpUpdateDifferences
 .text.CapSense_DpProcessCsxWidgetRawCounts
                0x10087de0       0x38 .\CortexM4\ARM_GCC_541\Debug\CapSense_Processing.o
                0x10087de0                CapSense_DpProcessCsxWidgetRawCounts
 .text.CapSense_DpProcessCsdWidgetRawCounts
                0x10087e18       0x54 .\CortexM4\ARM_GCC_541\Debug\CapSense_Processing.o
                0x10087e18                CapSense_DpProcessCsdWidgetRawCounts
 .text.CapSense_DpProcessButton
                0x10087e6c       0x64 .\CortexM4\ARM_GCC_541\Debug\CapSense_Processing.o
                0x10087e6c                CapSense_DpProcessButton
 .text.CapSense_DpProcessCsxWidgetStatus
                0x10087ed0       0x64 .\CortexM4\ARM_GCC_541\Debug\CapSense_Processing.o
                0x10087ed0                CapSense_DpProcessCsxWidgetStatus
 .text.CapSense_DpProcessSlider
                0x10087f34       0xcc .\CortexM4\ARM_GCC_541\Debug\CapSense_Processing.o
                0x10087f34                CapSense_DpProcessSlider
 .text.CapSense_DpProcessCsdWidgetStatus
                0x10088000       0x74 .\CortexM4\ARM_GCC_541\Debug\CapSense_Processing.o
                0x10088000                CapSense_DpProcessCsdWidgetStatus
 .text.CapSense_DsInitialize
                0x10088074       0x7c .\CortexM4\ARM_GCC_541\Debug\CapSense_Structure.o
                0x10088074                CapSense_DsInitialize
 .text.CapSense_IsWidgetActive
                0x100880f0       0x28 .\CortexM4\ARM_GCC_541\Debug\CapSense_Structure.o
                0x100880f0                CapSense_IsWidgetActive
 .text.CapSense_GetCentroidPos
                0x10088118       0x38 .\CortexM4\ARM_GCC_541\Debug\CapSense_Structure.o
                0x10088118                CapSense_GetCentroidPos
 .text.CapSense_TuInitialize
                0x10088150       0x14 .\CortexM4\ARM_GCC_541\Debug\CapSense_Tuner.o
                0x10088150                CapSense_TuInitialize
 .text.CapSense_FtInitializeBaselineChannel
                0x10088164       0x20 .\CortexM4\ARM_GCC_541\Debug\CapSense_Filter.o
                0x10088164                CapSense_FtInitializeBaselineChannel
 .text.CapSense_FtInitializeBaseline
                0x10088184       0x20 .\CortexM4\ARM_GCC_541\Debug\CapSense_Filter.o
                0x10088184                CapSense_FtInitializeBaseline
 .text.CapSense_InitializeSensorBaseline
                0x100881a4       0x20 .\CortexM4\ARM_GCC_541\Debug\CapSense_Filter.o
                0x100881a4                CapSense_InitializeSensorBaseline
 .text.CapSense_InitializeWidgetBaseline
                0x100881c4       0x28 .\CortexM4\ARM_GCC_541\Debug\CapSense_Filter.o
                0x100881c4                CapSense_InitializeWidgetBaseline
 .text.CapSense_InitializeAllBaselines
                0x100881ec       0x18 .\CortexM4\ARM_GCC_541\Debug\CapSense_Filter.o
                0x100881ec                CapSense_InitializeAllBaselines
 .text.CapSense_InitializeWidgetFilter
                0x10088204       0x48 .\CortexM4\ARM_GCC_541\Debug\CapSense_Filter.o
                0x10088204                CapSense_InitializeWidgetFilter
 .text.CapSense_InitializeAllFilters
                0x1008824c       0x18 .\CortexM4\ARM_GCC_541\Debug\CapSense_Filter.o
                0x1008824c                CapSense_InitializeAllFilters
 .text.CapSense_FtInitialize
                0x10088264        0x8 .\CortexM4\ARM_GCC_541\Debug\CapSense_Filter.o
                0x10088264                CapSense_FtInitialize
 .text.CapSense_FtIIR1stOrder
                0x1008826c       0x14 .\CortexM4\ARM_GCC_541\Debug\CapSense_Filter.o
                0x1008826c                CapSense_FtIIR1stOrder
 .text.CapSense_FtUpdateBaseline
                0x10088280       0xa0 .\CortexM4\ARM_GCC_541\Debug\CapSense_Filter.o
                0x10088280                CapSense_FtUpdateBaseline
 .text.CapSense_UpdateSensorBaseline
                0x10088320       0x24 .\CortexM4\ARM_GCC_541\Debug\CapSense_Filter.o
                0x10088320                CapSense_UpdateSensorBaseline
 .text.CapSense_UpdateWidgetBaseline
                0x10088344       0x2c .\CortexM4\ARM_GCC_541\Debug\CapSense_Filter.o
                0x10088344                CapSense_UpdateWidgetBaseline
 .text.CapSense_UpdateAllBaselines
                0x10088370       0x1c .\CortexM4\ARM_GCC_541\Debug\CapSense_Filter.o
                0x10088370                CapSense_UpdateAllBaselines
 .text.CapSense_SsCalcLfsrSize
                0x1008838c       0xb0 .\CortexM4\ARM_GCC_541\Debug\CapSense_Sensing.o
 .text.CapSense_SsCalcLfsrScale
                0x1008843c       0x38 .\CortexM4\ARM_GCC_541\Debug\CapSense_Sensing.o
 .text.CapSense_SsDisableCSXMode
                0x10088474        0x8 .\CortexM4\ARM_GCC_541\Debug\CapSense_Sensing.o
 .text.CapSense_SsCSDDisableMode
                0x1008847c       0x38 .\CortexM4\ARM_GCC_541\Debug\CapSense_Sensing.o
 .text.CapSense_IsBusy
                0x100884b4       0x10 .\CortexM4\ARM_GCC_541\Debug\CapSense_Sensing.o
                0x100884b4                CapSense_IsBusy
 .text.CapSense_SetBusyFlags
                0x100884c4       0x18 .\CortexM4\ARM_GCC_541\Debug\CapSense_Sensing.o
                0x100884c4                CapSense_SetBusyFlags
 .text.CapSense_ClrBusyFlags
                0x100884dc       0x18 .\CortexM4\ARM_GCC_541\Debug\CapSense_Sensing.o
                0x100884dc                CapSense_ClrBusyFlags
 .text.CapSense_SetupWidget
                0x100884f4       0x64 .\CortexM4\ARM_GCC_541\Debug\CapSense_Sensing.o
                0x100884f4                CapSense_SetupWidget
 .text.CapSense_Scan
                0x10088558       0x3c .\CortexM4\ARM_GCC_541\Debug\CapSense_Sensing.o
                0x10088558                CapSense_Scan
 .text.CapSense_ScanAllWidgets
                0x10088594       0x54 .\CortexM4\ARM_GCC_541\Debug\CapSense_Sensing.o
                0x10088594                CapSense_ScanAllWidgets
 .text.CapSense_SsSwitchSensingMode
                0x100885e8       0x50 .\CortexM4\ARM_GCC_541\Debug\CapSense_Sensing.o
                0x100885e8                CapSense_SsSwitchSensingMode
 .text.CapSense_SsSetIOsInDefaultState
                0x10088638       0x28 .\CortexM4\ARM_GCC_541\Debug\CapSense_Sensing.o
                0x10088638                CapSense_SsSetIOsInDefaultState
 .text.CapSense_SsPostAllWidgetsScan
                0x10088660       0x78 .\CortexM4\ARM_GCC_541\Debug\CapSense_Sensing.o
                0x10088660                CapSense_SsPostAllWidgetsScan
 .text.CapSense_SsIsrInitialize
                0x100886d8       0x58 .\CortexM4\ARM_GCC_541\Debug\CapSense_Sensing.o
                0x100886d8                CapSense_SsIsrInitialize
 .text.CapSense_CalibrateWidget
                0x10088730       0x3c .\CortexM4\ARM_GCC_541\Debug\CapSense_Sensing.o
                0x10088730                CapSense_CalibrateWidget
 .text.CapSense_CalibrateAllWidgets
                0x1008876c       0x1c .\CortexM4\ARM_GCC_541\Debug\CapSense_Sensing.o
                0x1008876c                CapSense_CalibrateAllWidgets
 .text.CapSense_SsClearCSDSensors
                0x10088788       0x44 .\CortexM4\ARM_GCC_541\Debug\CapSense_Sensing.o
                0x10088788                CapSense_SsClearCSDSensors
 .text.CapSense_SsCSDGetColSnsClkDivider
                0x100887cc       0x14 .\CortexM4\ARM_GCC_541\Debug\CapSense_Sensing.o
                0x100887cc                CapSense_SsCSDGetColSnsClkDivider
 .text.CapSense_SsCSDSetColSnsClkDivider
                0x100887e0       0x14 .\CortexM4\ARM_GCC_541\Debug\CapSense_Sensing.o
                0x100887e0                CapSense_SsCSDSetColSnsClkDivider
 .text.CapSense_SsCSDCalcPrsSize
                0x100887f4       0x24 .\CortexM4\ARM_GCC_541\Debug\CapSense_Sensing.o
                0x100887f4                CapSense_SsCSDCalcPrsSize
 .text.CapSense_SsSetWidgetSenseClkSrc
                0x10088818       0x54 .\CortexM4\ARM_GCC_541\Debug\CapSense_Sensing.o
 .text.CapSense_SsAutoTune
                0x1008886c      0x18c .\CortexM4\ARM_GCC_541\Debug\CapSense_Sensing.o
                0x1008886c                CapSense_SsAutoTune
 .text.CapSense_SsInitializeSourceSenseClk
                0x100889f8       0x64 .\CortexM4\ARM_GCC_541\Debug\CapSense_Sensing.o
                0x100889f8                CapSense_SsInitializeSourceSenseClk
 .text.CapSense_SsInitialize
                0x10088a5c       0x14 .\CortexM4\ARM_GCC_541\Debug\CapSense_Sensing.o
                0x10088a5c                CapSense_SsInitialize
 .text.CapSense_BistDischargeExtCapacitors
                0x10088a70       0xc0 .\CortexM4\ARM_GCC_541\Debug\CapSense_Sensing.o
                0x10088a70                CapSense_BistDischargeExtCapacitors
 .text.CapSense_SsCSDPostScan
                0x10088b30       0x54 .\CortexM4\ARM_GCC_541\Debug\CapSense_INT.o
 .text.CapSense_SsCSDInitNextScan
                0x10088b84       0xa0 .\CortexM4\ARM_GCC_541\Debug\CapSense_INT.o
 .text.CapSense_CSDPostSingleScan
                0x10088c24       0x2c .\CortexM4\ARM_GCC_541\Debug\CapSense_INT.o
                0x10088c24                CapSense_CSDPostSingleScan
 .text.CapSense_CSDPostMultiScan
                0x10088c50       0x44 .\CortexM4\ARM_GCC_541\Debug\CapSense_INT.o
                0x10088c50                CapSense_CSDPostMultiScan
 .text.CapSense_SsCSDSetModeSnsClockDivider
                0x10088c94       0x10 .\CortexM4\ARM_GCC_541\Debug\CapSense_SensingCSD_LL.o
 .text.CapSense_SsCSDSetFilterDelay
                0x10088ca4       0x50 .\CortexM4\ARM_GCC_541\Debug\CapSense_SensingCSD_LL.o
 .text.CapSense_SsCSDConfigIDACs
                0x10088cf4       0x1c .\CortexM4\ARM_GCC_541\Debug\CapSense_SensingCSD_LL.o
 .text.CapSense_SsCSDSetSingleIdacMode
                0x10088d10       0x28 .\CortexM4\ARM_GCC_541\Debug\CapSense_SensingCSD_LL.o
 .text.CapSense_SsCSDRestoreIdacMode
                0x10088d38       0x2c .\CortexM4\ARM_GCC_541\Debug\CapSense_SensingCSD_LL.o
 .text.CapSense_SsCSDCalibrateCheck
                0x10088d64       0x4c .\CortexM4\ARM_GCC_541\Debug\CapSense_SensingCSD_LL.o
 .text.CapSense_SsCSDCmodPrecharge
                0x10088db0       0x6c .\CortexM4\ARM_GCC_541\Debug\CapSense_SensingCSD_LL.o
 .text.CapSense_SsCSDTriggerScan
                0x10088e1c       0x98 .\CortexM4\ARM_GCC_541\Debug\CapSense_SensingCSD_LL.o
 .text.CapSense_SsCSDInitialize
                0x10088eb4      0x144 .\CortexM4\ARM_GCC_541\Debug\CapSense_SensingCSD_LL.o
                0x10088eb4                CapSense_SsCSDInitialize
 .text.CapSense_SsCSDSetUpIdacs
                0x10088ff8       0x50 .\CortexM4\ARM_GCC_541\Debug\CapSense_SensingCSD_LL.o
                0x10088ff8                CapSense_SsCSDSetUpIdacs
 .text.CapSense_SsCSDGetNumberOfConversions
                0x10089048       0x30 .\CortexM4\ARM_GCC_541\Debug\CapSense_SensingCSD_LL.o
                0x10089048                CapSense_SsCSDGetNumberOfConversions
 .text.CapSense_SsCSDConfigClock
                0x10089078       0x3c .\CortexM4\ARM_GCC_541\Debug\CapSense_SensingCSD_LL.o
                0x10089078                CapSense_SsCSDConfigClock
 .text.CapSense_SsCSDCalculateScanDuration
                0x100890b4       0x18 .\CortexM4\ARM_GCC_541\Debug\CapSense_SensingCSD_LL.o
                0x100890b4                CapSense_SsCSDCalculateScanDuration
 .text.CapSense_SsCSDStartSample
                0x100890cc       0x44 .\CortexM4\ARM_GCC_541\Debug\CapSense_SensingCSD_LL.o
                0x100890cc                CapSense_SsCSDStartSample
 .text.CapSense_CSDScanExt
                0x10089110       0x18 .\CortexM4\ARM_GCC_541\Debug\CapSense_SensingCSD_LL.o
                0x10089110                CapSense_CSDScanExt
 .text.CapSense_CSDConnectSns
                0x10089128       0xa0 .\CortexM4\ARM_GCC_541\Debug\CapSense_SensingCSD_LL.o
                0x10089128                CapSense_CSDConnectSns
 .text.CapSense_CSDScan
                0x100891c8       0x6c .\CortexM4\ARM_GCC_541\Debug\CapSense_SensingCSD_LL.o
                0x100891c8                CapSense_CSDScan
 .text.CapSense_SsCSDConnectSensorExt
                0x10089234       0x24 .\CortexM4\ARM_GCC_541\Debug\CapSense_SensingCSD_LL.o
                0x10089234                CapSense_SsCSDConnectSensorExt
 .text.CapSense_CSDDisconnectSns
                0x10089258       0xac .\CortexM4\ARM_GCC_541\Debug\CapSense_SensingCSD_LL.o
                0x10089258                CapSense_CSDDisconnectSns
 .text.CapSense_SsCSDElectrodeCheck
                0x10089304       0x24 .\CortexM4\ARM_GCC_541\Debug\CapSense_SensingCSD_LL.o
                0x10089304                CapSense_SsCSDElectrodeCheck
 .text.CapSense_CSDSetupWidget
                0x10089328       0x58 .\CortexM4\ARM_GCC_541\Debug\CapSense_SensingCSD_LL.o
                0x10089328                CapSense_CSDSetupWidget
 .text.CapSense_CSDSetupWidgetExt
                0x10089380       0x64 .\CortexM4\ARM_GCC_541\Debug\CapSense_SensingCSD_LL.o
                0x10089380                CapSense_CSDSetupWidgetExt
 .text.CapSense_SsCSDCalibrateOneSensor
                0x100893e4       0xe4 .\CortexM4\ARM_GCC_541\Debug\CapSense_SensingCSD_LL.o
 .text.CapSense_CSDCalibrateWidget
                0x100894c8      0x114 .\CortexM4\ARM_GCC_541\Debug\CapSense_SensingCSD_LL.o
                0x100894c8                CapSense_CSDCalibrateWidget
 .text.CapSense_SsCalcCsxScanPeriod
                0x100895dc       0x10 .\CortexM4\ARM_GCC_541\Debug\CapSense_SensingCSX_LL.o
 .text.CapSense_CSXScanISR
                0x100895ec       0xd0 .\CortexM4\ARM_GCC_541\Debug\CapSense_SensingCSX_LL.o
                0x100895ec                CapSense_CSXScanISR
 .text.CapSense_SsCSXStartSample
                0x100896bc      0x14c .\CortexM4\ARM_GCC_541\Debug\CapSense_SensingCSX_LL.o
 .text.CapSense_CSXInitialize
                0x10089808      0x160 .\CortexM4\ARM_GCC_541\Debug\CapSense_SensingCSX_LL.o
                0x10089808                CapSense_CSXInitialize
 .text.CapSense_CSXCalibrateWidget
                0x10089968       0xcc .\CortexM4\ARM_GCC_541\Debug\CapSense_SensingCSX_LL.o
                0x10089968                CapSense_CSXCalibrateWidget
 .text.CapSense_CSXConnectTx
                0x10089a34       0xa0 .\CortexM4\ARM_GCC_541\Debug\CapSense_SensingCSX_LL.o
                0x10089a34                CapSense_CSXConnectTx
 .text.CapSense_CSXConnectRx
                0x10089ad4       0x9c .\CortexM4\ARM_GCC_541\Debug\CapSense_SensingCSX_LL.o
                0x10089ad4                CapSense_CSXConnectRx
 .text.CapSense_CSXScan
                0x10089b70       0x60 .\CortexM4\ARM_GCC_541\Debug\CapSense_SensingCSX_LL.o
                0x10089b70                CapSense_CSXScan
 .text.CapSense_CSXDisconnectTx
                0x10089bd0       0x64 .\CortexM4\ARM_GCC_541\Debug\CapSense_SensingCSX_LL.o
                0x10089bd0                CapSense_CSXDisconnectTx
 .text.CapSense_CSXDisconnectRx
                0x10089c34       0xac .\CortexM4\ARM_GCC_541\Debug\CapSense_SensingCSX_LL.o
                0x10089c34                CapSense_CSXDisconnectRx
 .text.CapSense_SsCSXPostMultiScan
                0x10089ce0       0xd0 .\CortexM4\ARM_GCC_541\Debug\CapSense_SensingCSX_LL.o
 .text.CapSense_CSXElectrodeCheck
                0x10089db0       0x24 .\CortexM4\ARM_GCC_541\Debug\CapSense_SensingCSX_LL.o
                0x10089db0                CapSense_CSXElectrodeCheck
 .text.CapSense_CSXSetupWidget
                0x10089dd4       0x8c .\CortexM4\ARM_GCC_541\Debug\CapSense_SensingCSX_LL.o
                0x10089dd4                CapSense_CSXSetupWidget
 .text.CapSense_SsCSXGetTxClkDivider
                0x10089e60       0x14 .\CortexM4\ARM_GCC_541\Debug\CapSense_SensingCSX_LL.o
                0x10089e60                CapSense_SsCSXGetTxClkDivider
 .text.CapSense_DpFindLocalMaxSd
                0x10089e74       0xd8 .\CortexM4\ARM_GCC_541\Debug\CapSense_Centroid_LL.o
                0x10089e74                CapSense_DpFindLocalMaxSd
 .text.CapSense_DpCalcLinearCentroid
                0x10089f4c       0x84 .\CortexM4\ARM_GCC_541\Debug\CapSense_Centroid_LL.o
                0x10089f4c                CapSense_DpCalcLinearCentroid
 .text.SmartSense_TunePrescalers
                0x10089fd0       0x4c C:\Program Files (x86)\Cypress\PSoC Creator\4.4\PSoC Creator\psoc\content\CyComponentLibrary\CyComponentLibrary.cylib\CapSense_v3_0\Library\CapSense_Library_GCC_M4.a(CapSense_SmartSense_LL.o)
                0x10089fd0                SmartSense_TunePrescalers
 .text.SmartSense_TuneSensitivity
                0x1008a01c       0x64 C:\Program Files (x86)\Cypress\PSoC Creator\4.4\PSoC Creator\psoc\content\CyComponentLibrary\CyComponentLibrary.cylib\CapSense_v3_0\Library\CapSense_Library_GCC_M4.a(CapSense_SmartSense_LL.o)
                0x1008a01c                SmartSense_TuneSensitivity
 .text.SmartSense_UpdateThresholds
                0x1008a080       0x38 C:\Program Files (x86)\Cypress\PSoC Creator\4.4\PSoC Creator\psoc\content\CyComponentLibrary\CyComponentLibrary.cylib\CapSense_v3_0\Library\CapSense_Library_GCC_M4.a(CapSense_SmartSense_SL.o)
                0x1008a080                SmartSense_UpdateThresholds
 .text.SmartSense_InitializeNoiseEnvelope
                0x1008a0b8       0x18 C:\Program Files (x86)\Cypress\PSoC Creator\4.4\PSoC Creator\psoc\content\CyComponentLibrary\CyComponentLibrary.cylib\CapSense_v3_0\Library\CapSense_Library_GCC_M4.a(CapSense_SmartSense_SL.o)
                0x1008a0b8                SmartSense_InitializeNoiseEnvelope
 .text.SmartSense_RunNoiseEnvelope
                0x1008a0d0       0x8a C:\Program Files (x86)\Cypress\PSoC Creator\4.4\PSoC Creator\psoc\content\CyComponentLibrary\CyComponentLibrary.cylib\CapSense_v3_0\Library\CapSense_Library_GCC_M4.a(CapSense_SmartSense_SL.o)
                0x1008a0d0                SmartSense_RunNoiseEnvelope
 *fill*         0x1008a15a        0x2 
 .text.round    0x1008a15c       0x9c c:/program files (x86)/cypress/psoc creator/4.4/psoc creator/import/gnu/arm/5.4.1/bin/../lib/gcc/arm-none-eabi/5.4.1/../../../../arm-none-eabi/lib/armv7e-m/softfp\libm.a(lib_a-s_round.o)
                0x1008a15c                round
 .text.pow      0x1008a1f8      0x308 c:/program files (x86)/cypress/psoc creator/4.4/psoc creator/import/gnu/arm/5.4.1/bin/../lib/gcc/arm-none-eabi/5.4.1/../../../../arm-none-eabi/lib/armv7e-m/softfp\libm.a(lib_a-w_pow.o)
                0x1008a1f8                pow
 .text.sqrt     0x1008a500       0xb8 c:/program files (x86)/cypress/psoc creator/4.4/psoc creator/import/gnu/arm/5.4.1/bin/../lib/gcc/arm-none-eabi/5.4.1/../../../../arm-none-eabi/lib/armv7e-m/softfp\libm.a(lib_a-w_sqrt.o)
                0x1008a500                sqrt
 .text.__ieee754_pow
                0x1008a5b8      0xab0 c:/program files (x86)/cypress/psoc creator/4.4/psoc creator/import/gnu/arm/5.4.1/bin/../lib/gcc/arm-none-eabi/5.4.1/../../../../arm-none-eabi/lib/armv7e-m/softfp\libm.a(lib_a-e_pow.o)
                0x1008a5b8                __ieee754_pow
 .text.__ieee754_sqrt
                0x1008b068      0x184 c:/program files (x86)/cypress/psoc creator/4.4/psoc creator/import/gnu/arm/5.4.1/bin/../lib/gcc/arm-none-eabi/5.4.1/../../../../arm-none-eabi/lib/armv7e-m/softfp\libm.a(lib_a-e_sqrt.o)
                0x1008b068                __ieee754_sqrt
 .text.fabs     0x1008b1ec        0x8 c:/program files (x86)/cypress/psoc creator/4.4/psoc creator/import/gnu/arm/5.4.1/bin/../lib/gcc/arm-none-eabi/5.4.1/../../../../arm-none-eabi/lib/armv7e-m/softfp\libm.a(lib_a-s_fabs.o)
                0x1008b1ec                fabs
 .text.finite   0x1008b1f4        0xc c:/program files (x86)/cypress/psoc creator/4.4/psoc creator/import/gnu/arm/5.4.1/bin/../lib/gcc/arm-none-eabi/5.4.1/../../../../arm-none-eabi/lib/armv7e-m/softfp\libm.a(lib_a-s_finite.o)
                0x1008b1f4                finite
 .text.matherr  0x1008b200        0x4 c:/program files (x86)/cypress/psoc creator/4.4/psoc creator/import/gnu/arm/5.4.1/bin/../lib/gcc/arm-none-eabi/5.4.1/../../../../arm-none-eabi/lib/armv7e-m/softfp\libm.a(lib_a-s_matherr.o)
                0x1008b200                matherr
 .text.nan      0x1008b204        0xc c:/program files (x86)/cypress/psoc creator/4.4/psoc creator/import/gnu/arm/5.4.1/bin/../lib/gcc/arm-none-eabi/5.4.1/../../../../arm-none-eabi/lib/armv7e-m/softfp\libm.a(lib_a-s_nan.o)
                0x1008b204                nan
 .text.rint     0x1008b210      0x118 c:/program files (x86)/cypress/psoc creator/4.4/psoc creator/import/gnu/arm/5.4.1/bin/../lib/gcc/arm-none-eabi/5.4.1/../../../../arm-none-eabi/lib/armv7e-m/softfp\libm.a(lib_a-s_rint.o)
                0x1008b210                rint
 .text.scalbn   0x1008b328       0xfc c:/program files (x86)/cypress/psoc creator/4.4/psoc creator/import/gnu/arm/5.4.1/bin/../lib/gcc/arm-none-eabi/5.4.1/../../../../arm-none-eabi/lib/armv7e-m/softfp\libm.a(lib_a-s_scalbn.o)
                0x1008b328                scalbn
 .text.copysign
                0x1008b424       0x10 c:/program files (x86)/cypress/psoc creator/4.4/psoc creator/import/gnu/arm/5.4.1/bin/../lib/gcc/arm-none-eabi/5.4.1/../../../../arm-none-eabi/lib/armv7e-m/softfp\libm.a(lib_a-s_copysign.o)
                0x1008b424                copysign
 .text.arm_min_f32
                0x1008b434      0x130 .\CMSIS\Lib\GCC\libarm_cortexM4l_math.a(arm_min_f32.o)
                0x1008b434                arm_min_f32
 .text.arm_mean_f32
                0x1008b564       0x78 .\CMSIS\Lib\GCC\libarm_cortexM4l_math.a(arm_mean_f32.o)
                0x1008b564                arm_mean_f32
 .text.arm_max_f32
                0x1008b5dc      0x130 .\CMSIS\Lib\GCC\libarm_cortexM4l_math.a(arm_max_f32.o)
                0x1008b5dc                arm_max_f32
 .text.arm_fir_init_f32
                0x1008b70c       0x24 .\CMSIS\Lib\GCC\libarm_cortexM4l_math.a(arm_fir_init_f32.o)
                0x1008b70c                arm_fir_init_f32
 .text.arm_fir_f32
                0x1008b730      0x81c .\CMSIS\Lib\GCC\libarm_cortexM4l_math.a(arm_fir_f32.o)
                0x1008b730                arm_fir_f32
 .text.GUI_DrawRect
                0x1008bf4c       0x84 Generated_Source\PSoC6\pdl\middleware\emWin\libs\GCC\libemWin_osnts_gcc.a(GUI_2DLib.o)
                0x1008bf4c                GUI_DrawRect
 .text._PushFreeBlock
                0x1008bfd0       0x20 Generated_Source\PSoC6\pdl\middleware\emWin\libs\GCC\libemWin_osnts_gcc.a(GUI_Alloc.o)
 .text._RemoveFreeBlock
                0x1008bff0       0x44 Generated_Source\PSoC6\pdl\middleware\emWin\libs\GCC\libemWin_osnts_gcc.a(GUI_Alloc.o)
 .text._AddFreeMemory
                0x1008c034       0xa8 Generated_Source\PSoC6\pdl\middleware\emWin\libs\GCC\libemWin_osnts_gcc.a(GUI_Alloc.o)
 .text._RemoveHoles
                0x1008c0dc       0x94 Generated_Source\PSoC6\pdl\middleware\emWin\libs\GCC\libemWin_osnts_gcc.a(GUI_Alloc.o)
 .text.GUI_ALLOC_FreeFixedBlock
                0x1008c170       0x18 Generated_Source\PSoC6\pdl\middleware\emWin\libs\GCC\libemWin_osnts_gcc.a(GUI_Alloc.o)
                0x1008c170                GUI_ALLOC_FreeFixedBlock
 .text.GUI_ALLOC_h2p
                0x1008c188       0x14 Generated_Source\PSoC6\pdl\middleware\emWin\libs\GCC\libemWin_osnts_gcc.a(GUI_Alloc.o)
                0x1008c188                GUI_ALLOC_h2p
 .text.GUI_ALLOC_LockH
                0x1008c19c       0x20 Generated_Source\PSoC6\pdl\middleware\emWin\libs\GCC\libemWin_osnts_gcc.a(GUI_Alloc.o)
                0x1008c19c                GUI_ALLOC_LockH
 .text.GUI_ALLOC_UnlockH
                0x1008c1bc       0x30 Generated_Source\PSoC6\pdl\middleware\emWin\libs\GCC\libemWin_osnts_gcc.a(GUI_Alloc.o)
                0x1008c1bc                GUI_ALLOC_UnlockH
 .text.GUI_ALLOC_AssignMemory
                0x1008c1ec       0x10 Generated_Source\PSoC6\pdl\middleware\emWin\libs\GCC\libemWin_osnts_gcc.a(GUI_Alloc.o)
                0x1008c1ec                GUI_ALLOC_AssignMemory
 .text.GUI_ALLOC_Free
                0x1008c1fc       0x2c Generated_Source\PSoC6\pdl\middleware\emWin\libs\GCC\libemWin_osnts_gcc.a(GUI_Alloc.o)
                0x1008c1fc                GUI_ALLOC_Free
 .text._EnlargeBlocks
                0x1008c228       0x98 Generated_Source\PSoC6\pdl\middleware\emWin\libs\GCC\libemWin_osnts_gcc.a(GUI_Alloc.o)
 .text._InitOnce
                0x1008c2c0       0x6c Generated_Source\PSoC6\pdl\middleware\emWin\libs\GCC\libemWin_osnts_gcc.a(GUI_Alloc.o)
 .text.GUI_ALLOC_GetFixedBlock
                0x1008c32c       0xb8 Generated_Source\PSoC6\pdl\middleware\emWin\libs\GCC\libemWin_osnts_gcc.a(GUI_Alloc.o)
                0x1008c32c                GUI_ALLOC_GetFixedBlock
 .text._Alloc   0x1008c3e4      0x100 Generated_Source\PSoC6\pdl\middleware\emWin\libs\GCC\libemWin_osnts_gcc.a(GUI_Alloc.o)
 .text.GUI_ALLOC_AllocNoInit
                0x1008c4e4       0x1e Generated_Source\PSoC6\pdl\middleware\emWin\libs\GCC\libemWin_osnts_gcc.a(GUI_Alloc.o)
                0x1008c4e4                GUI_ALLOC_AllocNoInit
 *fill*         0x1008c502        0x2 
 .text.GUI_ALLOC_AllocZero
                0x1008c504       0x34 Generated_Source\PSoC6\pdl\middleware\emWin\libs\GCC\libemWin_osnts_gcc.a(GUI_Alloc.o)
                0x1008c504                GUI_ALLOC_AllocZero
 .text.GUIMONO_DispChar
                0x1008c538      0x14c Generated_Source\PSoC6\pdl\middleware\emWin\libs\GCC\libemWin_osnts_gcc.a(GUI_CharM.o)
                0x1008c538                GUIMONO_DispChar
 .text.GUIMONO_GetCharDistX
                0x1008c684       0x18 Generated_Source\PSoC6\pdl\middleware\emWin\libs\GCC\libemWin_osnts_gcc.a(GUI_CharM.o)
                0x1008c684                GUIMONO_GetCharDistX
 .text.GUIMONO_GetFontInfo
                0x1008c69c        0x6 Generated_Source\PSoC6\pdl\middleware\emWin\libs\GCC\libemWin_osnts_gcc.a(GUI_CharM.o)
                0x1008c69c                GUIMONO_GetFontInfo
 .text.GUIMONO_IsInFont
                0x1008c6a2       0x36 Generated_Source\PSoC6\pdl\middleware\emWin\libs\GCC\libemWin_osnts_gcc.a(GUI_CharM.o)
                0x1008c6a2                GUIMONO_IsInFont
 .text.GUIPROP__FindChar
                0x1008c6d8       0x16 Generated_Source\PSoC6\pdl\middleware\emWin\libs\GCC\libemWin_osnts_gcc.a(GUI_CharP.o)
                0x1008c6d8                GUIPROP__FindChar
 *fill*         0x1008c6ee        0x2 
 .text.GUIPROP_DispChar
                0x1008c6f0       0xd4 Generated_Source\PSoC6\pdl\middleware\emWin\libs\GCC\libemWin_osnts_gcc.a(GUI_CharP.o)
                0x1008c6f0                GUIPROP_DispChar
 .text.GUIPROP_GetCharDistX
                0x1008c7c4       0x38 Generated_Source\PSoC6\pdl\middleware\emWin\libs\GCC\libemWin_osnts_gcc.a(GUI_CharP.o)
                0x1008c7c4                GUIPROP_GetCharDistX
 .text.GUIPROP_GetFontInfo
                0x1008c7fc        0x6 Generated_Source\PSoC6\pdl\middleware\emWin\libs\GCC\libemWin_osnts_gcc.a(GUI_CharP.o)
                0x1008c7fc                GUIPROP_GetFontInfo
 .text.GUIPROP_IsInFont
                0x1008c802       0x10 Generated_Source\PSoC6\pdl\middleware\emWin\libs\GCC\libemWin_osnts_gcc.a(GUI_CharP.o)
                0x1008c802                GUIPROP_IsInFont
 .text.GUI_CalcColorDist
                0x1008c812       0x54 Generated_Source\PSoC6\pdl\middleware\emWin\libs\GCC\libemWin_osnts_gcc.a(GUI_Common.o)
                0x1008c812                GUI_CalcColorDist
 .text.GUI_GetBkColor
                0x1008c866       0x18 Generated_Source\PSoC6\pdl\middleware\emWin\libs\GCC\libemWin_osnts_gcc.a(GUI_Common.o)
                0x1008c866                GUI_GetBkColor
 .text.GUI_GetColor
                0x1008c87e       0x18 Generated_Source\PSoC6\pdl\middleware\emWin\libs\GCC\libemWin_osnts_gcc.a(GUI_Common.o)
                0x1008c87e                GUI_GetColor
 .text.GUI_MergeRect
                0x1008c896       0x62 Generated_Source\PSoC6\pdl\middleware\emWin\libs\GCC\libemWin_osnts_gcc.a(GUI_Common.o)
                0x1008c896                GUI_MergeRect
 .text.GUI_MoveRect
                0x1008c8f8       0x22 Generated_Source\PSoC6\pdl\middleware\emWin\libs\GCC\libemWin_osnts_gcc.a(GUI_Common.o)
                0x1008c8f8                GUI_MoveRect
 *fill*         0x1008c91a        0x2 
 .text.GUI_GotoXY
                0x1008c91c       0x20 Generated_Source\PSoC6\pdl\middleware\emWin\libs\GCC\libemWin_osnts_gcc.a(GUI_Common.o)
                0x1008c91c                GUI_GotoXY
 .text.GUI_SetPenSize
                0x1008c93c       0x1c Generated_Source\PSoC6\pdl\middleware\emWin\libs\GCC\libemWin_osnts_gcc.a(GUI_Common.o)
                0x1008c93c                GUI_SetPenSize
 .text.GUI_RectsIntersect
                0x1008c958       0x3c Generated_Source\PSoC6\pdl\middleware\emWin\libs\GCC\libemWin_osnts_gcc.a(GUI_Common.o)
                0x1008c958                GUI_RectsIntersect
 .text.GUI_SelectLCD
                0x1008c994       0x18 Generated_Source\PSoC6\pdl\middleware\emWin\libs\GCC\libemWin_osnts_gcc.a(GUI_Common.o)
                0x1008c994                GUI_SelectLCD
 .text.GUI_SetBkColor
                0x1008c9ac       0x14 Generated_Source\PSoC6\pdl\middleware\emWin\libs\GCC\libemWin_osnts_gcc.a(GUI_Common.o)
                0x1008c9ac                GUI_SetBkColor
 .text.GUI_SetColor
                0x1008c9c0       0x14 Generated_Source\PSoC6\pdl\middleware\emWin\libs\GCC\libemWin_osnts_gcc.a(GUI_Common.o)
                0x1008c9c0                GUI_SetColor
 .text.GUI_SetFont
                0x1008c9d4       0x20 Generated_Source\PSoC6\pdl\middleware\emWin\libs\GCC\libemWin_osnts_gcc.a(GUI_Common.o)
                0x1008c9d4                GUI_SetFont
 .text.GUI_SetOrg
                0x1008c9f4       0x40 Generated_Source\PSoC6\pdl\middleware\emWin\libs\GCC\libemWin_osnts_gcc.a(GUI_Common.o)
                0x1008c9f4                GUI_SetOrg
 .text._OnExit  0x1008ca34       0x44 Generated_Source\PSoC6\pdl\middleware\emWin\libs\GCC\libemWin_osnts_gcc.a(GUI_Core.o)
 .text.GUI_SetDefaultFont
                0x1008ca78        0xc Generated_Source\PSoC6\pdl\middleware\emWin\libs\GCC\libemWin_osnts_gcc.a(GUI_Core.o)
                0x1008ca78                GUI_SetDefaultFont
 .text.GUI_ClearRect
                0x1008ca84       0x64 Generated_Source\PSoC6\pdl\middleware\emWin\libs\GCC\libemWin_osnts_gcc.a(GUI_Core.o)
                0x1008ca84                GUI_ClearRect
 .text.GUI_Clear
                0x1008cae8       0x20 Generated_Source\PSoC6\pdl\middleware\emWin\libs\GCC\libemWin_osnts_gcc.a(GUI_Core.o)
                0x1008cae8                GUI_Clear
 .text.GUI__RegisterExit
                0x1008cb08       0x10 Generated_Source\PSoC6\pdl\middleware\emWin\libs\GCC\libemWin_osnts_gcc.a(GUI_Core.o)
                0x1008cb08                GUI__RegisterExit
 .text.GUI__Config
                0x1008cb18       0x34 Generated_Source\PSoC6\pdl\middleware\emWin\libs\GCC\libemWin_osnts_gcc.a(GUI_Core.o)
                0x1008cb18                GUI__Config
 .text.GUI_Init
                0x1008cb4c       0xfc Generated_Source\PSoC6\pdl\middleware\emWin\libs\GCC\libemWin_osnts_gcc.a(GUI_Core.o)
                0x1008cb4c                GUI_Init
 .text.GUI_DEVICE__GetpDriver
                0x1008cc48       0x24 Generated_Source\PSoC6\pdl\middleware\emWin\libs\GCC\libemWin_osnts_gcc.a(GUI_Device.o)
                0x1008cc48                GUI_DEVICE__GetpDriver
 .text.GUI_DEVICE_Delete
                0x1008cc6c        0x8 Generated_Source\PSoC6\pdl\middleware\emWin\libs\GCC\libemWin_osnts_gcc.a(GUI_Device.o)
                0x1008cc6c                GUI_DEVICE_Delete
 .text.GUI_DEVICE_Create
                0x1008cc74       0x50 Generated_Source\PSoC6\pdl\middleware\emWin\libs\GCC\libemWin_osnts_gcc.a(GUI_Device.o)
                0x1008cc74                GUI_DEVICE_Create
 .text.GUI_DEVICE_Unlink
                0x1008ccc4       0x38 Generated_Source\PSoC6\pdl\middleware\emWin\libs\GCC\libemWin_osnts_gcc.a(GUI_Device.o)
                0x1008ccc4                GUI_DEVICE_Unlink
 .text.GUI_DEVICE_Link
                0x1008ccfc       0x8c Generated_Source\PSoC6\pdl\middleware\emWin\libs\GCC\libemWin_osnts_gcc.a(GUI_Device.o)
                0x1008ccfc                GUI_DEVICE_Link
 .text.GUI_DEVICE_CreateAndLink
                0x1008cd88       0x2c Generated_Source\PSoC6\pdl\middleware\emWin\libs\GCC\libemWin_osnts_gcc.a(GUI_Device.o)
                0x1008cd88                GUI_DEVICE_CreateAndLink
 .text.GUI_DEVICE_UnlinkTaskDevices
                0x1008cdb4        0x4 Generated_Source\PSoC6\pdl\middleware\emWin\libs\GCC\libemWin_osnts_gcc.a(GUI_Device.o)
                0x1008cdb4                GUI_DEVICE_UnlinkTaskDevices
 .text.GUI_DEVICE_LinkDevices
                0x1008cdb8       0x12 Generated_Source\PSoC6\pdl\middleware\emWin\libs\GCC\libemWin_osnts_gcc.a(GUI_Device.o)
                0x1008cdb8                GUI_DEVICE_LinkDevices
 *fill*         0x1008cdca        0x2 
 .text.GUI_DispString
                0x1008cdcc      0x118 Generated_Source\PSoC6\pdl\middleware\emWin\libs\GCC\libemWin_osnts_gcc.a(GUI_DispString.o)
                0x1008cdcc                GUI_DispString
 .text.GUI_DispStringAt
                0x1008cee4       0x24 Generated_Source\PSoC6\pdl\middleware\emWin\libs\GCC\libemWin_osnts_gcc.a(GUI_DispString.o)
                0x1008cee4                GUI_DispStringAt
 .text.GUI_DrawGraph
                0x1008cf08       0xfc Generated_Source\PSoC6\pdl\middleware\emWin\libs\GCC\libemWin_osnts_gcc.a(GUI_DrawGraph.o)
                0x1008cf08                GUI_DrawGraph
 .text._SetLineColor
                0x1008d004       0x8c Generated_Source\PSoC6\pdl\middleware\emWin\libs\GCC\libemWin_osnts_gcc.a(GUI_DrawLine.o)
 .text.GUI_sin  0x1008d090       0x5c Generated_Source\PSoC6\pdl\middleware\emWin\libs\GCC\libemWin_osnts_gcc.a(GUI_DrawLine.o)
                0x1008d090                GUI_sin
 .text.GUI_cos  0x1008d0ec        0xe Generated_Source\PSoC6\pdl\middleware\emWin\libs\GCC\libemWin_osnts_gcc.a(GUI_DrawLine.o)
                0x1008d0ec                GUI_cos
 *fill*         0x1008d0fa        0x2 
 .text.GL_DrawLine1Ex
                0x1008d0fc      0x1a8 Generated_Source\PSoC6\pdl\middleware\emWin\libs\GCC\libemWin_osnts_gcc.a(GUI_DrawLine.o)
                0x1008d0fc                GL_DrawLine1Ex
 .text.GL_DrawLineEx
                0x1008d2a4      0x19c Generated_Source\PSoC6\pdl\middleware\emWin\libs\GCC\libemWin_osnts_gcc.a(GUI_DrawLine.o)
                0x1008d2a4                GL_DrawLineEx
 .text.GL_DrawLine
                0x1008d440       0x10 Generated_Source\PSoC6\pdl\middleware\emWin\libs\GCC\libemWin_osnts_gcc.a(GUI_DrawLine.o)
                0x1008d440                GL_DrawLine
 .text.GUI_DrawLine
                0x1008d450       0x40 Generated_Source\PSoC6\pdl\middleware\emWin\libs\GCC\libemWin_osnts_gcc.a(GUI_DrawLine.o)
                0x1008d450                GUI_DrawLine
 .text._Add     0x1008d490       0x4c Generated_Source\PSoC6\pdl\middleware\emWin\libs\GCC\libemWin_osnts_gcc.a(GUI_FillPolygon.o)
 .text.GL_FillPolygon
                0x1008d4dc      0x1d4 Generated_Source\PSoC6\pdl\middleware\emWin\libs\GCC\libemWin_osnts_gcc.a(GUI_FillPolygon.o)
                0x1008d4dc                GL_FillPolygon
 .text.GUI_StoreKey
                0x1008d6b0       0x18 Generated_Source\PSoC6\pdl\middleware\emWin\libs\GCC\libemWin_osnts_gcc.a(GUI_OnKey.o)
                0x1008d6b0                GUI_StoreKey
 .text._GetTaskNo
                0x1008d6c8       0x40 Generated_Source\PSoC6\pdl\middleware\emWin\libs\GCC\libemWin_osnts_gcc.a(GUI_Task.o)
 .text._OnExit  0x1008d708       0x14 Generated_Source\PSoC6\pdl\middleware\emWin\libs\GCC\libemWin_osnts_gcc.a(GUI_Task.o)
 .text.GUI_Unlock
                0x1008d71c       0x18 Generated_Source\PSoC6\pdl\middleware\emWin\libs\GCC\libemWin_osnts_gcc.a(GUI_Task.o)
                0x1008d71c                GUI_Unlock
 .text.GUI_Lock
                0x1008d734       0x70 Generated_Source\PSoC6\pdl\middleware\emWin\libs\GCC\libemWin_osnts_gcc.a(GUI_Task.o)
                0x1008d734                GUI_Lock
 .text.GUITASK_Init
                0x1008d7a4       0x4c Generated_Source\PSoC6\pdl\middleware\emWin\libs\GCC\libemWin_osnts_gcc.a(GUI_Task.o)
                0x1008d7a4                GUITASK_Init
 .text.GUITASK_CopyContext
                0x1008d7f0       0x5c Generated_Source\PSoC6\pdl\middleware\emWin\libs\GCC\libemWin_osnts_gcc.a(GUI_Task.o)
                0x1008d7f0                GUITASK_CopyContext
 .text.GUI_UC__GetCharCodeInc
                0x1008d84c       0x28 Generated_Source\PSoC6\pdl\middleware\emWin\libs\GCC\libemWin_osnts_gcc.a(GUI_UC.o)
                0x1008d84c                GUI_UC__GetCharCodeInc
 .text.GUI_UC__NumChars2NumBytes
                0x1008d874       0x28 Generated_Source\PSoC6\pdl\middleware\emWin\libs\GCC\libemWin_osnts_gcc.a(GUI_UC.o)