Archive member included to satisfy reference by file (symbol)

C:\Program Files (x86)\Cypress\PSoC Creator\4.4\PSoC Creator\psoc\content\CyComponentLibrary\CyComponentLibrary.cylib\CapSense_v3_0\Library\CapSense_Library_GCC_M4.a(CapSense_SmartSense_LL.o)
                              .\CortexM4\ARM_GCC_541\Debug\CapSense_Sensing.o (SmartSense_TunePrescalers)
C:\Program Files (x86)\Cypress\PSoC Creator\4.4\PSoC Creator\psoc\content\CyComponentLibrary\CyComponentLibrary.cylib\CapSense_v3_0\Library\CapSense_Library_GCC_M4.a(CapSense_SmartSense_SL.o)
                              .\CortexM4\ARM_GCC_541\Debug\CapSense_Processing.o (SmartSense_UpdateThresholds)
c:/program files (x86)/cypress/psoc creator/4.4/psoc creator/import/gnu/arm/5.4.1/bin/../lib/gcc/arm-none-eabi/5.4.1/../../../../arm-none-eabi/lib/armv7e-m/softfp\libm.a(lib_a-s_floor.o)
                              .\CortexM4\ARM_GCC_541\Debug\cy_sysclk.o (floor)
c:/program files (x86)/cypress/psoc creator/4.4/psoc creator/import/gnu/arm/5.4.1/bin/../lib/gcc/arm-none-eabi/5.4.1/../../../../arm-none-eabi/lib/armv7e-m/softfp\libm.a(lib_a-s_round.o)
                              .\CortexM4\ARM_GCC_541\Debug\Traitement.o (round)
c:/program files (x86)/cypress/psoc creator/4.4/psoc creator/import/gnu/arm/5.4.1/bin/../lib/gcc/arm-none-eabi/5.4.1/../../../../arm-none-eabi/lib/armv7e-m/softfp\libm.a(lib_a-sf_ceil.o)
                              .\CortexM4\ARM_GCC_541\Debug\cy_sysclk.o (ceilf)
c:/program files (x86)/cypress/psoc creator/4.4/psoc creator/import/gnu/arm/5.4.1/bin/../lib/gcc/arm-none-eabi/5.4.1/../../../../arm-none-eabi/lib/armv7e-m/softfp\libm.a(lib_a-w_log.o)
                              .\CortexM4\ARM_GCC_541\Debug\cy_sysclk.o (log)
c:/program files (x86)/cypress/psoc creator/4.4/psoc creator/import/gnu/arm/5.4.1/bin/../lib/gcc/arm-none-eabi/5.4.1/../../../../arm-none-eabi/lib/armv7e-m/softfp\libm.a(lib_a-w_pow.o)
                              .\CortexM4\ARM_GCC_541\Debug\Communication.o (pow)
c:/program files (x86)/cypress/psoc creator/4.4/psoc creator/import/gnu/arm/5.4.1/bin/../lib/gcc/arm-none-eabi/5.4.1/../../../../arm-none-eabi/lib/armv7e-m/softfp\libm.a(lib_a-w_sqrt.o)
                              .\CortexM4\ARM_GCC_541\Debug\Communication.o (sqrt)
c:/program files (x86)/cypress/psoc creator/4.4/psoc creator/import/gnu/arm/5.4.1/bin/../lib/gcc/arm-none-eabi/5.4.1/../../../../arm-none-eabi/lib/armv7e-m/softfp\libm.a(lib_a-e_log.o)
                              c:/program files (x86)/cypress/psoc creator/4.4/psoc creator/import/gnu/arm/5.4.1/bin/../lib/gcc/arm-none-eabi/5.4.1/../../../../arm-none-eabi/lib/armv7e-m/softfp\libm.a(lib_a-w_log.o) (__ieee754_log)
c:/program files (x86)/cypress/psoc creator/4.4/psoc creator/import/gnu/arm/5.4.1/bin/../lib/gcc/arm-none-eabi/5.4.1/../../../../arm-none-eabi/lib/armv7e-m/softfp\libm.a(lib_a-e_pow.o)
                              c:/program files (x86)/cypress/psoc creator/4.4/psoc creator/import/gnu/arm/5.4.1/bin/../lib/gcc/arm-none-eabi/5.4.1/../../../../arm-none-eabi/lib/armv7e-m/softfp\libm.a(lib_a-w_pow.o) (__ieee754_pow)
c:/program files (x86)/cypress/psoc creator/4.4/psoc creator/import/gnu/arm/5.4.1/bin/../lib/gcc/arm-none-eabi/5.4.1/../../../../arm-none-eabi/lib/armv7e-m/softfp\libm.a(lib_a-e_sqrt.o)
                              c:/program files (x86)/cypress/psoc creator/4.4/psoc creator/import/gnu/arm/5.4.1/bin/../lib/gcc/arm-none-eabi/5.4.1/../../../../arm-none-eabi/lib/armv7e-m/softfp\libm.a(lib_a-w_sqrt.o) (__ieee754_sqrt)
c:/program files (x86)/cypress/psoc creator/4.4/psoc creator/import/gnu/arm/5.4.1/bin/../lib/gcc/arm-none-eabi/5.4.1/../../../../arm-none-eabi/lib/armv7e-m/softfp\libm.a(lib_a-s_fabs.o)
                              c:/program files (x86)/cypress/psoc creator/4.4/psoc creator/import/gnu/arm/5.4.1/bin/../lib/gcc/arm-none-eabi/5.4.1/../../../../arm-none-eabi/lib/armv7e-m/softfp\libm.a(lib_a-e_pow.o) (fabs)
c:/program files (x86)/cypress/psoc creator/4.4/psoc creator/import/gnu/arm/5.4.1/bin/../lib/gcc/arm-none-eabi/5.4.1/../../../../arm-none-eabi/lib/armv7e-m/softfp\libm.a(lib_a-s_finite.o)
                              c:/program files (x86)/cypress/psoc creator/4.4/psoc creator/import/gnu/arm/5.4.1/bin/../lib/gcc/arm-none-eabi/5.4.1/../../../../arm-none-eabi/lib/armv7e-m/softfp\libm.a(lib_a-w_pow.o) (finite)
c:/program files (x86)/cypress/psoc creator/4.4/psoc creator/import/gnu/arm/5.4.1/bin/../lib/gcc/arm-none-eabi/5.4.1/../../../../arm-none-eabi/lib/armv7e-m/softfp\libm.a(lib_a-s_lib_ver.o)
                              c:/program files (x86)/cypress/psoc creator/4.4/psoc creator/import/gnu/arm/5.4.1/bin/../lib/gcc/arm-none-eabi/5.4.1/../../../../arm-none-eabi/lib/armv7e-m/softfp\libm.a(lib_a-w_log.o) (__fdlib_version)
c:/program files (x86)/cypress/psoc creator/4.4/psoc creator/import/gnu/arm/5.4.1/bin/../lib/gcc/arm-none-eabi/5.4.1/../../../../arm-none-eabi/lib/armv7e-m/softfp\libm.a(lib_a-s_matherr.o)
[...]
Memory Configuration

Name             Origin             Length             Attributes
ram              0x08024000         0x00023800         xrw
flash            0x10080000         0x00080000         xr
em_eeprom        0x14000000         0x00008000         xr
sflash_user_data 0x16000800         0x00000800         xr
sflash_nar       0x16001a00         0x00000200         xr
sflash_public_key 0x16005a00         0x00000c00         xr
sflash_toc_2     0x16007c00         0x00000200         xr
sflash_rtoc_2    0x16007e00         0x00000200         xr
xip              0x18000000         0x08000000         xr
efuse            0x90700000         0x00100000         r
*default*        0x00000000         0xffffffff

Linker script and memory map

LOAD c:/program files (x86)/cypress/psoc creator/4.4/psoc creator/import/gnu/arm/5.4.1/bin/../lib/gcc/arm-none-eabi/5.4.1/armv7e-m/softfp/crti.o
LOAD c:/program files (x86)/cypress/psoc creator/4.4/psoc creator/import/gnu/arm/5.4.1/bin/../lib/gcc/arm-none-eabi/5.4.1/armv7e-m/softfp/crtbegin.o
LOAD c:/program files (x86)/cypress/psoc creator/4.4/psoc creator/import/gnu/arm/5.4.1/bin/../lib/gcc/arm-none-eabi/5.4.1/../../../../arm-none-eabi/lib/armv7e-m/softfp/crt0.o
START GROUP
LOAD Generated_Source\PSoC6\pdl\middleware\emWin\libs\GCC\libemWin_osnts_gcc.a
LOAD .\CortexM4\ARM_GCC_541\Debug\startup_psoc6_01_cm4.o
LOAD .\CortexM4\ARM_GCC_541\Debug\main_cm4.o
LOAD .\CortexM4\ARM_GCC_541\Debug\system_psoc6_cm4.o
LOAD .\CortexM4\ARM_GCC_541\Debug\Communication.o
LOAD .\CortexM4\ARM_GCC_541\Debug\Interface.o
LOAD .\CortexM4\ARM_GCC_541\Debug\Traitement.o
LOAD .\CortexM4\ARM_GCC_541\Debug\bmi160.o
LOAD .\CortexM4\ARM_GCC_541\Debug\pervasive_eink_hardware_driver.o
LOAD .\CortexM4\ARM_GCC_541\Debug\cy_eink_library.o
LOAD .\CortexM4\ARM_GCC_541\Debug\cy_eink_psoc_interface.o
LOAD .\CortexM4\ARM_GCC_541\Debug\Cypress Logo Full Color_PNG_1bpp.o
LOAD .\CortexM4\ARM_GCC_541\Debug\LCDConf.o
LOAD .\CortexM4\ARM_GCC_541\Debug\GUI_X_RTOS.o
LOAD .\CortexM4\ARM_GCC_541\Debug\GUIConf.o
LOAD .\CortexM4\ARM_GCC_541\Debug\stdio_user.o
LOAD .\CortexM4\ARM_GCC_541\Debug\cyfitter_sysint_cfg.o
LOAD .\CortexM4\ARM_GCC_541\Debug\cymetadata.o
LOAD .\CortexM4\ARM_GCC_541\Debug\CY_EINK_SPIM.o
LOAD .\CortexM4\ARM_GCC_541\Debug\CY_EINK_Timer.o
LOAD .\CortexM4\ARM_GCC_541\Debug\cy_efuse.o
LOAD .\CortexM4\ARM_GCC_541\Debug\cy_flash.o
LOAD .\CortexM4\ARM_GCC_541\Debug\cy_gpio.o
LOAD .\CortexM4\ARM_GCC_541\Debug\cy_ipc_drv.o
LOAD .\CortexM4\ARM_GCC_541\Debug\cy_ipc_sema.o
LOAD .\CortexM4\ARM_GCC_541\Debug\cy_ipc_pipe.o
LOAD .\CortexM4\ARM_GCC_541\Debug\cy_lvd.o
LOAD .\CortexM4\ARM_GCC_541\Debug\cy_profile.o
LOAD .\CortexM4\ARM_GCC_541\Debug\cy_prot.o
LOAD .\CortexM4\ARM_GCC_541\Debug\cy_scb_common.o
LOAD .\CortexM4\ARM_GCC_541\Debug\cy_scb_i2c.o
LOAD .\CortexM4\ARM_GCC_541\Debug\cy_scb_ezi2c.o
LOAD .\CortexM4\ARM_GCC_541\Debug\cy_scb_spi.o
LOAD .\CortexM4\ARM_GCC_541\Debug\cy_scb_uart.o
LOAD .\CortexM4\ARM_GCC_541\Debug\cy_sysanalog.o
LOAD .\CortexM4\ARM_GCC_541\Debug\cy_sysclk.o
LOAD .\CortexM4\ARM_GCC_541\Debug\cy_sysint.o
LOAD .\CortexM4\ARM_GCC_541\Debug\cy_syslib.o
LOAD .\CortexM4\ARM_GCC_541\Debug\cy_syslib_gcc.o
LOAD .\CortexM4\ARM_GCC_541\Debug\cy_syspm.o
LOAD .\CortexM4\ARM_GCC_541\Debug\cy_systick.o
LOAD .\CortexM4\ARM_GCC_541\Debug\cy_tcpwm_counter.o
LOAD .\CortexM4\ARM_GCC_541\Debug\cy_tcpwm_pwm.o
LOAD .\CortexM4\ARM_GCC_541\Debug\cy_tcpwm_quaddec.o
LOAD .\CortexM4\ARM_GCC_541\Debug\cy_trigmux.o
LOAD .\CortexM4\ARM_GCC_541\Debug\cy_wdt.o
LOAD .\CortexM4\ARM_GCC_541\Debug\cy_device.o
LOAD .\CortexM4\ARM_GCC_541\Debug\cy_ble_clk.o
LOAD .\CortexM4\ARM_GCC_541\Debug\croutine.o
LOAD .\CortexM4\ARM_GCC_541\Debug\event_groups.o
LOAD .\CortexM4\ARM_GCC_541\Debug\list.o
LOAD .\CortexM4\ARM_GCC_541\Debug\queue.o
LOAD .\CortexM4\ARM_GCC_541\Debug\tasks.o
LOAD .\CortexM4\ARM_GCC_541\Debug\timers.o
LOAD .\CortexM4\ARM_GCC_541\Debug\stream_buffer.o
LOAD .\CortexM4\ARM_GCC_541\Debug\port.o
LOAD .\CortexM4\ARM_GCC_541\Debug\heap_4.o
LOAD .\CortexM4\ARM_GCC_541\Debug\retarget.o
LOAD .\CortexM4\ARM_GCC_541\Debug\PWM.o
LOAD .\CortexM4\ARM_GCC_541\Debug\I2C_1.o
LOAD .\CortexM4\ARM_GCC_541\Debug\UART_1.o
LOAD .\CortexM4\ARM_GCC_541\Debug\I2C_2.o
LOAD .\CortexM4\ARM_GCC_541\Debug\CapSense_Control.o
LOAD .\CortexM4\ARM_GCC_541\Debug\CapSense_Processing.o
LOAD .\CortexM4\ARM_GCC_541\Debug\CapSense_Structure.o
LOAD .\CortexM4\ARM_GCC_541\Debug\CapSense_Tuner.o
LOAD .\CortexM4\ARM_GCC_541\Debug\CapSense_Filter.o
LOAD .\CortexM4\ARM_GCC_541\Debug\CapSense_Sensing.o
LOAD .\CortexM4\ARM_GCC_541\Debug\CapSense_INT.o
LOAD .\CortexM4\ARM_GCC_541\Debug\CapSense_SensingCSD_LL.o
LOAD .\CortexM4\ARM_GCC_541\Debug\CapSense_SensingCSX_LL.o
LOAD .\CortexM4\ARM_GCC_541\Debug\CapSense_Centroid_LL.o
LOAD C:\Program Files (x86)\Cypress\PSoC Creator\4.4\PSoC Creator\psoc\content\CyComponentLibrary\CyComponentLibrary.cylib\CapSense_v3_0\Library\CapSense_Library_GCC_M4.a
LOAD c:/program files (x86)/cypress/psoc creator/4.4/psoc creator/import/gnu/arm/5.4.1/bin/../lib/gcc/arm-none-eabi/5.4.1/../../../../arm-none-eabi/lib/armv7e-m/softfp\libm.a
LOAD .\CMSIS\Lib\GCC\libarm_cortexM4l_math.a
END GROUP
START GROUP
LOAD c:/program files (x86)/cypress/psoc creator/4.4/psoc creator/import/gnu/arm/5.4.1/bin/../lib/gcc/arm-none-eabi/5.4.1/armv7e-m/softfp\libgcc.a
LOAD c:/program files (x86)/cypress/psoc creator/4.4/psoc creator/import/gnu/arm/5.4.1/bin/../lib/gcc/arm-none-eabi/5.4.1/../../../../arm-none-eabi/lib/armv7e-m/softfp\libg_nano.a
LOAD c:/program files (x86)/cypress/psoc creator/4.4/psoc creator/import/gnu/arm/5.4.1/bin/../lib/gcc/arm-none-eabi/5.4.1/../../../../arm-none-eabi/lib/armv7e-m/softfp\libc_nano.a
END GROUP
START GROUP
LOAD c:/program files (x86)/cypress/psoc creator/4.4/psoc creator/import/gnu/arm/5.4.1/bin/../lib/gcc/arm-none-eabi/5.4.1/armv7e-m/softfp\libgcc.a
LOAD c:/program files (x86)/cypress/psoc creator/4.4/psoc creator/import/gnu/arm/5.4.1/bin/../lib/gcc/arm-none-eabi/5.4.1/../../../../arm-none-eabi/lib/armv7e-m/softfp\libc_nano.a
END GROUP
LOAD c:/program files (x86)/cypress/psoc creator/4.4/psoc creator/import/gnu/arm/5.4.1/bin/../lib/gcc/arm-none-eabi/5.4.1/armv7e-m/softfp/crtend.o
LOAD c:/program files (x86)/cypress/psoc creator/4.4/psoc creator/import/gnu/arm/5.4.1/bin/../lib/gcc/arm-none-eabi/5.4.1/armv7e-m/softfp/crtn.o
START GROUP
LOAD c:/program files (x86)/cypress/psoc creator/4.4/psoc creator/import/gnu/arm/5.4.1/bin/../lib/gcc/arm-none-eabi/5.4.1/armv7e-m/softfp\libgcc.a
LOAD c:/program files (x86)/cypress/psoc creator/4.4/psoc creator/import/gnu/arm/5.4.1/bin/../lib/gcc/arm-none-eabi/5.4.1/../../../../arm-none-eabi/lib/armv7e-m/softfp\libc.a
LOAD c:/program files (x86)/cypress/psoc creator/4.4/psoc creator/import/gnu/arm/5.4.1/bin/../lib/gcc/arm-none-eabi/5.4.1/../../../../arm-none-eabi/lib/armv7e-m/softfp\libnosys.a
END GROUP
START GROUP
LOAD c:/program files (x86)/cypress/psoc creator/4.4/psoc creator/import/gnu/arm/5.4.1/bin/../lib/gcc/arm-none-eabi/5.4.1/armv7e-m/softfp\libgcc.a
LOAD c:/program files (x86)/cypress/psoc creator/4.4/psoc creator/import/gnu/arm/5.4.1/bin/../lib/gcc/arm-none-eabi/5.4.1/../../../../arm-none-eabi/lib/armv7e-m/softfp\libc.a
LOAD c:/program files (x86)/cypress/psoc creator/4.4/psoc creator/import/gnu/arm/5.4.1/bin/../lib/gcc/arm-none-eabi/5.4.1/../../../../arm-none-eabi/lib/armv7e-m/softfp\libm.a
LOAD c:/program files (x86)/cypress/psoc creator/4.4/psoc creator/import/gnu/arm/5.4.1/bin/../lib/gcc/arm-none-eabi/5.4.1/../../../../arm-none-eabi/lib/armv7e-m/softfp\libnosys.a
END GROUP

.text           0x10080000    0x1abe0
                0x10080000                . = ALIGN (0x4)
                0x10080000                __Vectors = .
 *(.vectors)
 .vectors       0x10080000      0x28c .\CortexM4\ARM_GCC_541\Debug\startup_psoc6_01_cm4.o
                0x1008028c                . = ALIGN (0x4)
                0x1008028c                __Vectors_End = .
                0x0000028c                __Vectors_Size = (__Vectors_End - __Vectors)
                0x1008028c                __end__ = .
                0x1008028c                . = ALIGN (0x4)
 *(.text*)
 .text          0x1008028c       0x5c c:/program files (x86)/cypress/psoc creator/4.4/psoc creator/import/gnu/arm/5.4.1/bin/../lib/gcc/arm-none-eabi/5.4.1/armv7e-m/softfp/crtbegin.o
 .text          0x100802e8       0x84 .\CortexM4\ARM_GCC_541\Debug\startup_psoc6_01_cm4.o
                0x100802e8                Cy_OnResetUser
                0x100802ea                Reset_Handler
                0x1008034c                cpuss_interrupts_ipc_6_IRQHandler
                0x1008034c                DebugMon_Handler
                0x1008034c                tcpwm_1_interrupts_11_IRQHandler
                0x1008034c                cpuss_interrupts_ipc_0_IRQHandler
                0x1008034c                tcpwm_1_interrupts_15_IRQHandler
                0x1008034c                ioss_interrupts_gpio_13_IRQHandler
                0x1008034c                tcpwm_1_interrupts_13_IRQHandler
                0x1008034c                cpuss_interrupts_dw1_8_IRQHandler
                0x1008034c                tcpwm_0_interrupts_0_IRQHandler
                0x1008034c                cpuss_interrupt_fm_IRQHandler
                0x1008034c                cpuss_interrupts_ipc_7_IRQHandler
                0x1008034c                tcpwm_1_interrupts_14_IRQHandler
                0x1008034c                cpuss_interrupts_dw0_5_IRQHandler
                0x1008034c                tcpwm_1_interrupts_9_IRQHandler
                0x1008034c                cpuss_interrupts_cm0_cti_1_IRQHandler
                0x1008034c                tcpwm_1_interrupts_22_IRQHandler
                0x1008034c                cpuss_interrupts_dw0_4_IRQHandler
                0x1008034c                NMI_Handler
                0x1008034c                cpuss_interrupts_dw1_12_IRQHandler
                0x1008034c                tcpwm_1_interrupts_12_IRQHandler
                0x1008034c                smif_interrupt_IRQHandler
                0x1008034c                tcpwm_1_interrupts_2_IRQHandler
                0x1008034c                cpuss_interrupts_ipc_13_IRQHandler
                0x1008034c                udb_interrupts_11_IRQHandler
                0x1008034c                tcpwm_1_interrupts_18_IRQHandler
                0x1008034c                cpuss_interrupts_dw0_11_IRQHandler
                0x1008034c                tcpwm_0_interrupts_2_IRQHandler
                0x1008034c                cpuss_interrupts_dw0_13_IRQHandler
                0x1008034c                udb_interrupts_2_IRQHandler
                0x1008034c                cpuss_interrupts_dw1_7_IRQHandler
                0x1008034c                ioss_interrupts_gpio_1_IRQHandler
                0x1008034c                ioss_interrupts_gpio_7_IRQHandler
                0x1008034c                scb_5_interrupt_IRQHandler
                0x1008034c                udb_interrupts_6_IRQHandler
                0x1008034c                cpuss_interrupts_fault_1_IRQHandler
                0x1008034c                cpuss_interrupts_ipc_4_IRQHandler
                0x1008034c                cpuss_interrupts_ipc_5_IRQHandler
                0x1008034c                cpuss_interrupts_dw1_10_IRQHandler
                0x1008034c                udb_interrupts_0_IRQHandler
                0x1008034c                tcpwm_1_interrupts_6_IRQHandler
                0x1008034c                scb_4_interrupt_IRQHandler
                0x1008034c                pass_interrupt_dacs_IRQHandler
                0x1008034c                ioss_interrupts_gpio_2_IRQHandler
                0x1008034c                cpuss_interrupts_dw1_9_IRQHandler
                0x1008034c                cpuss_interrupts_dw1_13_IRQHandler
                0x1008034c                scb_2_interrupt_IRQHandler
                0x1008034c                cpuss_interrupts_cm0_cti_0_IRQHandler
                0x1008034c                udb_interrupts_5_IRQHandler
                0x1008034c                srss_interrupt_IRQHandler
                0x1008034c                udb_interrupts_12_IRQHandler
                0x1008034c                scb_0_interrupt_IRQHandler
                0x1008034c                csd_interrupt_IRQHandler
                0x1008034c                udb_interrupts_1_IRQHandler
                0x1008034c                profile_interrupt_IRQHandler
                0x1008034c                tcpwm_1_interrupts_1_IRQHandler
                0x1008034c                cpuss_interrupts_ipc_12_IRQHandler
                0x1008034c                tcpwm_1_interrupts_3_IRQHandler
                0x1008034c                tcpwm_0_interrupts_7_IRQHandler
                0x1008034c                cpuss_interrupts_dw1_1_IRQHandler
                0x1008034c                cpuss_interrupts_dw1_0_IRQHandler
                0x1008034c                cpuss_interrupts_dw0_9_IRQHandler
                0x1008034c                lpcomp_interrupt_IRQHandler
                0x1008034c                tcpwm_1_interrupts_23_IRQHandler
                0x1008034c                udb_interrupts_4_IRQHandler
                0x1008034c                tcpwm_1_interrupts_20_IRQHandler
                0x1008034c                ioss_interrupt_gpio_IRQHandler
                0x1008034c                tcpwm_0_interrupts_1_IRQHandler
                0x1008034c                ioss_interrupts_gpio_8_IRQHandler
                0x1008034c                tcpwm_0_interrupts_6_IRQHandler
                0x1008034c                scb_7_interrupt_IRQHandler
                0x1008034c                tcpwm_1_interrupts_7_IRQHandler
                0x1008034c                cpuss_interrupts_ipc_11_IRQHandler
                0x1008034c                udb_interrupts_13_IRQHandler
                0x1008034c                cpuss_interrupts_dw0_15_IRQHandler
                0x1008034c                udb_interrupts_7_IRQHandler
                0x1008034c                cpuss_interrupts_dw1_6_IRQHandler
                0x1008034c                cpuss_interrupt_crypto_IRQHandler
                0x1008034c                scb_1_interrupt_IRQHandler
                0x1008034c                Default_Handler
                0x1008034c                usb_interrupt_hi_IRQHandler
                0x1008034c                tcpwm_1_interrupts_0_IRQHandler
                0x1008034c                udb_interrupts_9_IRQHandler
                0x1008034c                audioss_interrupt_pdm_IRQHandler
                0x1008034c                srss_interrupt_mcwdt_0_IRQHandler
                0x1008034c                scb_3_interrupt_IRQHandler
                0x1008034c                pass_interrupt_ctbs_IRQHandler
                0x1008034c                udb_interrupts_8_IRQHandler
                0x1008034c                ioss_interrupts_gpio_3_IRQHandler
                0x1008034c                scb_6_interrupt_IRQHandler
                0x1008034c                cpuss_interrupts_cm4_cti_0_IRQHandler
                0x1008034c                cpuss_interrupts_dw1_3_IRQHandler
                0x1008034c                pass_interrupt_sar_IRQHandler
                0x1008034c                ioss_interrupts_gpio_0_IRQHandler
                0x1008034c                ioss_interrupts_gpio_14_IRQHandler
                0x1008034c                tcpwm_0_interrupts_4_IRQHandler
                0x1008034c                udb_interrupts_3_IRQHandler
                0x1008034c                tcpwm_0_interrupts_5_IRQHandler
                0x1008034c                cpuss_interrupts_ipc_15_IRQHandler
                0x1008034c                cpuss_interrupts_cm4_cti_1_IRQHandler
                0x1008034c                scb_8_interrupt_IRQHandler
                0x1008034c                srss_interrupt_mcwdt_1_IRQHandler
                0x1008034c                cpuss_interrupts_dw1_2_IRQHandler
                0x1008034c                cpuss_interrupts_dw1_5_IRQHandler
                0x1008034c                cpuss_interrupts_ipc_1_IRQHandler
                0x1008034c                cpuss_interrupts_dw0_0_IRQHandler
                0x1008034c                ioss_interrupts_gpio_12_IRQHandler
                0x1008034c                cpuss_interrupts_ipc_3_IRQHandler
                0x1008034c                tcpwm_1_interrupts_17_IRQHandler
                0x1008034c                srss_interrupt_backup_IRQHandler
                0x1008034c                bless_interrupt_IRQHandler
                0x1008034c                cpuss_interrupts_ipc_10_IRQHandler
                0x1008034c                cpuss_interrupts_ipc_9_IRQHandler
                0x1008034c                cpuss_interrupts_dw0_14_IRQHandler
                0x1008034c                tcpwm_1_interrupts_4_IRQHandler
                0x1008034c                tcpwm_0_interrupts_3_IRQHandler
                0x1008034c                cpuss_interrupts_dw1_15_IRQHandler
                0x1008034c                ioss_interrupts_gpio_10_IRQHandler
                0x1008034c                udb_interrupts_10_IRQHandler
                0x1008034c                cpuss_interrupts_dw0_8_IRQHandler
                0x1008034c                ioss_interrupts_gpio_11_IRQHandler
                0x1008034c                cpuss_interrupts_ipc_14_IRQHandler
                0x1008034c                ioss_interrupts_gpio_5_IRQHandler
                0x1008034c                ioss_interrupts_gpio_4_IRQHandler
                0x1008034c                tcpwm_1_interrupts_8_IRQHandler
                0x1008034c                cpuss_interrupts_dw1_14_IRQHandler
                0x1008034c                usb_interrupt_med_IRQHandler
                0x1008034c                cpuss_interrupts_dw0_2_IRQHandler
                0x1008034c                tcpwm_1_interrupts_10_IRQHandler
                0x1008034c                cpuss_interrupts_fault_0_IRQHandler
                0x1008034c                cpuss_interrupts_dw0_12_IRQHandler
                0x1008034c                ioss_interrupts_gpio_6_IRQHandler
                0x1008034c                tcpwm_1_interrupts_21_IRQHandler
                0x1008034c                tcpwm_1_interrupts_16_IRQHandler
                0x1008034c                cpuss_interrupts_dw1_4_IRQHandler
                0x1008034c                udb_interrupts_15_IRQHandler
                0x1008034c                cpuss_interrupts_dw1_11_IRQHandler
                0x1008034c                cpuss_interrupts_dw0_6_IRQHandler
                0x1008034c                ioss_interrupt_vdd_IRQHandler
                0x1008034c                cpuss_interrupts_dw0_7_IRQHandler
                0x1008034c                audioss_interrupt_i2s_IRQHandler
                0x1008034c                tcpwm_1_interrupts_5_IRQHandler
                0x1008034c                cpuss_interrupts_ipc_2_IRQHandler
                0x1008034c                cpuss_interrupts_dw0_10_IRQHandler
                0x1008034c                tcpwm_1_interrupts_19_IRQHandler
                0x1008034c                cpuss_interrupts_dw0_1_IRQHandler
                0x1008034c                ioss_interrupts_gpio_9_IRQHandler
                0x1008034c                usb_interrupt_lo_IRQHandler
                0x1008034c                cpuss_interrupts_ipc_8_IRQHandler
                0x1008034c                udb_interrupts_14_IRQHandler
                0x1008034c                cpuss_interrupts_dw0_3_IRQHandler
                0x10080350                UsageFault_Handler
                0x10080350                HardFault_Handler
                0x10080350                MemManage_Handler
                0x10080350                BusFault_Handler
 .text.main     0x1008036c      0x1c8 .\CortexM4\ARM_GCC_541\Debug\main_cm4.o
                0x1008036c                main
 .text.Cy_SysIpcPipeIsrCm4
                0x10080534        0xc .\CortexM4\ARM_GCC_541\Debug\system_psoc6_cm4.o
                0x10080534                Cy_SysIpcPipeIsrCm4
 .text.Cy_SystemInit
                0x10080540        0x4 .\CortexM4\ARM_GCC_541\Debug\system_psoc6_cm4.o
                0x10080540                Cy_SystemInit
 .text.SystemCoreClockUpdate
                0x10080544      0x190 .\CortexM4\ARM_GCC_541\Debug\system_psoc6_cm4.o
                0x10080544                SystemCoreClockUpdate
 .text.SystemInit
                0x100806d4       0x48 .\CortexM4\ARM_GCC_541\Debug\system_psoc6_cm4.o
                0x100806d4                SystemInit
 .text.Cy_SystemInitFpuEnable
                0x1008071c       0x28 .\CortexM4\ARM_GCC_541\Debug\system_psoc6_cm4.o
                0x1008071c                Cy_SystemInitFpuEnable
 .text.BMI160BurstWrite
                0x10080744       0x5c .\CortexM4\ARM_GCC_541\Debug\Communication.o
                0x10080744                BMI160BurstWrite
 .text.BMI160BurstRead
                0x100807a0       0x84 .\CortexM4\ARM_GCC_541\Debug\Communication.o
                0x100807a0                BMI160BurstRead
 .text.MAX30102Read
                0x10080824       0x60 .\CortexM4\ARM_GCC_541\Debug\Communication.o
                0x10080824                MAX30102Read
 .text.MAX30102Write
                0x10080884       0x48 .\CortexM4\ARM_GCC_541\Debug\Communication.o
                0x10080884                MAX30102Write
 .text.MAX30102ReadMultipleBytes
                0x100808cc       0x80 .\CortexM4\ARM_GCC_541\Debug\Communication.o
                0x100808cc                MAX30102ReadMultipleBytes
 .text.MAX30102ReadFIFO32bits
                0x1008094c       0x5c .\CortexM4\ARM_GCC_541\Debug\Communication.o
                0x1008094c                MAX30102ReadFIFO32bits
 .text.MAX30102Config
                0x100809a8       0x64 .\CortexM4\ARM_GCC_541\Debug\Communication.o
                0x100809a8                MAX30102Config
 .text.MAX30102Reset
                0x10080a0c        0xc .\CortexM4\ARM_GCC_541\Debug\Communication.o
                0x10080a0c                MAX30102Reset
 .text.change_RED_LED_amp
                0x10080a18       0x18 .\CortexM4\ARM_GCC_541\Debug\Communication.o
                0x10080a18                change_RED_LED_amp
 .text.MAX30102Task
                0x10080a30       0xc0 .\CortexM4\ARM_GCC_541\Debug\Communication.o
                0x10080a30                MAX30102Task
 .text.bmi160Init
                0x10080af0       0x4c .\CortexM4\ARM_GCC_541\Debug\Communication.o
                0x10080af0                bmi160Init
 .text.motionTask
                0x10080b3c       0xa4 .\CortexM4\ARM_GCC_541\Debug\Communication.o
                0x10080b3c                motionTask
 .text.interfaceSetup
                0x10080be0       0x98 .\CortexM4\ARM_GCC_541\Debug\Interface.o
                0x10080be0                interfaceSetup
 .text.UpdateDisplay
                0x10080c78       0x2c .\CortexM4\ARM_GCC_541\Debug\Interface.o
                0x10080c78                UpdateDisplay
 .text.isr_bouton
                0x10080ca4       0x48 .\CortexM4\ARM_GCC_541\Debug\Interface.o
                0x10080ca4                isr_bouton
 .text.DesactiverAlarme_task
                0x10080cec       0x44 .\CortexM4\ARM_GCC_541\Debug\Interface.o
                0x10080cec                DesactiverAlarme_task
 .text.ActiverAlarme_task
                0x10080d30      0x110 .\CortexM4\ARM_GCC_541\Debug\Interface.o
                0x10080d30                ActiverAlarme_task
 .text.updateParameters
                0x10080e40       0xc4 .\CortexM4\ARM_GCC_541\Debug\Interface.o
                0x10080e40                updateParameters
 .text.CreationVecteurEspacer
                0x10080f04       0x6c .\CortexM4\ARM_GCC_541\Debug\Interface.o
                0x10080f04                CreationVecteurEspacer
 .text.drawGraph
                0x10080f70       0x98 .\CortexM4\ARM_GCC_541\Debug\Interface.o
                0x10080f70                drawGraph
 .text.CapSense_task
                0x10081008      0x1ec .\CortexM4\ARM_GCC_541\Debug\Interface.o
                0x10081008                CapSense_task
 .text.Affichage_task
                0x100811f4     0x1200 .\CortexM4\ARM_GCC_541\Debug\Interface.o
                0x100811f4                Affichage_task
 .text.FilterLP
                0x100823f4       0x38 .\CortexM4\ARM_GCC_541\Debug\Traitement.o
                0x100823f4                FilterLP
 .text.Center   0x1008242c       0x60 .\CortexM4\ARM_GCC_541\Debug\Traitement.o
                0x1008242c                Center
 .text.CalculSpO2
                0x1008248c      0x140 .\CortexM4\ARM_GCC_541\Debug\Traitement.o
                0x1008248c                CalculSpO2
 .text.CalculBPM
                0x100825cc      0x110 .\CortexM4\ARM_GCC_541\Debug\Traitement.o
                0x100825cc                CalculBPM
 .text.traitement_task
                0x100826dc       0xac .\CortexM4\ARM_GCC_541\Debug\Traitement.o
                0x100826dc                traitement_task
 .text.null_ptr_check
                0x10082788       0x2c .\CortexM4\ARM_GCC_541\Debug\bmi160.o
 .text.default_param_settg
                0x100827b4       0x28 .\CortexM4\ARM_GCC_541\Debug\bmi160.o
 .text.process_accel_odr
                0x100827dc       0x28 .\CortexM4\ARM_GCC_541\Debug\bmi160.o
 .text.process_accel_bw
                0x10082804       0x24 .\CortexM4\ARM_GCC_541\Debug\bmi160.o
 .text.process_accel_range
                0x10082828       0x28 .\CortexM4\ARM_GCC_541\Debug\bmi160.o
 .text.process_gyro_odr
                0x10082850       0x28 .\CortexM4\ARM_GCC_541\Debug\bmi160.o
 .text.process_gyro_bw
                0x10082878       0x20 .\CortexM4\ARM_GCC_541\Debug\bmi160.o
 .text.process_gyro_range
                0x10082898       0x28 .\CortexM4\ARM_GCC_541\Debug\bmi160.o
 .text.bmi160_get_regs
                0x100828c0       0x40 .\CortexM4\ARM_GCC_541\Debug\bmi160.o
                0x100828c0                bmi160_get_regs
 .text.check_accel_config
                0x10082900       0x3c .\CortexM4\ARM_GCC_541\Debug\bmi160.o
 .text.check_gyro_config
                0x1008293c       0x3c .\CortexM4\ARM_GCC_541\Debug\bmi160.o
 .text.check_invalid_settg
                0x10082978       0x4c .\CortexM4\ARM_GCC_541\Debug\bmi160.o
 .text.get_accel_data
                0x100829c4       0x80 .\CortexM4\ARM_GCC_541\Debug\bmi160.o
 .text.get_gyro_data
                0x10082a44       0xc4 .\CortexM4\ARM_GCC_541\Debug\bmi160.o
 .text.get_accel_gyro_data
                0x10082b08       0xb8 .\CortexM4\ARM_GCC_541\Debug\bmi160.o
 .text.bmi160_set_regs
                0x10082bc0       0x84 .\CortexM4\ARM_GCC_541\Debug\bmi160.o
                0x10082bc0                bmi160_set_regs
 .text.set_accel_conf
                0x10082c44       0x54 .\CortexM4\ARM_GCC_541\Debug\bmi160.o
 .text.set_gyro_conf
                0x10082c98       0x54 .\CortexM4\ARM_GCC_541\Debug\bmi160.o
 .text.process_under_sampling
                0x10082cec       0x70 .\CortexM4\ARM_GCC_541\Debug\bmi160.o
 .text.set_accel_pwr
                0x10082d5c       0x5c .\CortexM4\ARM_GCC_541\Debug\bmi160.o
 .text.set_gyro_pwr
                0x10082db8       0x5c .\CortexM4\ARM_GCC_541\Debug\bmi160.o
 .text.bmi160_soft_reset
                0x10082e14       0x5c .\CortexM4\ARM_GCC_541\Debug\bmi160.o
                0x10082e14                bmi160_soft_reset
 .text.bmi160_init
                0x10082e70       0x5c .\CortexM4\ARM_GCC_541\Debug\bmi160.o
                0x10082e70                bmi160_init
 .text.bmi160_set_power_mode
                0x10082ecc       0x30 .\CortexM4\ARM_GCC_541\Debug\bmi160.o
                0x10082ecc                bmi160_set_power_mode
 .text.bmi160_set_sens_conf
                0x10082efc       0x44 .\CortexM4\ARM_GCC_541\Debug\bmi160.o
                0x10082efc                bmi160_set_sens_conf
 .text.bmi160_get_sensor_data
                0x10082f40       0x68 .\CortexM4\ARM_GCC_541\Debug\bmi160.o
                0x10082f40                bmi160_get_sensor_data
 .text.Pv_EINK_SendData
                0x10082fa8       0x38 .\CortexM4\ARM_GCC_541\Debug\pervasive_eink_hardware_driver.o
                0x10082fa8                Pv_EINK_SendData
 .text.Pv_EINK_SendByte
                0x10082fe0       0x18 .\CortexM4\ARM_GCC_541\Debug\pervasive_eink_hardware_driver.o
                0x10082fe0                Pv_EINK_SendByte
 .text.Pv_EINK_ReadByte
                0x10082ff8       0x30 .\CortexM4\ARM_GCC_541\Debug\pervasive_eink_hardware_driver.o
                0x10082ff8                Pv_EINK_ReadByte
 .text.Pv_EINK_Init
                0x10083028       0x34 .\CortexM4\ARM_GCC_541\Debug\pervasive_eink_hardware_driver.o
                0x10083028                Pv_EINK_Init
 .text.Pv_EINK_InitDriver
                0x1008305c      0x118 .\CortexM4\ARM_GCC_541\Debug\pervasive_eink_hardware_driver.o
                0x1008305c                Pv_EINK_InitDriver
 .text.Pv_EINK_SetTempFactor
                0x10083174       0x58 .\CortexM4\ARM_GCC_541\Debug\pervasive_eink_hardware_driver.o
                0x10083174                Pv_EINK_SetTempFactor
 .text.Pv_EINK_FullStageHandler
                0x100831cc      0x424 .\CortexM4\ARM_GCC_541\Debug\pervasive_eink_hardware_driver.o
                0x100831cc                Pv_EINK_FullStageHandler
 .text.Pv_EINK_PartialStageHandler
                0x100835f0      0x228 .\CortexM4\ARM_GCC_541\Debug\pervasive_eink_hardware_driver.o
                0x100835f0                Pv_EINK_PartialStageHandler
 .text.Pv_EINK_NothingFrame
                0x10083818       0x5c .\CortexM4\ARM_GCC_541\Debug\pervasive_eink_hardware_driver.o
                0x10083818                Pv_EINK_NothingFrame
 .text.Pv_EINK_DummyLine
                0x10083874       0x34 .\CortexM4\ARM_GCC_541\Debug\pervasive_eink_hardware_driver.o
                0x10083874                Pv_EINK_DummyLine
 .text.Pv_EINK_HardwarePowerOn
                0x100838a8       0x44 .\CortexM4\ARM_GCC_541\Debug\pervasive_eink_hardware_driver.o
                0x100838a8                Pv_EINK_HardwarePowerOn
 .text.Pv_EINK_HardwarePowerOff
                0x100838ec       0xa8 .\CortexM4\ARM_GCC_541\Debug\pervasive_eink_hardware_driver.o
                0x100838ec                Pv_EINK_HardwarePowerOff
 .text.Cy_EINK_Start
                0x10083994       0x10 .\CortexM4\ARM_GCC_541\Debug\cy_eink_library.o
                0x10083994                Cy_EINK_Start
 .text.Cy_EINK_Power
                0x100839a4       0x18 .\CortexM4\ARM_GCC_541\Debug\cy_eink_library.o
                0x100839a4                Cy_EINK_Power
 .text.Cy_EINK_ShowFrame
                0x100839bc       0x54 .\CortexM4\ARM_GCC_541\Debug\cy_eink_library.o
                0x100839bc                Cy_EINK_ShowFrame
 .text.Cy_EINK_TimerInit
                0x10083a10       0x14 .\CortexM4\ARM_GCC_541\Debug\cy_eink_psoc_interface.o
                0x10083a10                Cy_EINK_TimerInit
 .text.Cy_EINK_GetTimeTick
                0x10083a24        0xc .\CortexM4\ARM_GCC_541\Debug\cy_eink_psoc_interface.o
                0x10083a24                Cy_EINK_GetTimeTick
 .text.Cy_EINK_TimerStop
                0x10083a30        0xc .\CortexM4\ARM_GCC_541\Debug\cy_eink_psoc_interface.o
                0x10083a30                Cy_EINK_TimerStop
 .text.Cy_EINK_InitSPI
                0x10083a3c       0x30 .\CortexM4\ARM_GCC_541\Debug\cy_eink_psoc_interface.o
                0x10083a3c                Cy_EINK_InitSPI
 .text.Cy_EINK_AttachSPI
                0x10083a6c       0x1c .\CortexM4\ARM_GCC_541\Debug\cy_eink_psoc_interface.o
                0x10083a6c                Cy_EINK_AttachSPI
 .text.Cy_EINK_DetachSPI
                0x10083a88       0x14 .\CortexM4\ARM_GCC_541\Debug\cy_eink_psoc_interface.o
                0x10083a88                Cy_EINK_DetachSPI
 .text.Cy_EINK_WriteSPI
                0x10083a9c       0x60 .\CortexM4\ARM_GCC_541\Debug\cy_eink_psoc_interface.o
                0x10083a9c                Cy_EINK_WriteSPI
 .text.Cy_EINK_ReadSPI
                0x10083afc       0x68 .\CortexM4\ARM_GCC_541\Debug\cy_eink_psoc_interface.o
                0x10083afc                Cy_EINK_ReadSPI
 .text.Cy_EINK_WriteSPIBuffer
                0x10083b64       0x84 .\CortexM4\ARM_GCC_541\Debug\cy_eink_psoc_interface.o
                0x10083b64                Cy_EINK_WriteSPIBuffer
 .text.Cy_EINK_IsBusy
                0x10083be8       0x18 .\CortexM4\ARM_GCC_541\Debug\cy_eink_psoc_interface.o
                0x10083be8                Cy_EINK_IsBusy
 .text.LCD_X_Config
                0x10083c00       0x70 .\CortexM4\ARM_GCC_541\Debug\LCDConf.o
                0x10083c00                LCD_X_Config
 .text.LCD_X_DisplayDriver
                0x10083c70       0x10 .\CortexM4\ARM_GCC_541\Debug\LCDConf.o
                0x10083c70                LCD_X_DisplayDriver
 .text.LCD_GetDisplayBuffer
                0x10083c80        0x8 .\CortexM4\ARM_GCC_541\Debug\LCDConf.o
                0x10083c80                LCD_GetDisplayBuffer
 .text.GUI_X_InitOS
                0x10083c88       0x14 .\CortexM4\ARM_GCC_541\Debug\GUI_X_RTOS.o
                0x10083c88                GUI_X_InitOS
 .text.GUI_X_Unlock
                0x10083c9c       0x18 .\CortexM4\ARM_GCC_541\Debug\GUI_X_RTOS.o
                0x10083c9c                GUI_X_Unlock
 .text.GUI_X_Lock
                0x10083cb4       0x14 .\CortexM4\ARM_GCC_541\Debug\GUI_X_RTOS.o
                0x10083cb4                GUI_X_Lock
 .text.GUI_X_GetTaskId
                0x10083cc8        0x8 .\CortexM4\ARM_GCC_541\Debug\GUI_X_RTOS.o
                0x10083cc8                GUI_X_GetTaskId
 .text.GUI_X_Init
                0x10083cd0        0x4 .\CortexM4\ARM_GCC_541\Debug\GUI_X_RTOS.o
                0x10083cd0                GUI_X_Init
 .text.GUI_X_Config
                0x10083cd4       0x1c .\CortexM4\ARM_GCC_541\Debug\GUIConf.o
                0x10083cd4                GUI_X_Config
 .text.STDIO_PutChar
                0x10083cf0       0x18 .\CortexM4\ARM_GCC_541\Debug\stdio_user.o
                0x10083cf0                STDIO_PutChar
 .text.STDIO_GetChar
                0x10083d08       0x1c .\CortexM4\ARM_GCC_541\Debug\stdio_user.o
                0x10083d08                STDIO_GetChar
 .text.CY_EINK_Timer_Start
                0x10083d24       0x30 .\CortexM4\ARM_GCC_541\Debug\CY_EINK_Timer.o
                0x10083d24                CY_EINK_Timer_Start
 .text.Cy_Flash_ProcessOpcode
                0x10083d54       0xac .\CortexM4\ARM_GCC_541\Debug\cy_flash.o
 .text.Cy_Flash_OperationStatus
                0x10083e00       0x5c .\CortexM4\ARM_GCC_541\Debug\cy_flash.o
 .text.Cy_Flash_InitExt
                0x10083e5c       0x80 .\CortexM4\ARM_GCC_541\Debug\cy_flash.o
                0x10083e5c                Cy_Flash_InitExt
 .text.Cy_Flash_Init
                0x10083edc       0x10 .\CortexM4\ARM_GCC_541\Debug\cy_flash.o
                0x10083edc                Cy_Flash_Init
 .text.Cy_GPIO_Pin_FastInit
                0x10083eec       0xf8 .\CortexM4\ARM_GCC_541\Debug\cy_gpio.o
                0x10083eec                Cy_GPIO_Pin_FastInit
 .text.Cy_IPC_Drv_LockRelease
                0x10083fe4       0x3c .\CortexM4\ARM_GCC_541\Debug\cy_ipc_drv.o
                0x10083fe4                Cy_IPC_Drv_LockRelease
 .text.Cy_IPC_Drv_SendMsgWord
                0x10084020       0x3c .\CortexM4\ARM_GCC_541\Debug\cy_ipc_drv.o
                0x10084020                Cy_IPC_Drv_SendMsgWord
 .text.Cy_IPC_Drv_ReadMsgWord
                0x1008405c       0x38 .\CortexM4\ARM_GCC_541\Debug\cy_ipc_drv.o
                0x1008405c                Cy_IPC_Drv_ReadMsgWord
 .text.Cy_IPC_Sema_InitExt
                0x10084094       0xac .\CortexM4\ARM_GCC_541\Debug\cy_ipc_sema.o
                0x10084094                Cy_IPC_Sema_InitExt
 .text.Cy_IPC_Sema_Init
                0x10084140       0x64 .\CortexM4\ARM_GCC_541\Debug\cy_ipc_sema.o
                0x10084140                Cy_IPC_Sema_Init
 .text.Cy_IPC_Sema_Clear
                0x100841a4       0x88 .\CortexM4\ARM_GCC_541\Debug\cy_ipc_sema.o
                0x100841a4                Cy_IPC_Sema_Clear
 .text.Cy_IPC_Sema_Status
                0x1008422c       0x40 .\CortexM4\ARM_GCC_541\Debug\cy_ipc_sema.o
                0x1008422c                Cy_IPC_Sema_Status
 .text.Cy_IPC_Pipe_Config
                0x1008426c       0x10 .\CortexM4\ARM_GCC_541\Debug\cy_ipc_pipe.o
                0x1008426c                Cy_IPC_Pipe_Config
 .text.Cy_IPC_Pipe_EndpointInit
                0x1008427c       0xd0 .\CortexM4\ARM_GCC_541\Debug\cy_ipc_pipe.o
                0x1008427c                Cy_IPC_Pipe_EndpointInit
 .text.Cy_IPC_Pipe_Init
                0x1008434c       0xb4 .\CortexM4\ARM_GCC_541\Debug\cy_ipc_pipe.o
                0x1008434c                Cy_IPC_Pipe_Init
 .text.Cy_IPC_Pipe_SendMessage
                0x10084400       0xa4 .\CortexM4\ARM_GCC_541\Debug\cy_ipc_pipe.o
                0x10084400                Cy_IPC_Pipe_SendMessage
 .text.Cy_IPC_Pipe_RegisterCallback
                0x100844a4       0x50 .\CortexM4\ARM_GCC_541\Debug\cy_ipc_pipe.o
                0x100844a4                Cy_IPC_Pipe_RegisterCallback
 .text.Cy_IPC_Pipe_ExecCallback
                0x100844f4       0xbc .\CortexM4\ARM_GCC_541\Debug\cy_ipc_pipe.o
                0x100844f4                Cy_IPC_Pipe_ExecCallback
 .text.Cy_IPC_Pipe_ExecuteCallback
                0x100845b0       0x2c .\CortexM4\ARM_GCC_541\Debug\cy_ipc_pipe.o
                0x100845b0                Cy_IPC_Pipe_ExecuteCallback
 .text.Cy_SCB_ReadArrayNoCheck
                0x100845dc       0x38 .\CortexM4\ARM_GCC_541\Debug\cy_scb_common.o
                0x100845dc                Cy_SCB_ReadArrayNoCheck
 .text.Cy_SCB_ReadArray
                0x10084614       0x1c .\CortexM4\ARM_GCC_541\Debug\cy_scb_common.o
                0x10084614                Cy_SCB_ReadArray
 .text.Cy_SCB_Write
                0x10084630       0x28 .\CortexM4\ARM_GCC_541\Debug\cy_scb_common.o
                0x10084630                Cy_SCB_Write
 .text.Cy_SCB_WriteArrayNoCheck
                0x10084658       0x38 .\CortexM4\ARM_GCC_541\Debug\cy_scb_common.o
                0x10084658                Cy_SCB_WriteArrayNoCheck
 .text.Cy_SCB_WriteArray
                0x10084690       0x2c .\CortexM4\ARM_GCC_541\Debug\cy_scb_common.o
                0x10084690                Cy_SCB_WriteArray
 .text.Cy_SCB_WriteArrayBlocking
                0x100846bc       0x30 .\CortexM4\ARM_GCC_541\Debug\cy_scb_common.o
                0x100846bc                Cy_SCB_WriteArrayBlocking
 .text.Cy_SCB_WriteDefaultArrayNoCheck
                0x100846ec       0x10 .\CortexM4\ARM_GCC_541\Debug\cy_scb_common.o
                0x100846ec                Cy_SCB_WriteDefaultArrayNoCheck
 .text.Cy_SCB_WriteDefaultArray
                0x100846fc       0x2c .\CortexM4\ARM_GCC_541\Debug\cy_scb_common.o
                0x100846fc                Cy_SCB_WriteDefaultArray
 .text.SlaveHandleStop
                0x10084728       0xec .\CortexM4\ARM_GCC_541\Debug\cy_scb_i2c.o
 .text.MasterHandleEvents
                0x10084814       0x74 .\CortexM4\ARM_GCC_541\Debug\cy_scb_i2c.o
 .text.MasterHandleStop
                0x10084888       0x2c .\CortexM4\ARM_GCC_541\Debug\cy_scb_i2c.o
 .text.MasterHandleComplete
                0x100848b4       0xf4 .\CortexM4\ARM_GCC_541\Debug\cy_scb_i2c.o
 .text.HandleStatus
                0x100849a8       0xf0 .\CortexM4\ARM_GCC_541\Debug\cy_scb_i2c.o
 .text.WaitOneUnit
                0x10084a98       0x24 .\CortexM4\ARM_GCC_541\Debug\cy_scb_i2c.o
 .text.SlaveHandleDataTransmit
                0x10084abc       0xe8 .\CortexM4\ARM_GCC_541\Debug\cy_scb_i2c.o
 .text.MasterHandleDataTransmit
                0x10084ba4       0xb8 .\CortexM4\ARM_GCC_541\Debug\cy_scb_i2c.o
 .text.SlaveHandleAddress
                0x10084c5c      0x158 .\CortexM4\ARM_GCC_541\Debug\cy_scb_i2c.o
 .text.MasterHandleDataReceive
                0x10084db4       0xf0 .\CortexM4\ARM_GCC_541\Debug\cy_scb_i2c.o
 .text.SlaveHandleDataReceive
                0x10084ea4       0xbc .\CortexM4\ARM_GCC_541\Debug\cy_scb_i2c.o
 .text.Cy_SCB_I2C_Init
                0x10084f60      0x18c .\CortexM4\ARM_GCC_541\Debug\cy_scb_i2c.o
                0x10084f60                Cy_SCB_I2C_Init
 .text.Cy_SCB_I2C_GetDataRate
                0x100850ec       0x90 .\CortexM4\ARM_GCC_541\Debug\cy_scb_i2c.o
                0x100850ec                Cy_SCB_I2C_GetDataRate
 .text.Cy_SCB_I2C_SetDataRate
                0x1008517c      0x1d0 .\CortexM4\ARM_GCC_541\Debug\cy_scb_i2c.o
                0x1008517c                Cy_SCB_I2C_SetDataRate
 .text.Cy_SCB_I2C_MasterSendStart
                0x1008534c       0xf0 .\CortexM4\ARM_GCC_541\Debug\cy_scb_i2c.o
                0x1008534c                Cy_SCB_I2C_MasterSendStart
 .text.Cy_SCB_I2C_MasterSendReStart
                0x1008543c       0xd4 .\CortexM4\ARM_GCC_541\Debug\cy_scb_i2c.o
                0x1008543c                Cy_SCB_I2C_MasterSendReStart
 .text.Cy_SCB_I2C_MasterSendStop
                0x10085510       0x64 .\CortexM4\ARM_GCC_541\Debug\cy_scb_i2c.o
                0x10085510                Cy_SCB_I2C_MasterSendStop
 .text.Cy_SCB_I2C_MasterReadByte
                0x10085574       0xb4 .\CortexM4\ARM_GCC_541\Debug\cy_scb_i2c.o
                0x10085574                Cy_SCB_I2C_MasterReadByte
 .text.Cy_SCB_I2C_MasterWriteByte
                0x10085628       0x68 .\CortexM4\ARM_GCC_541\Debug\cy_scb_i2c.o
                0x10085628                Cy_SCB_I2C_MasterWriteByte
 .text.Cy_SCB_I2C_SlaveInterrupt
                0x10085690       0xe4 .\CortexM4\ARM_GCC_541\Debug\cy_scb_i2c.o
                0x10085690                Cy_SCB_I2C_SlaveInterrupt
 .text.Cy_SCB_I2C_MasterInterrupt
                0x10085774       0x8c .\CortexM4\ARM_GCC_541\Debug\cy_scb_i2c.o
                0x10085774                Cy_SCB_I2C_MasterInterrupt
 .text.Cy_SCB_I2C_Interrupt
                0x10085800       0x18 .\CortexM4\ARM_GCC_541\Debug\cy_scb_i2c.o
                0x10085800                Cy_SCB_I2C_Interrupt
 .text.Cy_SCB_SPI_Init
                0x10085818      0x268 .\CortexM4\ARM_GCC_541\Debug\cy_scb_spi.o
                0x10085818                Cy_SCB_SPI_Init
 .text.Cy_SCB_SPI_Disable
                0x10085a80       0x24 .\CortexM4\ARM_GCC_541\Debug\cy_scb_spi.o
                0x10085a80                Cy_SCB_SPI_Disable
 .text.HandleDataTransmit
                0x10085aa4       0xdc .\CortexM4\ARM_GCC_541\Debug\cy_scb_uart.o
 .text.HandleDataReceive
                0x10085b80       0xf8 .\CortexM4\ARM_GCC_541\Debug\cy_scb_uart.o
 .text.Cy_SCB_UART_Init
                0x10085c78      0x364 .\CortexM4\ARM_GCC_541\Debug\cy_scb_uart.o
                0x10085c78                Cy_SCB_UART_Init
 .text.Cy_SCB_UART_GetNumInRingBuffer
                0x10085fdc       0x18 .\CortexM4\ARM_GCC_541\Debug\cy_scb_uart.o
                0x10085fdc                Cy_SCB_UART_GetNumInRingBuffer
 .text.HandleRingBuffer
                0x10085ff4       0xcc .\CortexM4\ARM_GCC_541\Debug\cy_scb_uart.o
 .text.Cy_SCB_UART_Interrupt
                0x100860c0       0xe8 .\CortexM4\ARM_GCC_541\Debug\cy_scb_uart.o
                0x100860c0                Cy_SCB_UART_Interrupt
 .text.Cy_SysInt_SetVector
                0x100861a8       0x48 .\CortexM4\ARM_GCC_541\Debug\cy_sysint.o
                0x100861a8                Cy_SysInt_SetVector
 .text.Cy_SysInt_Init
                0x100861f0       0x74 .\CortexM4\ARM_GCC_541\Debug\cy_sysint.o
                0x100861f0                Cy_SysInt_Init
 .text.Cy_SysLib_Delay
                0x10086264       0x30 .\CortexM4\ARM_GCC_541\Debug\cy_syslib.o
                0x10086264                Cy_SysLib_Delay
 .text.Cy_SysLib_DelayUs
                0x10086294       0x14 .\CortexM4\ARM_GCC_541\Debug\cy_syslib.o
                0x10086294                Cy_SysLib_DelayUs
 .text.Cy_SysLib_Halt
                0x100862a8        0x4 .\CortexM4\ARM_GCC_541\Debug\cy_syslib.o
                0x100862a8                Cy_SysLib_Halt
 .text.Cy_SysLib_AssertFailed
                0x100862ac       0x1c .\CortexM4\ARM_GCC_541\Debug\cy_syslib.o
                0x100862ac                Cy_SysLib_AssertFailed
 .text.Cy_SysLib_ProcessingFault
                0x100862c8        0x4 .\CortexM4\ARM_GCC_541\Debug\cy_syslib.o
                0x100862c8                Cy_SysLib_ProcessingFault
 .text.Cy_SysLib_FaultHandler
                0x100862cc       0xa4 .\CortexM4\ARM_GCC_541\Debug\cy_syslib.o
                0x100862cc                Cy_SysLib_FaultHandler
 .text          0x10086370       0x20 .\CortexM4\ARM_GCC_541\Debug\cy_syslib_gcc.o
                0x10086370                Cy_SysLib_DelayCycles
                0x10086382                Cy_SysLib_EnterCriticalSection
                0x1008638a                Cy_SysLib_ExitCriticalSection
 .text.Cy_TCPWM_Counter_Init
                0x10086390      0x110 .\CortexM4\ARM_GCC_541\Debug\cy_tcpwm_counter.o
                0x10086390                Cy_TCPWM_Counter_Init
 .text.Cy_TCPWM_PWM_Init
                0x100864a0      0x16c .\CortexM4\ARM_GCC_541\Debug\cy_tcpwm_pwm.o
                0x100864a0                Cy_TCPWM_PWM_Init
 .text.Cy_PDL_Init
                0x1008660c        0xc .\CortexM4\ARM_GCC_541\Debug\cy_device.o
                0x1008660c                Cy_PDL_Init
 .text.vListInitialise
                0x10086618       0x18 .\CortexM4\ARM_GCC_541\Debug\list.o
                0x10086618                vListInitialise
 .text.vListInitialiseItem
                0x10086630        0x8 .\CortexM4\ARM_GCC_541\Debug\list.o
                0x10086630                vListInitialiseItem
 .text.vListInsertEnd
                0x10086638       0x18 .\CortexM4\ARM_GCC_541\Debug\list.o
                0x10086638                vListInsertEnd
 .text.vListInsert
                0x10086650       0x34 .\CortexM4\ARM_GCC_541\Debug\list.o
                0x10086650                vListInsert
 .text.uxListRemove
                0x10086684       0x28 .\CortexM4\ARM_GCC_541\Debug\list.o
                0x10086684                uxListRemove
 .text.prvGetDisinheritPriorityAfterTimeout
                0x100866ac       0x14 .\CortexM4\ARM_GCC_541\Debug\queue.o
 .text.prvIsQueueFull
                0x100866c0       0x20 .\CortexM4\ARM_GCC_541\Debug\queue.o
 .text.prvIsQueueEmpty
                0x100866e0       0x1c .\CortexM4\ARM_GCC_541\Debug\queue.o
 .text.prvCopyDataToQueue
                0x100866fc       0x78 .\CortexM4\ARM_GCC_541\Debug\queue.o
 .text.prvCopyDataFromQueue
                0x10086774       0x24 .\CortexM4\ARM_GCC_541\Debug\queue.o
 .text.prvUnlockQueue
                0x10086798       0x68 .\CortexM4\ARM_GCC_541\Debug\queue.o
 .text.xQueueGenericReset
                0x10086800       0x80 .\CortexM4\ARM_GCC_541\Debug\queue.o
                0x10086800                xQueueGenericReset
 .text.prvInitialiseNewQueue
                0x10086880       0x1c .\CortexM4\ARM_GCC_541\Debug\queue.o
 .text.xQueueGenericCreate
                0x1008689c       0x4c .\CortexM4\ARM_GCC_541\Debug\queue.o
                0x1008689c                xQueueGenericCreate
 .text.xQueueGenericSend
                0x100868e8      0x190 .\CortexM4\ARM_GCC_541\Debug\queue.o
                0x100868e8                xQueueGenericSend
 .text.prvInitialiseMutex
                0x10086a78       0x18 .\CortexM4\ARM_GCC_541\Debug\queue.o
 .text.xQueueCreateMutex
                0x10086a90       0x18 .\CortexM4\ARM_GCC_541\Debug\queue.o
                0x10086a90                xQueueCreateMutex
 .text.xQueueGenericSendFromISR
                0x10086aa8       0xe4 .\CortexM4\ARM_GCC_541\Debug\queue.o
                0x10086aa8                xQueueGenericSendFromISR
 .text.xQueueGiveFromISR
                0x10086b8c       0xbc .\CortexM4\ARM_GCC_541\Debug\queue.o
                0x10086b8c                xQueueGiveFromISR
 .text.xQueueReceive
                0x10086c48      0x158 .\CortexM4\ARM_GCC_541\Debug\queue.o
                0x10086c48                xQueueReceive
 .text.xQueueSemaphoreTake
                0x10086da0      0x190 .\CortexM4\ARM_GCC_541\Debug\queue.o
                0x10086da0                xQueueSemaphoreTake
 .text.vQueueAddToRegistry
                0x10086f30       0x28 .\CortexM4\ARM_GCC_541\Debug\queue.o
                0x10086f30                vQueueAddToRegistry
 .text.vQueueWaitForMessageRestricted
                0x10086f58       0x4c .\CortexM4\ARM_GCC_541\Debug\queue.o
                0x10086f58                vQueueWaitForMessageRestricted
 .text.prvResetNextTaskUnblockTime
                0x10086fa4       0x2c .\CortexM4\ARM_GCC_541\Debug\tasks.o
 .text.prvDeleteTCB
                0x10086fd0       0x14 .\CortexM4\ARM_GCC_541\Debug\tasks.o
 .text.prvInitialiseNewTask
                0x10086fe4       0xac .\CortexM4\ARM_GCC_541\Debug\tasks.o
 .text.prvInitialiseTaskLists
                0x10087090       0x58 .\CortexM4\ARM_GCC_541\Debug\tasks.o
 .text.prvAddNewTaskToReadyList
                0x100870e8       0xac .\CortexM4\ARM_GCC_541\Debug\tasks.o
 .text.prvCheckTasksWaitingTermination
                0x10087194       0x44 .\CortexM4\ARM_GCC_541\Debug\tasks.o
 .text.prvIdleTask
                0x100871d8       0x28 .\CortexM4\ARM_GCC_541\Debug\tasks.o
 .text.prvAddCurrentTaskToDelayedList
                0x10087200       0x68 .\CortexM4\ARM_GCC_541\Debug\tasks.o
 .text.xTaskCreate
                0x10087268       0x64 .\CortexM4\ARM_GCC_541\Debug\tasks.o
                0x10087268                xTaskCreate
 .text.vTaskStartScheduler
                0x100872cc       0x7c .\CortexM4\ARM_GCC_541\Debug\tasks.o
                0x100872cc                vTaskStartScheduler
 .text.vTaskSuspendAll
                0x10087348       0x14 .\CortexM4\ARM_GCC_541\Debug\tasks.o
                0x10087348                vTaskSuspendAll
 .text.xTaskGetTickCount
                0x1008735c        0xc .\CortexM4\ARM_GCC_541\Debug\tasks.o
                0x1008735c                xTaskGetTickCount
 .text.xTaskIncrementTick
                0x10087368       0xfc .\CortexM4\ARM_GCC_541\Debug\tasks.o
                0x10087368                xTaskIncrementTick
 .text.xTaskResumeAll
                0x10087464       0xf0 .\CortexM4\ARM_GCC_541\Debug\tasks.o
                0x10087464                xTaskResumeAll
 .text.vTaskDelay
                0x10087554       0x50 .\CortexM4\ARM_GCC_541\Debug\tasks.o
                0x10087554                vTaskDelay
 .text.vTaskSwitchContext
                0x100875a4       0xc8 .\CortexM4\ARM_GCC_541\Debug\tasks.o
                0x100875a4                vTaskSwitchContext
 .text.vTaskPlaceOnEventList
                0x1008766c       0x34 .\CortexM4\ARM_GCC_541\Debug\tasks.o
                0x1008766c                vTaskPlaceOnEventList
 .text.vTaskPlaceOnEventListRestricted
                0x100876a0       0x3c .\CortexM4\ARM_GCC_541\Debug\tasks.o
                0x100876a0                vTaskPlaceOnEventListRestricted
 .text.xTaskRemoveFromEventList
                0x100876dc       0x88 .\CortexM4\ARM_GCC_541\Debug\tasks.o
                0x100876dc                xTaskRemoveFromEventList
 .text.vTaskInternalSetTimeOutState
                0x10087764       0x14 .\CortexM4\ARM_GCC_541\Debug\tasks.o
                0x10087764                vTaskInternalSetTimeOutState
 .text.xTaskCheckForTimeOut
                0x10087778       0x80 .\CortexM4\ARM_GCC_541\Debug\tasks.o
                0x10087778                xTaskCheckForTimeOut
 .text.vTaskMissedYield
                0x100877f8       0x10 .\CortexM4\ARM_GCC_541\Debug\tasks.o
                0x100877f8                vTaskMissedYield
 .text.xTaskGetCurrentTaskHandle
                0x10087808        0xc .\CortexM4\ARM_GCC_541\Debug\tasks.o
                0x10087808                xTaskGetCurrentTaskHandle
 .text.xTaskGetSchedulerState
                0x10087814       0x20 .\CortexM4\ARM_GCC_541\Debug\tasks.o
                0x10087814                xTaskGetSchedulerState
 .text.xTaskPriorityInherit
                0x10087834       0xa8 .\CortexM4\ARM_GCC_541\Debug\tasks.o
                0x10087834                xTaskPriorityInherit
 .text.xTaskPriorityDisinherit
                0x100878dc       0x94 .\CortexM4\ARM_GCC_541\Debug\tasks.o
                0x100878dc                xTaskPriorityDisinherit
 .text.vTaskPriorityDisinheritAfterTimeout
                0x10087970       0xac .\CortexM4\ARM_GCC_541\Debug\tasks.o
                0x10087970                vTaskPriorityDisinheritAfterTimeout
 .text.pvTaskIncrementMutexHeldCount
                0x10087a1c       0x20 .\CortexM4\ARM_GCC_541\Debug\tasks.o
                0x10087a1c                pvTaskIncrementMutexHeldCount
 .text.prvGetNextExpireTime
                0x10087a3c       0x20 .\CortexM4\ARM_GCC_541\Debug\timers.o
 .text.prvInsertTimerInActiveList
                0x10087a5c       0x44 .\CortexM4\ARM_GCC_541\Debug\timers.o
 .text.prvCheckForValidListAndQueue
                0x10087aa0       0x48 .\CortexM4\ARM_GCC_541\Debug\timers.o
 .text.xTimerCreateTimerTask
                0x10087ae8       0x50 .\CortexM4\ARM_GCC_541\Debug\timers.o
                0x10087ae8                xTimerCreateTimerTask
 .text.xTimerGenericCommand
                0x10087b38       0x6c .\CortexM4\ARM_GCC_541\Debug\timers.o
                0x10087b38                xTimerGenericCommand
 .text.prvSwitchTimerLists
                0x10087ba4       0x74 .\CortexM4\ARM_GCC_541\Debug\timers.o
 .text.prvSampleTimeNow
                0x10087c18       0x2c .\CortexM4\ARM_GCC_541\Debug\timers.o
 .text.prvProcessExpiredTimer
                0x10087c44       0x5c .\CortexM4\ARM_GCC_541\Debug\timers.o
 .text.prvProcessTimerOrBlockTask
                0x10087ca0       0x70 .\CortexM4\ARM_GCC_541\Debug\timers.o
 .text.prvProcessReceivedCommands
                0x10087d10       0xbc .\CortexM4\ARM_GCC_541\Debug\timers.o
 .text.prvTimerTask
                0x10087dcc       0x18 .\CortexM4\ARM_GCC_541\Debug\timers.o
 .text.prvTaskExitError
                0x10087de4       0x40 .\CortexM4\ARM_GCC_541\Debug\port.o
 .text.prvPortStartFirstTask
                0x10087e24       0x28 .\CortexM4\ARM_GCC_541\Debug\port.o
 .text.vPortEnableVFP
                0x10087e4c       0x14 .\CortexM4\ARM_GCC_541\Debug\port.o
 .text.pxPortInitialiseStack
                0x10087e60       0x2c .\CortexM4\ARM_GCC_541\Debug\port.o
                0x10087e60                pxPortInitialiseStack
 *fill*         0x10087e8c        0x4 
 .text.SVC_Handler
                0x10087e90       0x24 .\CortexM4\ARM_GCC_541\Debug\port.o
                0x10087e90                SVC_Handler
 .text.vPortEnterCritical
                0x10087eb4       0x44 .\CortexM4\ARM_GCC_541\Debug\port.o
                0x10087eb4                vPortEnterCritical
 .text.vPortExitCritical
                0x10087ef8       0x2c .\CortexM4\ARM_GCC_541\Debug\port.o
                0x10087ef8                vPortExitCritical
 *fill*         0x10087f24        0xc 
 .text.PendSV_Handler
                0x10087f30       0x64 .\CortexM4\ARM_GCC_541\Debug\port.o
                0x10087f30                PendSV_Handler
 .text.SysTick_Handler
                0x10087f94       0x2c .\CortexM4\ARM_GCC_541\Debug\port.o
                0x10087f94                SysTick_Handler
 .text.vPortSetupTimerInterrupt
                0x10087fc0       0x38 .\CortexM4\ARM_GCC_541\Debug\port.o
                0x10087fc0                vPortSetupTimerInterrupt
 .text.xPortStartScheduler
                0x10087ff8       0xc4 .\CortexM4\ARM_GCC_541\Debug\port.o
                0x10087ff8                xPortStartScheduler
 .text.vPortValidateInterruptPriority
                0x100880bc       0x58 .\CortexM4\ARM_GCC_541\Debug\port.o
                0x100880bc                vPortValidateInterruptPriority
 .text.vApplicationStackOverflowHook
                0x10088114       0x24 .\CortexM4\ARM_GCC_541\Debug\port.o
                0x10088114                vApplicationStackOverflowHook
 .text.prvHeapInit
                0x10088138       0x58 .\CortexM4\ARM_GCC_541\Debug\heap_4.o
 .text.prvInsertBlockIntoFreeList
                0x10088190       0x58 .\CortexM4\ARM_GCC_541\Debug\heap_4.o
 .text.pvPortMalloc
                0x100881e8      0x10c .\CortexM4\ARM_GCC_541\Debug\heap_4.o
                0x100881e8                pvPortMalloc
 .text.vPortFree
                0x100882f4       0x78 .\CortexM4\ARM_GCC_541\Debug\heap_4.o
                0x100882f4                vPortFree
 .text._write   0x1008836c       0x24 .\CortexM4\ARM_GCC_541\Debug\retarget.o
                0x1008836c                _write
 .text._read    0x10088390       0x2c .\CortexM4\ARM_GCC_541\Debug\retarget.o
                0x10088390                _read
 .text.PWM_Start
                0x100883bc       0x30 .\CortexM4\ARM_GCC_541\Debug\PWM.o
                0x100883bc                PWM_Start
 .text.I2C_1_Interrupt
                0x100883ec       0x14 .\CortexM4\ARM_GCC_541\Debug\I2C_1.o
 .text.I2C_1_Start
                0x10088400       0x78 .\CortexM4\ARM_GCC_541\Debug\I2C_1.o
                0x10088400                I2C_1_Start
 .text.UART_1_Interrupt
                0x10088478       0x14 .\CortexM4\ARM_GCC_541\Debug\UART_1.o
 .text.UART_1_Start
                0x1008848c       0x64 .\CortexM4\ARM_GCC_541\Debug\UART_1.o
                0x1008848c                UART_1_Start
 .text.I2C_2_Interrupt
                0x100884f0       0x14 .\CortexM4\ARM_GCC_541\Debug\I2C_2.o
 .text.I2C_2_Start
                0x10088504       0x78 .\CortexM4\ARM_GCC_541\Debug\I2C_2.o
                0x10088504                I2C_2_Start
 .text.CapSense_Initialize
                0x1008857c       0x24 .\CortexM4\ARM_GCC_541\Debug\CapSense_Control.o
                0x1008857c                CapSense_Initialize
 .text.CapSense_Start
                0x100885a0       0x34 .\CortexM4\ARM_GCC_541\Debug\CapSense_Control.o
                0x100885a0                CapSense_Start
 .text.CapSense_ProcessAllWidgets
                0x100885d4       0x74 .\CortexM4\ARM_GCC_541\Debug\CapSense_Control.o
                0x100885d4                CapSense_ProcessAllWidgets
 .text.CapSense_DpInitialize
                0x10088648       0x84 .\CortexM4\ARM_GCC_541\Debug\CapSense_Processing.o
                0x10088648                CapSense_DpInitialize
 .text.CapSense_DpUpdateThresholds
                0x100886cc       0x34 .\CortexM4\ARM_GCC_541\Debug\CapSense_Processing.o
                0x100886cc                CapSense_DpUpdateThresholds
 .text.CapSense_DpUpdateDifferences
                0x10088700       0x18 .\CortexM4\ARM_GCC_541\Debug\CapSense_Processing.o
                0x10088700                CapSense_DpUpdateDifferences
 .text.CapSense_DpProcessCsxWidgetRawCounts
                0x10088718       0x38 .\CortexM4\ARM_GCC_541\Debug\CapSense_Processing.o
                0x10088718                CapSense_DpProcessCsxWidgetRawCounts
 .text.CapSense_DpProcessCsdWidgetRawCounts
                0x10088750       0x54 .\CortexM4\ARM_GCC_541\Debug\CapSense_Processing.o
                0x10088750                CapSense_DpProcessCsdWidgetRawCounts
 .text.CapSense_DpProcessButton
                0x100887a4       0x64 .\CortexM4\ARM_GCC_541\Debug\CapSense_Processing.o
                0x100887a4                CapSense_DpProcessButton
 .text.CapSense_DpProcessCsxWidgetStatus
                0x10088808       0x64 .\CortexM4\ARM_GCC_541\Debug\CapSense_Processing.o
                0x10088808                CapSense_DpProcessCsxWidgetStatus
 .text.CapSense_DpProcessSlider
                0x1008886c       0xcc .\CortexM4\ARM_GCC_541\Debug\CapSense_Processing.o
                0x1008886c                CapSense_DpProcessSlider
 .text.CapSense_DpProcessCsdWidgetStatus
                0x10088938       0x74 .\CortexM4\ARM_GCC_541\Debug\CapSense_Processing.o
                0x10088938                CapSense_DpProcessCsdWidgetStatus
 .text.CapSense_DsInitialize
                0x100889ac       0x7c .\CortexM4\ARM_GCC_541\Debug\CapSense_Structure.o
                0x100889ac                CapSense_DsInitialize
 .text.CapSense_IsWidgetActive
                0x10088a28       0x28 .\CortexM4\ARM_GCC_541\Debug\CapSense_Structure.o
                0x10088a28                CapSense_IsWidgetActive
 .text.CapSense_GetCentroidPos
                0x10088a50       0x38 .\CortexM4\ARM_GCC_541\Debug\CapSense_Structure.o
                0x10088a50                CapSense_GetCentroidPos
 .text.CapSense_TuInitialize
                0x10088a88       0x14 .\CortexM4\ARM_GCC_541\Debug\CapSense_Tuner.o
                0x10088a88                CapSense_TuInitialize
 .text.CapSense_FtInitializeBaselineChannel
                0x10088a9c       0x20 .\CortexM4\ARM_GCC_541\Debug\CapSense_Filter.o
                0x10088a9c                CapSense_FtInitializeBaselineChannel
 .text.CapSense_FtInitializeBaseline
                0x10088abc       0x20 .\CortexM4\ARM_GCC_541\Debug\CapSense_Filter.o
                0x10088abc                CapSense_FtInitializeBaseline
 .text.CapSense_InitializeSensorBaseline
                0x10088adc       0x20 .\CortexM4\ARM_GCC_541\Debug\CapSense_Filter.o
                0x10088adc                CapSense_InitializeSensorBaseline
 .text.CapSense_InitializeWidgetBaseline
                0x10088afc       0x28 .\CortexM4\ARM_GCC_541\Debug\CapSense_Filter.o
                0x10088afc                CapSense_InitializeWidgetBaseline
 .text.CapSense_InitializeAllBaselines
                0x10088b24       0x18 .\CortexM4\ARM_GCC_541\Debug\CapSense_Filter.o
                0x10088b24                CapSense_InitializeAllBaselines
 .text.CapSense_InitializeWidgetFilter
                0x10088b3c       0x48 .\CortexM4\ARM_GCC_541\Debug\CapSense_Filter.o
                0x10088b3c                CapSense_InitializeWidgetFilter
 .text.CapSense_InitializeAllFilters
                0x10088b84       0x18 .\CortexM4\ARM_GCC_541\Debug\CapSense_Filter.o
                0x10088b84                CapSense_InitializeAllFilters
 .text.CapSense_FtInitialize
                0x10088b9c        0x8 .\CortexM4\ARM_GCC_541\Debug\CapSense_Filter.o
                0x10088b9c                CapSense_FtInitialize
 .text.CapSense_FtIIR1stOrder
                0x10088ba4       0x14 .\CortexM4\ARM_GCC_541\Debug\CapSense_Filter.o
                0x10088ba4                CapSense_FtIIR1stOrder
 .text.CapSense_FtUpdateBaseline
                0x10088bb8       0xa0 .\CortexM4\ARM_GCC_541\Debug\CapSense_Filter.o
                0x10088bb8                CapSense_FtUpdateBaseline
 .text.CapSense_UpdateSensorBaseline
                0x10088c58       0x24 .\CortexM4\ARM_GCC_541\Debug\CapSense_Filter.o
                0x10088c58                CapSense_UpdateSensorBaseline
 .text.CapSense_UpdateWidgetBaseline
                0x10088c7c       0x2c .\CortexM4\ARM_GCC_541\Debug\CapSense_Filter.o
                0x10088c7c                CapSense_UpdateWidgetBaseline
 .text.CapSense_UpdateAllBaselines
                0x10088ca8       0x1c .\CortexM4\ARM_GCC_541\Debug\CapSense_Filter.o
                0x10088ca8                CapSense_UpdateAllBaselines
 .text.CapSense_SsCalcLfsrSize
                0x10088cc4       0xb0 .\CortexM4\ARM_GCC_541\Debug\CapSense_Sensing.o
 .text.CapSense_SsCalcLfsrScale
                0x10088d74       0x38 .\CortexM4\ARM_GCC_541\Debug\CapSense_Sensing.o
 .text.CapSense_SsDisableCSXMode
                0x10088dac        0x8 .\CortexM4\ARM_GCC_541\Debug\CapSense_Sensing.o
 .text.CapSense_SsCSDDisableMode
                0x10088db4       0x38 .\CortexM4\ARM_GCC_541\Debug\CapSense_Sensing.o
 .text.CapSense_IsBusy
                0x10088dec       0x10 .\CortexM4\ARM_GCC_541\Debug\CapSense_Sensing.o
                0x10088dec                CapSense_IsBusy
 .text.CapSense_SetBusyFlags
                0x10088dfc       0x18 .\CortexM4\ARM_GCC_541\Debug\CapSense_Sensing.o
                0x10088dfc                CapSense_SetBusyFlags
 .text.CapSense_ClrBusyFlags
                0x10088e14       0x18 .\CortexM4\ARM_GCC_541\Debug\CapSense_Sensing.o
                0x10088e14                CapSense_ClrBusyFlags
 .text.CapSense_SetupWidget
                0x10088e2c       0x64 .\CortexM4\ARM_GCC_541\Debug\CapSense_Sensing.o
                0x10088e2c                CapSense_SetupWidget
 .text.CapSense_Scan
                0x10088e90       0x3c .\CortexM4\ARM_GCC_541\Debug\CapSense_Sensing.o
                0x10088e90                CapSense_Scan
 .text.CapSense_ScanAllWidgets
                0x10088ecc       0x54 .\CortexM4\ARM_GCC_541\Debug\CapSense_Sensing.o
                0x10088ecc                CapSense_ScanAllWidgets
 .text.CapSense_SsSwitchSensingMode
                0x10088f20       0x50 .\CortexM4\ARM_GCC_541\Debug\CapSense_Sensing.o
                0x10088f20                CapSense_SsSwitchSensingMode
 .text.CapSense_SsSetIOsInDefaultState
                0x10088f70       0x28 .\CortexM4\ARM_GCC_541\Debug\CapSense_Sensing.o
                0x10088f70                CapSense_SsSetIOsInDefaultState
 .text.CapSense_SsPostAllWidgetsScan
                0x10088f98       0x78 .\CortexM4\ARM_GCC_541\Debug\CapSense_Sensing.o
                0x10088f98                CapSense_SsPostAllWidgetsScan
 .text.CapSense_SsIsrInitialize
                0x10089010       0x58 .\CortexM4\ARM_GCC_541\Debug\CapSense_Sensing.o
                0x10089010                CapSense_SsIsrInitialize
 .text.CapSense_CalibrateWidget
                0x10089068       0x3c .\CortexM4\ARM_GCC_541\Debug\CapSense_Sensing.o
                0x10089068                CapSense_CalibrateWidget
 .text.CapSense_CalibrateAllWidgets
                0x100890a4       0x1c .\CortexM4\ARM_GCC_541\Debug\CapSense_Sensing.o
                0x100890a4                CapSense_CalibrateAllWidgets
 .text.CapSense_SsClearCSDSensors
                0x100890c0       0x44 .\CortexM4\ARM_GCC_541\Debug\CapSense_Sensing.o
                0x100890c0                CapSense_SsClearCSDSensors
 .text.CapSense_SsCSDGetColSnsClkDivider
                0x10089104       0x14 .\CortexM4\ARM_GCC_541\Debug\CapSense_Sensing.o
                0x10089104                CapSense_SsCSDGetColSnsClkDivider
 .text.CapSense_SsCSDSetColSnsClkDivider
                0x10089118       0x14 .\CortexM4\ARM_GCC_541\Debug\CapSense_Sensing.o
                0x10089118                CapSense_SsCSDSetColSnsClkDivider
 .text.CapSense_SsCSDCalcPrsSize
                0x1008912c       0x24 .\CortexM4\ARM_GCC_541\Debug\CapSense_Sensing.o
                0x1008912c                CapSense_SsCSDCalcPrsSize
 .text.CapSense_SsSetWidgetSenseClkSrc
                0x10089150       0x54 .\CortexM4\ARM_GCC_541\Debug\CapSense_Sensing.o
 .text.CapSense_SsAutoTune
                0x100891a4      0x18c .\CortexM4\ARM_GCC_541\Debug\CapSense_Sensing.o
                0x100891a4                CapSense_SsAutoTune
 .text.CapSense_SsInitializeSourceSenseClk
                0x10089330       0x64 .\CortexM4\ARM_GCC_541\Debug\CapSense_Sensing.o
                0x10089330                CapSense_SsInitializeSourceSenseClk
 .text.CapSense_SsInitialize
                0x10089394       0x14 .\CortexM4\ARM_GCC_541\Debug\CapSense_Sensing.o
                0x10089394                CapSense_SsInitialize
 .text.CapSense_BistDischargeExtCapacitors
                0x100893a8       0xc0 .\CortexM4\ARM_GCC_541\Debug\CapSense_Sensing.o
                0x100893a8                CapSense_BistDischargeExtCapacitors
 .text.CapSense_SsCSDPostScan
                0x10089468       0x54 .\CortexM4\ARM_GCC_541\Debug\CapSense_INT.o
 .text.CapSense_SsCSDInitNextScan
                0x100894bc       0xa0 .\CortexM4\ARM_GCC_541\Debug\CapSense_INT.o
 .text.CapSense_CSDPostSingleScan
                0x1008955c       0x2c .\CortexM4\ARM_GCC_541\Debug\CapSense_INT.o
                0x1008955c                CapSense_CSDPostSingleScan
 .text.CapSense_CSDPostMultiScan
                0x10089588       0x44 .\CortexM4\ARM_GCC_541\Debug\CapSense_INT.o
                0x10089588                CapSense_CSDPostMultiScan
 .text.CapSense_SsCSDSetModeSnsClockDivider
                0x100895cc       0x10 .\CortexM4\ARM_GCC_541\Debug\CapSense_SensingCSD_LL.o
 .text.CapSense_SsCSDSetFilterDelay
                0x100895dc       0x50 .\CortexM4\ARM_GCC_541\Debug\CapSense_SensingCSD_LL.o
 .text.CapSense_SsCSDConfigIDACs
                0x1008962c       0x1c .\CortexM4\ARM_GCC_541\Debug\CapSense_SensingCSD_LL.o
 .text.CapSense_SsCSDSetSingleIdacMode
                0x10089648       0x28 .\CortexM4\ARM_GCC_541\Debug\CapSense_SensingCSD_LL.o
 .text.CapSense_SsCSDRestoreIdacMode
                0x10089670       0x2c .\CortexM4\ARM_GCC_541\Debug\CapSense_SensingCSD_LL.o
 .text.CapSense_SsCSDCalibrateCheck
                0x1008969c       0x4c .\CortexM4\ARM_GCC_541\Debug\CapSense_SensingCSD_LL.o
 .text.CapSense_SsCSDCmodPrecharge
                0x100896e8       0x6c .\CortexM4\ARM_GCC_541\Debug\CapSense_SensingCSD_LL.o
 .text.CapSense_SsCSDTriggerScan
                0x10089754       0x98 .\CortexM4\ARM_GCC_541\Debug\CapSense_SensingCSD_LL.o
 .text.CapSense_SsCSDInitialize
                0x100897ec      0x144 .\CortexM4\ARM_GCC_541\Debug\CapSense_SensingCSD_LL.o
                0x100897ec                CapSense_SsCSDInitialize
 .text.CapSense_SsCSDSetUpIdacs
                0x10089930       0x50 .\CortexM4\ARM_GCC_541\Debug\CapSense_SensingCSD_LL.o
                0x10089930                CapSense_SsCSDSetUpIdacs
 .text.CapSense_SsCSDGetNumberOfConversions
                0x10089980       0x30 .\CortexM4\ARM_GCC_541\Debug\CapSense_SensingCSD_LL.o
                0x10089980                CapSense_SsCSDGetNumberOfConversions
 .text.CapSense_SsCSDConfigClock
                0x100899b0       0x3c .\CortexM4\ARM_GCC_541\Debug\CapSense_SensingCSD_LL.o
                0x100899b0                CapSense_SsCSDConfigClock
 .text.CapSense_SsCSDCalculateScanDuration
                0x100899ec       0x18 .\CortexM4\ARM_GCC_541\Debug\CapSense_SensingCSD_LL.o
                0x100899ec                CapSense_SsCSDCalculateScanDuration
 .text.CapSense_SsCSDStartSample
                0x10089a04       0x44 .\CortexM4\ARM_GCC_541\Debug\CapSense_SensingCSD_LL.o
                0x10089a04                CapSense_SsCSDStartSample
 .text.CapSense_CSDScanExt
                0x10089a48       0x18 .\CortexM4\ARM_GCC_541\Debug\CapSense_SensingCSD_LL.o
                0x10089a48                CapSense_CSDScanExt
 .text.CapSense_CSDConnectSns
                0x10089a60       0xa0 .\CortexM4\ARM_GCC_541\Debug\CapSense_SensingCSD_LL.o
                0x10089a60                CapSense_CSDConnectSns
 .text.CapSense_CSDScan
                0x10089b00       0x6c .\CortexM4\ARM_GCC_541\Debug\CapSense_SensingCSD_LL.o
                0x10089b00                CapSense_CSDScan
 .text.CapSense_SsCSDConnectSensorExt
                0x10089b6c       0x24 .\CortexM4\ARM_GCC_541\Debug\CapSense_SensingCSD_LL.o
                0x10089b6c                CapSense_SsCSDConnectSensorExt
 .text.CapSense_CSDDisconnectSns
                0x10089b90       0xac .\CortexM4\ARM_GCC_541\Debug\CapSense_SensingCSD_LL.o
                0x10089b90                CapSense_CSDDisconnectSns
 .text.CapSense_SsCSDElectrodeCheck
                0x10089c3c       0x24 .\CortexM4\ARM_GCC_541\Debug\CapSense_SensingCSD_LL.o
                0x10089c3c                CapSense_SsCSDElectrodeCheck
 .text.CapSense_CSDSetupWidget
                0x10089c60       0x58 .\CortexM4\ARM_GCC_541\Debug\CapSense_SensingCSD_LL.o
                0x10089c60                CapSense_CSDSetupWidget
 .text.CapSense_CSDSetupWidgetExt
                0x10089cb8       0x64 .\CortexM4\ARM_GCC_541\Debug\CapSense_SensingCSD_LL.o
                0x10089cb8                CapSense_CSDSetupWidgetExt
 .text.CapSense_SsCSDCalibrateOneSensor
                0x10089d1c       0xe4 .\CortexM4\ARM_GCC_541\Debug\CapSense_SensingCSD_LL.o
 .text.CapSense_CSDCalibrateWidget
                0x10089e00      0x114 .\CortexM4\ARM_GCC_541\Debug\CapSense_SensingCSD_LL.o
                0x10089e00                CapSense_CSDCalibrateWidget
 .text.CapSense_SsCalcCsxScanPeriod
                0x10089f14       0x10 .\CortexM4\ARM_GCC_541\Debug\CapSense_SensingCSX_LL.o
 .text.CapSense_CSXScanISR
                0x10089f24       0xd0 .\CortexM4\ARM_GCC_541\Debug\CapSense_SensingCSX_LL.o
                0x10089f24                CapSense_CSXScanISR
 .text.CapSense_SsCSXStartSample
                0x10089ff4      0x14c .\CortexM4\ARM_GCC_541\Debug\CapSense_SensingCSX_LL.o
 .text.CapSense_CSXInitialize
                0x1008a140      0x160 .\CortexM4\ARM_GCC_541\Debug\CapSense_SensingCSX_LL.o
                0x1008a140                CapSense_CSXInitialize
 .text.CapSense_CSXCalibrateWidget
                0x1008a2a0       0xcc .\CortexM4\ARM_GCC_541\Debug\CapSense_SensingCSX_LL.o
                0x1008a2a0                CapSense_CSXCalibrateWidget
 .text.CapSense_CSXConnectTx
                0x1008a36c       0xa0 .\CortexM4\ARM_GCC_541\Debug\CapSense_SensingCSX_LL.o
                0x1008a36c                CapSense_CSXConnectTx
 .text.CapSense_CSXConnectRx
                0x1008a40c       0x9c .\CortexM4\ARM_GCC_541\Debug\CapSense_SensingCSX_LL.o
                0x1008a40c                CapSense_CSXConnectRx
 .text.CapSense_CSXScan
                0x1008a4a8       0x60 .\CortexM4\ARM_GCC_541\Debug\CapSense_SensingCSX_LL.o
                0x1008a4a8                CapSense_CSXScan
 .text.CapSense_CSXDisconnectTx
                0x1008a508       0x64 .\CortexM4\ARM_GCC_541\Debug\CapSense_SensingCSX_LL.o
                0x1008a508                CapSense_CSXDisconnectTx
 .text.CapSense_CSXDisconnectRx
                0x1008a56c       0xac .\CortexM4\ARM_GCC_541\Debug\CapSense_SensingCSX_LL.o
                0x1008a56c                CapSense_CSXDisconnectRx
 .text.CapSense_SsCSXPostMultiScan
                0x1008a618       0xd0 .\CortexM4\ARM_GCC_541\Debug\CapSense_SensingCSX_LL.o
 .text.CapSense_CSXElectrodeCheck
                0x1008a6e8       0x24 .\CortexM4\ARM_GCC_541\Debug\CapSense_SensingCSX_LL.o
                0x1008a6e8                CapSense_CSXElectrodeCheck
 .text.CapSense_CSXSetupWidget
                0x1008a70c       0x8c .\CortexM4\ARM_GCC_541\Debug\CapSense_SensingCSX_LL.o
                0x1008a70c                CapSense_CSXSetupWidget
 .text.CapSense_SsCSXGetTxClkDivider
                0x1008a798       0x14 .\CortexM4\ARM_GCC_541\Debug\CapSense_SensingCSX_LL.o
                0x1008a798                CapSense_SsCSXGetTxClkDivider
 .text.CapSense_DpFindLocalMaxSd
                0x1008a7ac       0xd8 .\CortexM4\ARM_GCC_541\Debug\CapSense_Centroid_LL.o
                0x1008a7ac                CapSense_DpFindLocalMaxSd
 .text.CapSense_DpCalcLinearCentroid
                0x1008a884       0x84 .\CortexM4\ARM_GCC_541\Debug\CapSense_Centroid_LL.o
                0x1008a884                CapSense_DpCalcLinearCentroid
 .text.SmartSense_TunePrescalers
                0x1008a908       0x4c C:\Program Files (x86)\Cypress\PSoC Creator\4.4\PSoC Creator\psoc\content\CyComponentLibrary\CyComponentLibrary.cylib\CapSense_v3_0\Library\CapSense_Library_GCC_M4.a(CapSense_SmartSense_LL.o)
                0x1008a908                SmartSense_TunePrescalers
 .text.SmartSense_TuneSensitivity
                0x1008a954       0x64 C:\Program Files (x86)\Cypress\PSoC Creator\4.4\PSoC Creator\psoc\content\CyComponentLibrary\CyComponentLibrary.cylib\CapSense_v3_0\Library\CapSense_Library_GCC_M4.a(CapSense_SmartSense_LL.o)
                0x1008a954                SmartSense_TuneSensitivity
 .text.SmartSense_UpdateThresholds
                0x1008a9b8       0x38 C:\Program Files (x86)\Cypress\PSoC Creator\4.4\PSoC Creator\psoc\content\CyComponentLibrary\CyComponentLibrary.cylib\CapSense_v3_0\Library\CapSense_Library_GCC_M4.a(CapSense_SmartSense_SL.o)
                0x1008a9b8                SmartSense_UpdateThresholds
 .text.SmartSense_InitializeNoiseEnvelope
                0x1008a9f0       0x18 C:\Program Files (x86)\Cypress\PSoC Creator\4.4\PSoC Creator\psoc\content\CyComponentLibrary\CyComponentLibrary.cylib\CapSense_v3_0\Library\CapSense_Library_GCC_M4.a(CapSense_SmartSense_SL.o)
                0x1008a9f0                SmartSense_InitializeNoiseEnvelope
 .text.SmartSense_RunNoiseEnvelope
                0x1008aa08       0x8a C:\Program Files (x86)\Cypress\PSoC Creator\4.4\PSoC Creator\psoc\content\CyComponentLibrary\CyComponentLibrary.cylib\CapSense_v3_0\Library\CapSense_Library_GCC_M4.a(CapSense_SmartSense_SL.o)
                0x1008aa08                SmartSense_RunNoiseEnvelope
 *fill*         0x1008aa92        0x2 
 .text.round    0x1008aa94       0x9c c:/program files (x86)/cypress/psoc creator/4.4/psoc creator/import/gnu/arm/5.4.1/bin/../lib/gcc/arm-none-eabi/5.4.1/../../../../arm-none-eabi/lib/armv7e-m/softfp\libm.a(lib_a-s_round.o)
                0x1008aa94                round
 .text.pow      0x1008ab30      0x308 c:/program files (x86)/cypress/psoc creator/4.4/psoc creator/import/gnu/arm/5.4.1/bin/../lib/gcc/arm-none-eabi/5.4.1/../../../../arm-none-eabi/lib/armv7e-m/softfp\libm.a(lib_a-w_pow.o)
                0x1008ab30                pow
 .text.sqrt     0x1008ae38       0xb8 c:/program files (x86)/cypress/psoc creator/4.4/psoc creator/import/gnu/arm/5.4.1/bin/../lib/gcc/arm-none-eabi/5.4.1/../../../../arm-none-eabi/lib/armv7e-m/softfp\libm.a(lib_a-w_sqrt.o)
                0x1008ae38                sqrt
 .text.__ieee754_pow
                0x1008aef0      0xab0 c:/program files (x86)/cypress/psoc creator/4.4/psoc creator/import/gnu/arm/5.4.1/bin/../lib/gcc/arm-none-eabi/5.4.1/../../../../arm-none-eabi/lib/armv7e-m/softfp\libm.a(lib_a-e_pow.o)
                0x1008aef0                __ieee754_pow
 .text.__ieee754_sqrt
                0x1008b9a0      0x184 c:/program files (x86)/cypress/psoc creator/4.4/psoc creator/import/gnu/arm/5.4.1/bin/../lib/gcc/arm-none-eabi/5.4.1/../../../../arm-none-eabi/lib/armv7e-m/softfp\libm.a(lib_a-e_sqrt.o)
                0x1008b9a0                __ieee754_sqrt
 .text.fabs     0x1008bb24        0x8 c:/program files (x86)/cypress/psoc creator/4.4/psoc creator/import/gnu/arm/5.4.1/bin/../lib/gcc/arm-none-eabi/5.4.1/../../../../arm-none-eabi/lib/armv7e-m/softfp\libm.a(lib_a-s_fabs.o)
                0x1008bb24                fabs
 .text.finite   0x1008bb2c        0xc c:/program files (x86)/cypress/psoc creator/4.4/psoc creator/import/gnu/arm/5.4.1/bin/../lib/gcc/arm-none-eabi/5.4.1/../../../../arm-none-eabi/lib/armv7e-m/softfp\libm.a(lib_a-s_finite.o)
                0x1008bb2c                finite
 .text.matherr  0x1008bb38        0x4 c:/program files (x86)/cypress/psoc creator/4.4/psoc creator/import/gnu/arm/5.4.1/bin/../lib/gcc/arm-none-eabi/5.4.1/../../../../arm-none-eabi/lib/armv7e-m/softfp\libm.a(lib_a-s_matherr.o)
                0x1008bb38                matherr
 .text.nan      0x1008bb3c        0xc c:/program files (x86)/cypress/psoc creator/4.4/psoc creator/import/gnu/arm/5.4.1/bin/../lib/gcc/arm-none-eabi/5.4.1/../../../../arm-none-eabi/lib/armv7e-m/softfp\libm.a(lib_a-s_nan.o)
                0x1008bb3c                nan
 .text.rint     0x1008bb48      0x118 c:/program files (x86)/cypress/psoc creator/4.4/psoc creator/import/gnu/arm/5.4.1/bin/../lib/gcc/arm-none-eabi/5.4.1/../../../../arm-none-eabi/lib/armv7e-m/softfp\libm.a(lib_a-s_rint.o)
                0x1008bb48                rint
 .text.scalbn   0x1008bc60       0xfc c:/program files (x86)/cypress/psoc creator/4.4/psoc creator/import/gnu/arm/5.4.1/bin/../lib/gcc/arm-none-eabi/5.4.1/../../../../arm-none-eabi/lib/armv7e-m/softfp\libm.a(lib_a-s_scalbn.o)
                0x1008bc60                scalbn
 .text.copysign
                0x1008bd5c       0x10 c:/program files (x86)/cypress/psoc creator/4.4/psoc creator/import/gnu/arm/5.4.1/bin/../lib/gcc/arm-none-eabi/5.4.1/../../../../arm-none-eabi/lib/armv7e-m/softfp\libm.a(lib_a-s_copysign.o)
                0x1008bd5c                copysign
 .text.arm_min_f32
                0x1008bd6c      0x130 .\CMSIS\Lib\GCC\libarm_cortexM4l_math.a(arm_min_f32.o)
                0x1008bd6c                arm_min_f32
 .text.arm_mean_f32
                0x1008be9c       0x78 .\CMSIS\Lib\GCC\libarm_cortexM4l_math.a(arm_mean_f32.o)
                0x1008be9c                arm_mean_f32
 .text.arm_max_f32
                0x1008bf14      0x130 .\CMSIS\Lib\GCC\libarm_cortexM4l_math.a(arm_max_f32.o)
                0x1008bf14                arm_max_f32
 .text.arm_fir_init_f32
                0x1008c044       0x24 .\CMSIS\Lib\GCC\libarm_cortexM4l_math.a(arm_fir_init_f32.o)
                0x1008c044                arm_fir_init_f32
 .text.arm_fir_f32
                0x1008c068      0x81c .\CMSIS\Lib\GCC\libarm_cortexM4l_math.a(arm_fir_f32.o)
                0x1008c068                arm_fir_f32
 .text.GUI_DrawRect
                0x1008c884       0x84 Generated_Source\PSoC6\pdl\middleware\emWin\libs\GCC\libemWin_osnts_gcc.a(GUI_2DLib.o)
                0x1008c884                GUI_DrawRect
 .text._PushFreeBlock
                0x1008c908       0x20 Generated_Source\PSoC6\pdl\middleware\emWin\libs\GCC\libemWin_osnts_gcc.a(GUI_Alloc.o)
 .text._RemoveFreeBlock
                0x1008c928       0x44 Generated_Source\PSoC6\pdl\middleware\emWin\libs\GCC\libemWin_osnts_gcc.a(GUI_Alloc.o)
 .text._AddFreeMemory
                0x1008c96c       0xa8 Generated_Source\PSoC6\pdl\middleware\emWin\libs\GCC\libemWin_osnts_gcc.a(GUI_Alloc.o)
 .text._RemoveHoles
                0x1008ca14       0x94 Generated_Source\PSoC6\pdl\middleware\emWin\libs\GCC\libemWin_osnts_gcc.a(GUI_Alloc.o)
 .text.GUI_ALLOC_FreeFixedBlock
                0x1008caa8       0x18 Generated_Source\PSoC6\pdl\middleware\emWin\libs\GCC\libemWin_osnts_gcc.a(GUI_Alloc.o)
                0x1008caa8                GUI_ALLOC_FreeFixedBlock
 .text.GUI_ALLOC_h2p
                0x1008cac0       0x14 Generated_Source\PSoC6\pdl\middleware\emWin\libs\GCC\libemWin_osnts_gcc.a(GUI_Alloc.o)
                0x1008cac0                GUI_ALLOC_h2p
 .text.GUI_ALLOC_LockH
                0x1008cad4       0x20 Generated_Source\PSoC6\pdl\middleware\emWin\libs\GCC\libemWin_osnts_gcc.a(GUI_Alloc.o)
                0x1008cad4                GUI_ALLOC_LockH
 .text.GUI_ALLOC_UnlockH
                0x1008caf4       0x30 Generated_Source\PSoC6\pdl\middleware\emWin\libs\GCC\libemWin_osnts_gcc.a(GUI_Alloc.o)
                0x1008caf4                GUI_ALLOC_UnlockH
 .text.GUI_ALLOC_AssignMemory
                0x1008cb24       0x10 Generated_Source\PSoC6\pdl\middleware\emWin\libs\GCC\libemWin_osnts_gcc.a(GUI_Alloc.o)
                0x1008cb24                GUI_ALLOC_AssignMemory
 .text.GUI_ALLOC_Free
                0x1008cb34       0x2c Generated_Source\PSoC6\pdl\middleware\emWin\libs\GCC\libemWin_osnts_gcc.a(GUI_Alloc.o)
                0x1008cb34                GUI_ALLOC_Free
 .text._EnlargeBlocks
                0x1008cb60       0x98 Generated_Source\PSoC6\pdl\middleware\emWin\libs\GCC\libemWin_osnts_gcc.a(GUI_Alloc.o)
 .text._InitOnce
                0x1008cbf8       0x6c Generated_Source\PSoC6\pdl\middleware\emWin\libs\GCC\libemWin_osnts_gcc.a(GUI_Alloc.o)
 .text.GUI_ALLOC_GetFixedBlock
                0x1008cc64       0xb8 Generated_Source\PSoC6\pdl\middleware\emWin\libs\GCC\libemWin_osnts_gcc.a(GUI_Alloc.o)
                0x1008cc64                GUI_ALLOC_GetFixedBlock
 .text._Alloc   0x1008cd1c      0x100 Generated_Source\PSoC6\pdl\middleware\emWin\libs\GCC\libemWin_osnts_gcc.a(GUI_Alloc.o)
 .text.GUI_ALLOC_AllocNoInit
                0x1008ce1c       0x1e Generated_Source\PSoC6\pdl\middleware\emWin\libs\GCC\libemWin_osnts_gcc.a(GUI_Alloc.o)
                0x1008ce1c                GUI_ALLOC_AllocNoInit
 *fill*         0x1008ce3a        0x2 
 .text.GUI_ALLOC_AllocZero
                0x1008ce3c       0x34 Generated_Source\PSoC6\pdl\middleware\emWin\libs\GCC\libemWin_osnts_gcc.a(GUI_Alloc.o)
                0x1008ce3c                GUI_ALLOC_AllocZero
 .text.GUIMONO_DispChar
                0x1008ce70      0x14c Generated_Source\PSoC6\pdl\middleware\emWin\libs\GCC\libemWin_osnts_gcc.a(GUI_CharM.o)
                0x1008ce70                GUIMONO_DispChar
 .text.GUIMONO_GetCharDistX
                0x1008cfbc       0x18 Generated_Source\PSoC6\pdl\middleware\emWin\libs\GCC\libemWin_osnts_gcc.a(GUI_CharM.o)
                0x1008cfbc                GUIMONO_GetCharDistX
 .text.GUIMONO_GetFontInfo
                0x1008cfd4        0x6 Generated_Source\PSoC6\pdl\middleware\emWin\libs\GCC\libemWin_osnts_gcc.a(GUI_CharM.o)
                0x1008cfd4                GUIMONO_GetFontInfo
 .text.GUIMONO_IsInFont
                0x1008cfda       0x36 Generated_Source\PSoC6\pdl\middleware\emWin\libs\GCC\libemWin_osnts_gcc.a(GUI_CharM.o)
                0x1008cfda                GUIMONO_IsInFont
 .text.GUIPROP__FindChar
                0x1008d010       0x16 Generated_Source\PSoC6\pdl\middleware\emWin\libs\GCC\libemWin_osnts_gcc.a(GUI_CharP.o)
                0x1008d010                GUIPROP__FindChar
 *fill*         0x1008d026        0x2 
 .text.GUIPROP_DispChar
                0x1008d028       0xd4 Generated_Source\PSoC6\pdl\middleware\emWin\libs\GCC\libemWin_osnts_gcc.a(GUI_CharP.o)
                0x1008d028                GUIPROP_DispChar
 .text.GUIPROP_GetCharDistX
                0x1008d0fc       0x38 Generated_Source\PSoC6\pdl\middleware\emWin\libs\GCC\libemWin_osnts_gcc.a(GUI_CharP.o)
                0x1008d0fc                GUIPROP_GetCharDistX
 .text.GUIPROP_GetFontInfo
                0x1008d134        0x6 Generated_Source\PSoC6\pdl\middleware\emWin\libs\GCC\libemWin_osnts_gcc.a(GUI_CharP.o)
                0x1008d134                GUIPROP_GetFontInfo
 .text.GUIPROP_IsInFont
                0x1008d13a       0x10 Generated_Source\PSoC6\pdl\middleware\emWin\libs\GCC\libemWin_osnts_gcc.a(GUI_CharP.o)
                0x1008d13a                GUIPROP_IsInFont
 .text.GUI_CalcColorDist
                0x1008d14a       0x54 Generated_Source\PSoC6\pdl\middleware\emWin\libs\GCC\libemWin_osnts_gcc.a(GUI_Common.o)
                0x1008d14a                GUI_CalcColorDist
 .text.GUI_GetBkColor
                0x1008d19e       0x18 Generated_Source\PSoC6\pdl\middleware\emWin\libs\GCC\libemWin_osnts_gcc.a(GUI_Common.o)
                0x1008d19e                GUI_GetBkColor
 .text.GUI_GetColor
                0x1008d1b6       0x18 Generated_Source\PSoC6\pdl\middleware\emWin\libs\GCC\libemWin_osnts_gcc.a(GUI_Common.o)
                0x1008d1b6                GUI_GetColor
 .text.GUI_MergeRect
                0x1008d1ce       0x62 Generated_Source\PSoC6\pdl\middleware\emWin\libs\GCC\libemWin_osnts_gcc.a(GUI_Common.o)
                0x1008d1ce                GUI_MergeRect
 .text.GUI_MoveRect
                0x1008d230       0x22 Generated_Source\PSoC6\pdl\middleware\emWin\libs\GCC\libemWin_osnts_gcc.a(GUI_Common.o)
                0x1008d230                GUI_MoveRect
 *fill*         0x1008d252        0x2 
 .text.GUI_GotoXY
                0x1008d254       0x20 Generated_Source\PSoC6\pdl\middleware\emWin\libs\GCC\libemWin_osnts_gcc.a(GUI_Common.o)
                0x1008d254                GUI_GotoXY
 .text.GUI_SetPenSize
                0x1008d274       0x1c Generated_Source\PSoC6\pdl\middleware\emWin\libs\GCC\libemWin_osnts_gcc.a(GUI_Common.o)
                0x1008d274                GUI_SetPenSize
 .text.GUI_RectsIntersect
                0x1008d290       0x3c Generated_Source\PSoC6\pdl\middleware\emWin\libs\GCC\libemWin_osnts_gcc.a(GUI_Common.o)
                0x1008d290                GUI_RectsIntersect
 .text.GUI_SelectLCD
                0x1008d2cc       0x18 Generated_Source\PSoC6\pdl\middleware\emWin\libs\GCC\libemWin_osnts_gcc.a(GUI_Common.o)
                0x1008d2cc                GUI_SelectLCD
 .text.GUI_SetBkColor
                0x1008d2e4       0x14 Generated_Source\PSoC6\pdl\middleware\emWin\libs\GCC\libemWin_osnts_gcc.a(GUI_Common.o)
                0x1008d2e4                GUI_SetBkColor
 .text.GUI_SetColor
                0x1008d2f8       0x14 Generated_Source\PSoC6\pdl\middleware\emWin\libs\GCC\libemWin_osnts_gcc.a(GUI_Common.o)
                0x1008d2f8                GUI_SetColor
 .text.GUI_SetFont
                0x1008d30c       0x20 Generated_Source\PSoC6\pdl\middleware\emWin\libs\GCC\libemWin_osnts_gcc.a(GUI_Common.o)
                0x1008d30c                GUI_SetFont
 .text.GUI_SetOrg
                0x1008d32c       0x40 Generated_Source\PSoC6\pdl\middleware\emWin\libs\GCC\libemWin_osnts_gcc.a(GUI_Common.o)
                0x1008d32c                GUI_SetOrg
 .text._OnExit  0x1008d36c       0x44 Generated_Source\PSoC6\pdl\middleware\emWin\libs\GCC\libemWin_osnts_gcc.a(GUI_Core.o)
 .text.GUI_SetDefaultFont
                0x1008d3b0        0xc Generated_Source\PSoC6\pdl\middleware\emWin\libs\GCC\libemWin_osnts_gcc.a(GUI_Core.o)
                0x1008d3b0                GUI_SetDefaultFont
 .text.GUI_ClearRect
                0x1008d3bc       0x64 Generated_Source\PSoC6\pdl\middleware\emWin\libs\GCC\libemWin_osnts_gcc.a(GUI_Core.o)
                0x1008d3bc                GUI_ClearRect
 .text.GUI_Clear
                0x1008d420       0x20 Generated_Source\PSoC6\pdl\middleware\emWin\libs\GCC\libemWin_osnts_gcc.a(GUI_Core.o)
                0x1008d420                GUI_Clear
 .text.GUI__RegisterExit
                0x1008d440       0x10 Generated_Source\PSoC6\pdl\middleware\emWin\libs\GCC\libemWin_osnts_gcc.a(GUI_Core.o)
                0x1008d440                GUI__RegisterExit
 .text.GUI__Config
                0x1008d450       0x34 Generated_Source\PSoC6\pdl\middleware\emWin\libs\GCC\libemWin_osnts_gcc.a(GUI_Core.o)
                0x1008d450                GUI__Config
 .text.GUI_Init
                0x1008d484       0xfc Generated_Source\PSoC6\pdl\middleware\emWin\libs\GCC\libemWin_osnts_gcc.a(GUI_Core.o)
                0x1008d484                GUI_Init
 .text.GUI_DEVICE__GetpDriver
                0x1008d580       0x24 Generated_Source\PSoC6\pdl\middleware\emWin\libs\GCC\libemWin_osnts_gcc.a(GUI_Device.o)
                0x1008d580                GUI_DEVICE__GetpDriver
 .text.GUI_DEVICE_Delete
                0x1008d5a4        0x8 Generated_Source\PSoC6\pdl\middleware\emWin\libs\GCC\libemWin_osnts_gcc.a(GUI_Device.o)
                0x1008d5a4                GUI_DEVICE_Delete
 .text.GUI_DEVICE_Create
                0x1008d5ac       0x50 Generated_Source\PSoC6\pdl\middleware\emWin\libs\GCC\libemWin_osnts_gcc.a(GUI_Device.o)
                0x1008d5ac                GUI_DEVICE_Create
 .text.GUI_DEVICE_Unlink
                0x1008d5fc       0x38 Generated_Source\PSoC6\pdl\middleware\emWin\libs\GCC\libemWin_osnts_gcc.a(GUI_Device.o)
                0x1008d5fc                GUI_DEVICE_Unlink
 .text.GUI_DEVICE_Link
                0x1008d634       0x8c Generated_Source\PSoC6\pdl\middleware\emWin\libs\GCC\libemWin_osnts_gcc.a(GUI_Device.o)
                0x1008d634                GUI_DEVICE_Link
 .text.GUI_DEVICE_CreateAndLink
                0x1008d6c0       0x2c Generated_Source\PSoC6\pdl\middleware\emWin\libs\GCC\libemWin_osnts_gcc.a(GUI_Device.o)
                0x1008d6c0                GUI_DEVICE_CreateAndLink
 .text.GUI_DEVICE_UnlinkTaskDevices
                0x1008d6ec        0x4 Generated_Source\PSoC6\pdl\middleware\emWin\libs\GCC\libemWin_osnts_gcc.a(GUI_Device.o)
                0x1008d6ec                GUI_DEVICE_UnlinkTaskDevices
 .text.GUI_DEVICE_LinkDevices
                0x1008d6f0       0x12 Generated_Source\PSoC6\pdl\middleware\emWin\libs\GCC\libemWin_osnts_gcc.a(GUI_Device.o)
                0x1008d6f0                GUI_DEVICE_LinkDevices
 *fill*         0x1008d702        0x2 
 .text.GUI_DispString
                0x1008d704      0x118 Generated_Source\PSoC6\pdl\middleware\emWin\libs\GCC\libemWin_osnts_gcc.a(GUI_DispString.o)
                0x1008d704                GUI_DispString
 .text.GUI_DispStringAt
                0x1008d81c       0x24 Generated_Source\PSoC6\pdl\middleware\emWin\libs\GCC\libemWin_osnts_gcc.a(GUI_DispString.o)
                0x1008d81c                GUI_DispStringAt
 .text.GUI_DrawGraph
                0x1008d840       0xfc Generated_Source\PSoC6\pdl\middleware\emWin\libs\GCC\libemWin_osnts_gcc.a(GUI_DrawGraph.o)
                0x1008d840                GUI_DrawGraph
 .text._SetLineColor
                0x1008d93c       0x8c Generated_Source\PSoC6\pdl\middleware\emWin\libs\GCC\libemWin_osnts_gcc.a(GUI_DrawLine.o)
 .text.GUI_sin  0x1008d9c8       0x5c Generated_Source\PSoC6\pdl\middleware\emWin\libs\GCC\libemWin_osnts_gcc.a(GUI_DrawLine.o)
                0x1008d9c8                GUI_sin
 .text.GUI_cos  0x1008da24        0xe Generated_Source\PSoC6\pdl\middleware\emWin\libs\GCC\libemWin_osnts_gcc.a(GUI_DrawLine.o)
                0x1008da24                GUI_cos
 *fill*         0x1008da32        0x2 
 .text.GL_DrawLine1Ex
                0x1008da34      0x1a8 Generated_Source\PSoC6\pdl\middleware\emWin\libs\GCC\libemWin_osnts_gcc.a(GUI_DrawLine.o)
                0x1008da34                GL_DrawLine1Ex
 .text.GL_DrawLineEx
                0x1008dbdc      0x19c Generated_Source\PSoC6\pdl\middleware\emWin\libs\GCC\libemWin_osnts_gcc.a(GUI_DrawLine.o)
                0x1008dbdc                GL_DrawLineEx
 .text.GL_DrawLine
                0x1008dd78       0x10 Generated_Source\PSoC6\pdl\middleware\emWin\libs\GCC\libemWin_osnts_gcc.a(GUI_DrawLine.o)
                0x1008dd78                GL_DrawLine
 .text.GUI_DrawLine
                0x1008dd88       0x40 Generated_Source\PSoC6\pdl\middleware\emWin\libs\GCC\libemWin_osnts_gcc.a(GUI_DrawLine.o)
                0x1008dd88                GUI_DrawLine
 .text._Add     0x1008ddc8       0x4c Generated_Source\PSoC6\pdl\middleware\emWin\libs\GCC\libemWin_osnts_gcc.a(GUI_FillPolygon.o)
 .text.GL_FillPolygon
                0x1008de14      0x1d4 Generated_Source\PSoC6\pdl\middleware\emWin\libs\GCC\libemWin_osnts_gcc.a(GUI_FillPolygon.o)
                0x1008de14                GL_FillPolygon
 .text.GUI_StoreKey
                0x1008dfe8       0x18 Generated_Source\PSoC6\pdl\middleware\emWin\libs\GCC\libemWin_osnts_gcc.a(GUI_OnKey.o)
                0x1008dfe8                GUI_StoreKey
 .text._GetTaskNo
                0x1008e000       0x40 Generated_Source\PSoC6\pdl\middleware\emWin\libs\GCC\libemWin_osnts_gcc.a(GUI_Task.o)
 .text._OnExit  0x1008e040       0x14 Generated_Source\PSoC6\pdl\middleware\emWin\libs\GCC\libemWin_osnts_gcc.a(GUI_Task.o)